Component: ARM Compiler 5.06 update 6 (build 750) Tool: armlink [4d35ed]

==============================================================================

Section Cross References

    startup_stm32f103xb.o(RESET) refers to startup_stm32f103xb.o(STACK) for __initial_sp
    startup_stm32f103xb.o(RESET) refers to startup_stm32f103xb.o(.text) for Reset_Handler
    startup_stm32f103xb.o(RESET) refers to stm32f1xx_it.o(i.NMI_Handler) for NMI_Handler
    startup_stm32f103xb.o(RESET) refers to stm32f1xx_it.o(i.HardFault_Handler) for HardFault_Handler
    startup_stm32f103xb.o(RESET) refers to stm32f1xx_it.o(i.MemManage_Handler) for MemManage_Handler
    startup_stm32f103xb.o(RESET) refers to stm32f1xx_it.o(i.BusFault_Handler) for BusFault_Handler
    startup_stm32f103xb.o(RESET) refers to stm32f1xx_it.o(i.UsageFault_Handler) for UsageFault_Handler
    startup_stm32f103xb.o(RESET) refers to stm32f1xx_it.o(i.SVC_Handler) for SVC_Handler
    startup_stm32f103xb.o(RESET) refers to stm32f1xx_it.o(i.DebugMon_Handler) for DebugMon_Handler
    startup_stm32f103xb.o(RESET) refers to stm32f1xx_it.o(i.PendSV_Handler) for PendSV_Handler
    startup_stm32f103xb.o(RESET) refers to stm32f1xx_it.o(i.SysTick_Handler) for SysTick_Handler
    startup_stm32f103xb.o(.text) refers to system_stm32f1xx.o(i.SystemInit) for SystemInit
    startup_stm32f103xb.o(.text) refers to entry.o(.ARM.Collect$$$$00000000) for __main
    main.o(i.SystemClock_Config) refers to stm32f1xx_hal_rcc.o(i.HAL_RCC_OscConfig) for HAL_RCC_OscConfig
    main.o(i.SystemClock_Config) refers to stm32f1xx_hal_rcc.o(i.HAL_RCC_ClockConfig) for HAL_RCC_ClockConfig
    main.o(i.SystemClock_Config) refers to stm32f1xx_hal_rcc.o(i.HAL_RCC_GetHCLKFreq) for HAL_RCC_GetHCLKFreq
    main.o(i.SystemClock_Config) refers to stm32f1xx_hal_cortex.o(i.HAL_SYSTICK_Config) for HAL_SYSTICK_Config
    main.o(i.SystemClock_Config) refers to stm32f1xx_hal_cortex.o(i.HAL_SYSTICK_CLKSourceConfig) for HAL_SYSTICK_CLKSourceConfig
    main.o(i.SystemClock_Config) refers to stm32f1xx_hal_cortex.o(i.HAL_NVIC_SetPriority) for HAL_NVIC_SetPriority
    main.o(i.main) refers to stm32f1xx_hal.o(i.HAL_Init) for HAL_Init
    main.o(i.main) refers to main.o(i.SystemClock_Config) for SystemClock_Config
    main.o(i.main) refers to gpio.o(i.MX_GPIO_Init) for MX_GPIO_Init
    main.o(i.main) refers to spi.o(i.MX_SPI1_Init) for MX_SPI1_Init
    main.o(i.main) refers to usart.o(i.MX_USART2_UART_Init) for MX_USART2_UART_Init
    main.o(i.main) refers to fatfs.o(i.MX_FATFS_Init) for MX_FATFS_Init
    main.o(i.main) refers to epd_2in13d_test.o(i.EPD_2in13d_test) for EPD_2in13d_test
    gpio.o(i.MX_GPIO_Init) refers to stm32f1xx_hal_gpio.o(i.HAL_GPIO_WritePin) for HAL_GPIO_WritePin
    gpio.o(i.MX_GPIO_Init) refers to stm32f1xx_hal_gpio.o(i.HAL_GPIO_Init) for HAL_GPIO_Init
    user_diskio.o(i.USER_initialize) refers to sd_card_drive.o(i.BSP_SD_Init) for BSP_SD_Init
    user_diskio.o(i.USER_initialize) refers to user_diskio.o(.data) for .data
    user_diskio.o(i.USER_ioctl) refers to sd_card_drive.o(i.BSP_SD_GetCardInfo) for BSP_SD_GetCardInfo
    user_diskio.o(i.USER_ioctl) refers to user_diskio.o(.data) for .data
    user_diskio.o(i.USER_read) refers to sd_card_drive.o(i.BSP_SD_ReadBlocks) for BSP_SD_ReadBlocks
    user_diskio.o(i.USER_read) refers to sd_card_drive.o(i.BSP_SD_GetCardState) for BSP_SD_GetCardState
    user_diskio.o(i.USER_status) refers to sd_card_drive.o(i.BSP_SD_GetCardState) for BSP_SD_GetCardState
    user_diskio.o(i.USER_status) refers to user_diskio.o(.data) for .data
    user_diskio.o(i.USER_write) refers to sd_card_drive.o(i.BSP_SD_WriteBlocks) for BSP_SD_WriteBlocks
    user_diskio.o(i.USER_write) refers to sd_card_drive.o(i.BSP_SD_GetCardState) for BSP_SD_GetCardState
    user_diskio.o(.data) refers to user_diskio.o(i.USER_initialize) for USER_initialize
    user_diskio.o(.data) refers to user_diskio.o(i.USER_status) for USER_status
    user_diskio.o(.data) refers to user_diskio.o(i.USER_read) for USER_read
    user_diskio.o(.data) refers to user_diskio.o(i.USER_write) for USER_write
    user_diskio.o(.data) refers to user_diskio.o(i.USER_ioctl) for USER_ioctl
    fatfs.o(i.MX_FATFS_Init) refers to ff_gen_drv.o(i.FATFS_LinkDriver) for FATFS_LinkDriver
    fatfs.o(i.MX_FATFS_Init) refers to fatfs.o(.data) for .data
    fatfs.o(i.MX_FATFS_Init) refers to user_diskio.o(.data) for USER_Driver
    spi.o(i.HAL_SPI_MspDeInit) refers to stm32f1xx_hal_gpio.o(i.HAL_GPIO_DeInit) for HAL_GPIO_DeInit
    spi.o(i.HAL_SPI_MspInit) refers to stm32f1xx_hal_gpio.o(i.HAL_GPIO_Init) for HAL_GPIO_Init
    spi.o(i.MX_SPI1_Init) refers to stm32f1xx_hal_spi_ex.o(i.HAL_SPI_Init) for HAL_SPI_Init
    spi.o(i.MX_SPI1_Init) refers to main.o(i._Error_Handler) for _Error_Handler
    spi.o(i.MX_SPI1_Init) refers to spi.o(.bss) for .bss
    usart.o(i.HAL_UART_MspDeInit) refers to stm32f1xx_hal_gpio.o(i.HAL_GPIO_DeInit) for HAL_GPIO_DeInit
[...]
    ..\Drivers\STM32F1xx_HAL_Driver\Src\stm32f1xx_hal_gpio.c 0x00000000   Number         0  stm32f1xx_hal_gpio.o ABSOLUTE
    ..\Drivers\STM32F1xx_HAL_Driver\Src\stm32f1xx_hal_gpio_ex.c 0x00000000   Number         0  stm32f1xx_hal_gpio_ex.o ABSOLUTE
    ..\Drivers\STM32F1xx_HAL_Driver\Src\stm32f1xx_hal_pwr.c 0x00000000   Number         0  stm32f1xx_hal_pwr.o ABSOLUTE
    ..\Drivers\STM32F1xx_HAL_Driver\Src\stm32f1xx_hal_rcc.c 0x00000000   Number         0  stm32f1xx_hal_rcc.o ABSOLUTE
    ..\Drivers\STM32F1xx_HAL_Driver\Src\stm32f1xx_hal_rcc_ex.c 0x00000000   Number         0  stm32f1xx_hal_rcc_ex.o ABSOLUTE
    ..\Drivers\STM32F1xx_HAL_Driver\Src\stm32f1xx_hal_spi.c 0x00000000   Number         0  stm32f1xx_hal_spi.o ABSOLUTE
    ..\Drivers\STM32F1xx_HAL_Driver\Src\stm32f1xx_hal_spi_ex.c 0x00000000   Number         0  stm32f1xx_hal_spi_ex.o ABSOLUTE
    ..\Drivers\STM32F1xx_HAL_Driver\Src\stm32f1xx_hal_tim.c 0x00000000   Number         0  stm32f1xx_hal_tim.o ABSOLUTE
    ..\Drivers\STM32F1xx_HAL_Driver\Src\stm32f1xx_hal_tim_ex.c 0x00000000   Number         0  stm32f1xx_hal_tim_ex.o ABSOLUTE
    ..\Drivers\STM32F1xx_HAL_Driver\Src\stm32f1xx_hal_uart.c 0x00000000   Number         0  stm32f1xx_hal_uart.o ABSOLUTE
    ..\Middlewares\Third_Party\FatFs\src\diskio.c 0x00000000   Number         0  diskio.o ABSOLUTE
    ..\Middlewares\Third_Party\FatFs\src\ff.c 0x00000000   Number         0  ff.o ABSOLUTE
    ..\Middlewares\Third_Party\FatFs\src\ff_gen_drv.c 0x00000000   Number         0  ff_gen_drv.o ABSOLUTE
    ..\Middlewares\Third_Party\FatFs\src\option\syscall.c 0x00000000   Number         0  syscall.o ABSOLUTE
    ..\Src\fatfs.c                           0x00000000   Number         0  fatfs.o ABSOLUTE
    ..\Src\gpio.c                            0x00000000   Number         0  gpio.o ABSOLUTE
    ..\Src\main.c                            0x00000000   Number         0  main.o ABSOLUTE
    ..\Src\spi.c                             0x00000000   Number         0  spi.o ABSOLUTE
    ..\Src\stm32f1xx_hal_msp.c               0x00000000   Number         0  stm32f1xx_hal_msp.o ABSOLUTE
    ..\Src\stm32f1xx_it.c                    0x00000000   Number         0  stm32f1xx_it.o ABSOLUTE
    ..\Src\usart.c                           0x00000000   Number         0  usart.o ABSOLUTE
    ..\Src\user_diskio.c                     0x00000000   Number         0  user_diskio.o ABSOLUTE
    ..\User\Config\DEV_Config.c              0x00000000   Number         0  dev_config.o ABSOLUTE
    ..\User\Examples\EPD_1in54_V2_test.c     0x00000000   Number         0  epd_1in54_v2_test.o ABSOLUTE
    ..\User\Examples\EPD_1in54_test.c        0x00000000   Number         0  epd_1in54_test.o ABSOLUTE
    ..\User\Examples\EPD_1in54b_test.c       0x00000000   Number         0  epd_1in54b_test.o ABSOLUTE
    ..\User\Examples\EPD_1in54c_test.c       0x00000000   Number         0  epd_1in54c_test.o ABSOLUTE
    ..\User\Examples\EPD_2in13_V2_test.c     0x00000000   Number         0  epd_2in13_v2_test.o ABSOLUTE
    ..\User\Examples\EPD_2in13_test.c        0x00000000   Number         0  epd_2in13_test.o ABSOLUTE
    ..\User\Examples\EPD_2in13bc_test.c      0x00000000   Number         0  epd_2in13bc_test.o ABSOLUTE
    ..\User\Examples\EPD_2in13d_test.c       0x00000000   Number         0  epd_2in13d_test.o ABSOLUTE
    ..\User\Examples\EPD_2in7_test.c         0x00000000   Number         0  epd_2in7_test.o ABSOLUTE
    ..\User\Examples\EPD_2in7b_test.c        0x00000000   Number         0  epd_2in7b_test.o ABSOLUTE
    ..\User\Examples\EPD_2in9_test.c         0x00000000   Number         0  epd_2in9_test.o ABSOLUTE
    ..\User\Examples\EPD_2in9bc_test.c       0x00000000   Number         0  epd_2in9bc_test.o ABSOLUTE
    ..\User\Examples\EPD_2in9d_test.c        0x00000000   Number         0  epd_2in9d_test.o ABSOLUTE
    ..\User\Examples\EPD_4in2_test.c         0x00000000   Number         0  epd_4in2_test.o ABSOLUTE
    ..\User\Examples\EPD_4in2bc_test.c       0x00000000   Number         0  epd_4in2bc_test.o ABSOLUTE
    ..\User\Examples\EPD_5in83_test.c        0x00000000   Number         0  epd_5in83_test.o ABSOLUTE
    ..\User\Examples\EPD_5in83bc_test.c      0x00000000   Number         0  epd_5in83bc_test.o ABSOLUTE
    ..\User\Examples\EPD_7in5_test.c         0x00000000   Number         0  epd_7in5_test.o ABSOLUTE
    ..\User\Examples\EPD_7in5bc_test.c       0x00000000   Number         0  epd_7in5bc_test.o ABSOLUTE
    ..\User\Examples\ImageData.c             0x00000000   Number         0  imagedata.o ABSOLUTE
    ..\User\Fonts\font12.c                   0x00000000   Number         0  font12.o ABSOLUTE
    ..\User\Fonts\font12CN.c                 0x00000000   Number         0  font12cn.o ABSOLUTE
    ..\User\Fonts\font16.c                   0x00000000   Number         0  font16.o ABSOLUTE
    ..\User\Fonts\font20.c                   0x00000000   Number         0  font20.o ABSOLUTE
    ..\User\Fonts\font24.c                   0x00000000   Number         0  font24.o ABSOLUTE
    ..\User\Fonts\font24CN.c                 0x00000000   Number         0  font24cn.o ABSOLUTE
    ..\User\Fonts\font8.c                    0x00000000   Number         0  font8.o ABSOLUTE
    ..\User\GUI\GUI_Paint.c                  0x00000000   Number         0  gui_paint.o ABSOLUTE
    ..\User\SDcard\SD_Card_APP.c             0x00000000   Number         0  sd_card_app.o ABSOLUTE
    ..\User\SDcard\SD_Card_Drive.c           0x00000000   Number         0  sd_card_drive.o ABSOLUTE
    ..\User\SDcard\SD_Card_Interface.c       0x00000000   Number         0  sd_card_interface.o ABSOLUTE
    ..\User\e-Paper\EPD_1in54.c              0x00000000   Number         0  epd_1in54.o ABSOLUTE
    ..\User\e-Paper\EPD_1in54_V2.c           0x00000000   Number         0  epd_1in54_v2.o ABSOLUTE
    ..\User\e-Paper\EPD_1in54b.c             0x00000000   Number         0  epd_1in54b.o ABSOLUTE
    ..\User\e-Paper\EPD_1in54c.c             0x00000000   Number         0  epd_1in54c.o ABSOLUTE
    ..\User\e-Paper\EPD_2in13.c              0x00000000   Number         0  epd_2in13.o ABSOLUTE
    ..\User\e-Paper\EPD_2in13_V2.c           0x00000000   Number         0  epd_2in13_v2_1.o ABSOLUTE
    ..\User\e-Paper\EPD_2in13bc.c            0x00000000   Number         0  epd_2in13bc.o ABSOLUTE
    ..\User\e-Paper\EPD_2in13d.c             0x00000000   Number         0  epd_2in13d.o ABSOLUTE
    ..\User\e-Paper\EPD_2in7.c               0x00000000   Number         0  epd_2in7.o ABSOLUTE
    ..\User\e-Paper\EPD_2in7b.c              0x00000000   Number         0  epd_2in7b.o ABSOLUTE
    ..\User\e-Paper\EPD_2in9.c               0x00000000   Number         0  epd_2in9.o ABSOLUTE
    ..\User\e-Paper\EPD_2in9bc.c             0x00000000   Number         0  epd_2in9bc.o ABSOLUTE
    ..\User\e-Paper\EPD_2in9d.c              0x00000000   Number         0  epd_2in9d.o ABSOLUTE
    ..\User\e-Paper\EPD_4in2.c               0x00000000   Number         0  epd_4in2.o ABSOLUTE
    ..\User\e-Paper\EPD_4in2bc.c             0x00000000   Number         0  epd_4in2bc.o ABSOLUTE
    ..\User\e-Paper\EPD_5in83.c              0x00000000   Number         0  epd_5in83.o ABSOLUTE
    ..\User\e-Paper\EPD_5in83bc.c            0x00000000   Number         0  epd_5in83bc.o ABSOLUTE
    ..\User\e-Paper\EPD_7in5.c               0x00000000   Number         0  epd_7in5.o ABSOLUTE
    ..\User\e-Paper\EPD_7in5bc.c             0x00000000   Number         0  epd_7in5bc.o ABSOLUTE
    ..\\Src\system_stm32f1xx.c               0x00000000   Number         0  system_stm32f1xx.o ABSOLUTE
    ..\\User\\Config\\DEV_Config.c           0x00000000   Number         0  dev_config.o ABSOLUTE
    ..\\User\\Examples\\EPD_1in54_V2_test.c  0x00000000   Number         0  epd_1in54_v2_test.o ABSOLUTE
    ..\\User\\Examples\\EPD_1in54_test.c     0x00000000   Number         0  epd_1in54_test.o ABSOLUTE
    ..\\User\\Examples\\EPD_1in54b_test.c    0x00000000   Number         0  epd_1in54b_test.o ABSOLUTE
    ..\\User\\Examples\\EPD_1in54c_test.c    0x00000000   Number         0  epd_1in54c_test.o ABSOLUTE
    ..\\User\\Examples\\EPD_2in13_V2_test.c  0x00000000   Number         0  epd_2in13_v2_test.o ABSOLUTE
    ..\\User\\Examples\\EPD_2in13_test.c     0x00000000   Number         0  epd_2in13_test.o ABSOLUTE
    ..\\User\\Examples\\EPD_2in13bc_test.c   0x00000000   Number         0  epd_2in13bc_test.o ABSOLUTE
    ..\\User\\Examples\\EPD_2in13d_test.c    0x00000000   Number         0  epd_2in13d_test.o ABSOLUTE
    ..\\User\\Examples\\EPD_2in7_test.c      0x00000000   Number         0  epd_2in7_test.o ABSOLUTE
    ..\\User\\Examples\\EPD_2in7b_test.c     0x00000000   Number         0  epd_2in7b_test.o ABSOLUTE
    ..\\User\\Examples\\EPD_2in9_test.c      0x00000000   Number         0  epd_2in9_test.o ABSOLUTE
    ..\\User\\Examples\\EPD_2in9bc_test.c    0x00000000   Number         0  epd_2in9bc_test.o ABSOLUTE
    ..\\User\\Examples\\EPD_2in9d_test.c     0x00000000   Number         0  epd_2in9d_test.o ABSOLUTE
    ..\\User\\Examples\\EPD_4in2_test.c      0x00000000   Number         0  epd_4in2_test.o ABSOLUTE
    ..\\User\\Examples\\EPD_4in2bc_test.c    0x00000000   Number         0  epd_4in2bc_test.o ABSOLUTE
    ..\\User\\Examples\\EPD_5in83_test.c     0x00000000   Number         0  epd_5in83_test.o ABSOLUTE
    ..\\User\\Examples\\EPD_5in83bc_test.c   0x00000000   Number         0  epd_5in83bc_test.o ABSOLUTE
    ..\\User\\Examples\\EPD_7in5_test.c      0x00000000   Number         0  epd_7in5_test.o ABSOLUTE
    ..\\User\\Examples\\EPD_7in5bc_test.c    0x00000000   Number         0  epd_7in5bc_test.o ABSOLUTE
    ..\\User\\GUI\\GUI_Paint.c               0x00000000   Number         0  gui_paint.o ABSOLUTE
    ..\\User\\SDcard\\SD_Card_APP.c          0x00000000   Number         0  sd_card_app.o ABSOLUTE
    ..\\User\\SDcard\\SD_Card_Drive.c        0x00000000   Number         0  sd_card_drive.o ABSOLUTE
    ..\\User\\SDcard\\SD_Card_Interface.c    0x00000000   Number         0  sd_card_interface.o ABSOLUTE
    ..\\User\\e-Paper\\EPD_1in54.c           0x00000000   Number         0  epd_1in54.o ABSOLUTE
    ..\\User\\e-Paper\\EPD_1in54_V2.c        0x00000000   Number         0  epd_1in54_v2.o ABSOLUTE
    ..\\User\\e-Paper\\EPD_1in54b.c          0x00000000   Number         0  epd_1in54b.o ABSOLUTE
    ..\\User\\e-Paper\\EPD_1in54c.c          0x00000000   Number         0  epd_1in54c.o ABSOLUTE
    ..\\User\\e-Paper\\EPD_2in13.c           0x00000000   Number         0  epd_2in13.o ABSOLUTE
    ..\\User\\e-Paper\\EPD_2in13_V2.c        0x00000000   Number         0  epd_2in13_v2_1.o ABSOLUTE
    ..\\User\\e-Paper\\EPD_2in13bc.c         0x00000000   Number         0  epd_2in13bc.o ABSOLUTE
    ..\\User\\e-Paper\\EPD_2in13d.c          0x00000000   Number         0  epd_2in13d.o ABSOLUTE
    ..\\User\\e-Paper\\EPD_2in7.c            0x00000000   Number         0  epd_2in7.o ABSOLUTE
    ..\\User\\e-Paper\\EPD_2in7b.c           0x00000000   Number         0  epd_2in7b.o ABSOLUTE
    ..\\User\\e-Paper\\EPD_2in9.c            0x00000000   Number         0  epd_2in9.o ABSOLUTE
    ..\\User\\e-Paper\\EPD_2in9bc.c          0x00000000   Number         0  epd_2in9bc.o ABSOLUTE
    ..\\User\\e-Paper\\EPD_2in9d.c           0x00000000   Number         0  epd_2in9d.o ABSOLUTE
    ..\\User\\e-Paper\\EPD_4in2.c            0x00000000   Number         0  epd_4in2.o ABSOLUTE
    ..\\User\\e-Paper\\EPD_4in2bc.c          0x00000000   Number         0  epd_4in2bc.o ABSOLUTE
    ..\\User\\e-Paper\\EPD_5in83.c           0x00000000   Number         0  epd_5in83.o ABSOLUTE
    ..\\User\\e-Paper\\EPD_5in83bc.c         0x00000000   Number         0  epd_5in83bc.o ABSOLUTE
    ..\\User\\e-Paper\\EPD_7in5.c            0x00000000   Number         0  epd_7in5.o ABSOLUTE
    ..\\User\\e-Paper\\EPD_7in5bc.c          0x00000000   Number         0  epd_7in5bc.o ABSOLUTE
    cdrcmple.s                               0x00000000   Number         0  cdrcmple.o ABSOLUTE
    dc.s                                     0x00000000   Number         0  dc.o ABSOLUTE
    handlers.s                               0x00000000   Number         0  handlers.o ABSOLUTE
    init.s                                   0x00000000   Number         0  init.o ABSOLUTE
    startup_stm32f103xb.s                    0x00000000   Number         0  startup_stm32f103xb.o ABSOLUTE
    RESET                                    0x08000000   Section      236  startup_stm32f103xb.o(RESET)
    .ARM.Collect$$$$00000000                 0x080000ec   Section        0  entry.o(.ARM.Collect$$$$00000000)
    .ARM.Collect$$$$00000001                 0x080000ec   Section        4  entry2.o(.ARM.Collect$$$$00000001)
    .ARM.Collect$$$$00000004                 0x080000f0   Section        4  entry5.o(.ARM.Collect$$$$00000004)
    .ARM.Collect$$$$00000008                 0x080000f4   Section        0  entry7b.o(.ARM.Collect$$$$00000008)
    .ARM.Collect$$$$0000000A                 0x080000f4   Section        0  entry8b.o(.ARM.Collect$$$$0000000A)
    .ARM.Collect$$$$0000000B                 0x080000f4   Section        8  entry9a.o(.ARM.Collect$$$$0000000B)
    .ARM.Collect$$$$0000000D                 0x080000fc   Section        0  entry10a.o(.ARM.Collect$$$$0000000D)
    .ARM.Collect$$$$0000000F                 0x080000fc   Section        0  entry11a.o(.ARM.Collect$$$$0000000F)
    .ARM.Collect$$$$00002712                 0x080000fc   Section        4  entry2.o(.ARM.Collect$$$$00002712)
    __lit__00000000                          0x080000fc   Data           4  entry2.o(.ARM.Collect$$$$00002712)
    .text                                    0x08000100   Section       36  startup_stm32f103xb.o(.text)
    .text                                    0x08000124   Section        0  memseta.o(.text)
    .text                                    0x08000148   Section        0  uidiv.o(.text)
    .text                                    0x08000174   Section       36  init.o(.text)
    i.BSP_SD_GetCardInfo                     0x08000198   Section        0  sd_card_drive.o(i.BSP_SD_GetCardInfo)
    i.BSP_SD_GetCardState                    0x080001f8   Section        0  sd_card_drive.o(i.BSP_SD_GetCardState)
    i.BSP_SD_Init                            0x0800022c   Section        0  sd_card_drive.o(i.BSP_SD_Init)
    i.BSP_SD_ReadBlocks                      0x08000258   Section        0  sd_card_drive.o(i.BSP_SD_ReadBlocks)
    i.BSP_SD_WriteBlocks                     0x08000320   Section        0  sd_card_drive.o(i.BSP_SD_WriteBlocks)
    i.BusFault_Handler                       0x08000418   Section        0  stm32f1xx_it.o(i.BusFault_Handler)
    i.DEV_Module_Exit                        0x0800041c   Section        0  dev_config.o(i.DEV_Module_Exit)
    i.DEV_Module_Init                        0x08000450   Section        0  dev_config.o(i.DEV_Module_Init)
    i.DEV_SPI_WriteByte                      0x0800047c   Section        0  dev_config.o(i.DEV_SPI_WriteByte)
    i.DebugMon_Handler                       0x08000494   Section        0  stm32f1xx_it.o(i.DebugMon_Handler)
    i.EPD_2IN13D_Clear                       0x08000496   Section        0  epd_2in13d.o(i.EPD_2IN13D_Clear)
    i.EPD_2IN13D_Display                     0x080004ec   Section        0  epd_2in13d.o(i.EPD_2IN13D_Display)
    i.EPD_2IN13D_DisplayPart                 0x0800054e   Section        0  epd_2in13d.o(i.EPD_2IN13D_DisplayPart)
    i.EPD_2IN13D_Init                        0x080005ec   Section        0  epd_2in13d.o(i.EPD_2IN13D_Init)
    i.EPD_2IN13D_ReadBusy                    0x080006b4   Section        0  epd_2in13d.o(i.EPD_2IN13D_ReadBusy)
    EPD_2IN13D_ReadBusy                      0x080006b5   Thumb Code    52  epd_2in13d.o(i.EPD_2IN13D_ReadBusy)
    i.EPD_2IN13D_SendCommand                 0x08000724   Section        0  epd_2in13d.o(i.EPD_2IN13D_SendCommand)
    EPD_2IN13D_SendCommand                   0x08000725   Thumb Code    46  epd_2in13d.o(i.EPD_2IN13D_SendCommand)
    i.EPD_2IN13D_SendData                    0x0800075c   Section        0  epd_2in13d.o(i.EPD_2IN13D_SendData)
    EPD_2IN13D_SendData                      0x0800075d   Thumb Code    46  epd_2in13d.o(i.EPD_2IN13D_SendData)
    i.EPD_2IN13D_SetFullReg                  0x08000794   Section        0  epd_2in13d.o(i.EPD_2IN13D_SetFullReg)
    EPD_2IN13D_SetFullReg                    0x08000795   Thumb Code   134  epd_2in13d.o(i.EPD_2IN13D_SetFullReg)
    i.EPD_2IN13D_SetPartReg                  0x08000820   Section        0  epd_2in13d.o(i.EPD_2IN13D_SetPartReg)
    EPD_2IN13D_SetPartReg                    0x08000821   Thumb Code   146  epd_2in13d.o(i.EPD_2IN13D_SetPartReg)
    i.EPD_2IN13D_Sleep                       0x080008b8   Section        0  epd_2in13d.o(i.EPD_2IN13D_Sleep)
    i.EPD_2IN13D_TurnOnDisplay               0x080008dc   Section        0  epd_2in13d.o(i.EPD_2IN13D_TurnOnDisplay)
    EPD_2IN13D_TurnOnDisplay                 0x080008dd   Thumb Code    22  epd_2in13d.o(i.EPD_2IN13D_TurnOnDisplay)
    i.EPD_2in13d_test                        0x080008f4   Section        0  epd_2in13d_test.o(i.EPD_2in13d_test)
    i.FATFS_LinkDriver                       0x08000ca8   Section        0  ff_gen_drv.o(i.FATFS_LinkDriver)
    i.FATFS_LinkDriverEx                     0x08000cb0   Section        0  ff_gen_drv.o(i.FATFS_LinkDriverEx)
    i.HAL_Delay                              0x08000cf0   Section        0  stm32f1xx_hal.o(i.HAL_Delay)
    i.HAL_GPIO_Init                          0x08000d14   Section        0  stm32f1xx_hal_gpio.o(i.HAL_GPIO_Init)
    i.HAL_GPIO_ReadPin                       0x08000ed0   Section        0  stm32f1xx_hal_gpio.o(i.HAL_GPIO_ReadPin)
    i.HAL_GPIO_WritePin                      0x08000eda   Section        0  stm32f1xx_hal_gpio.o(i.HAL_GPIO_WritePin)
    i.HAL_GetTick                            0x08000ee4   Section        0  stm32f1xx_hal.o(i.HAL_GetTick)
    i.HAL_IncTick                            0x08000ef0   Section        0  stm32f1xx_hal.o(i.HAL_IncTick)
    i.HAL_Init                               0x08000f00   Section        0  stm32f1xx_hal.o(i.HAL_Init)
    i.HAL_InitTick                           0x08000f24   Section        0  stm32f1xx_hal.o(i.HAL_InitTick)
    i.HAL_MspInit                            0x08000f64   Section        0  stm32f1xx_hal_msp.o(i.HAL_MspInit)
    i.HAL_NVIC_SetPriority                   0x08000ff4   Section        0  stm32f1xx_hal_cortex.o(i.HAL_NVIC_SetPriority)
    i.HAL_NVIC_SetPriorityGrouping           0x08001034   Section        0  stm32f1xx_hal_cortex.o(i.HAL_NVIC_SetPriorityGrouping)
    i.HAL_RCC_ClockConfig                    0x08001058   Section        0  stm32f1xx_hal_rcc.o(i.HAL_RCC_ClockConfig)
    i.HAL_RCC_GetHCLKFreq                    0x080011ac   Section        0  stm32f1xx_hal_rcc.o(i.HAL_RCC_GetHCLKFreq)
    i.HAL_RCC_GetPCLK1Freq                   0x080011b8   Section        0  stm32f1xx_hal_rcc.o(i.HAL_RCC_GetPCLK1Freq)
    i.HAL_RCC_GetPCLK2Freq                   0x080011d8   Section        0  stm32f1xx_hal_rcc.o(i.HAL_RCC_GetPCLK2Freq)
    i.HAL_RCC_GetSysClockFreq                0x080011f8   Section        0  stm32f1xx_hal_rcc.o(i.HAL_RCC_GetSysClockFreq)
    i.HAL_RCC_OscConfig                      0x08001264   Section        0  stm32f1xx_hal_rcc.o(i.HAL_RCC_OscConfig)
    i.HAL_SPI_Init                           0x08001568   Section        0  stm32f1xx_hal_spi_ex.o(i.HAL_SPI_Init)
    i.HAL_SPI_MspInit                        0x080015ec   Section        0  spi.o(i.HAL_SPI_MspInit)
    i.HAL_SPI_Transmit                       0x08001644   Section        0  stm32f1xx_hal_spi.o(i.HAL_SPI_Transmit)
    i.HAL_SPI_TransmitReceive                0x080017ac   Section        0  stm32f1xx_hal_spi.o(i.HAL_SPI_TransmitReceive)
    i.HAL_SYSTICK_CLKSourceConfig            0x08001984   Section        0  stm32f1xx_hal_cortex.o(i.HAL_SYSTICK_CLKSourceConfig)
    i.HAL_SYSTICK_Callback                   0x0800199c   Section        0  stm32f1xx_hal_cortex.o(i.HAL_SYSTICK_Callback)
    i.HAL_SYSTICK_Config                     0x0800199e   Section        0  stm32f1xx_hal_cortex.o(i.HAL_SYSTICK_Config)
    i.HAL_SYSTICK_IRQHandler                 0x080019c6   Section        0  stm32f1xx_hal_cortex.o(i.HAL_SYSTICK_IRQHandler)
    i.HAL_UART_Init                          0x080019ce   Section        0  stm32f1xx_hal_uart.o(i.HAL_UART_Init)
    i.HAL_UART_MspInit                       0x08001a30   Section        0  usart.o(i.HAL_UART_MspInit)
    i.HAL_UART_Transmit                      0x08001a88   Section        0  stm32f1xx_hal_uart.o(i.HAL_UART_Transmit)
    i.HardFault_Handler                      0x08001b42   Section        0  stm32f1xx_it.o(i.HardFault_Handler)
    i.MX_FATFS_Init                          0x08001b44   Section        0  fatfs.o(i.MX_FATFS_Init)
    i.MX_GPIO_Init                           0x08001b60   Section        0  gpio.o(i.MX_GPIO_Init)
    i.MX_SPI1_Init                           0x08001c38   Section        0  spi.o(i.MX_SPI1_Init)
    i.MX_USART2_UART_Init                    0x08001c94   Section        0  usart.o(i.MX_USART2_UART_Init)
    i.MemManage_Handler                      0x08001ce0   Section        0  stm32f1xx_it.o(i.MemManage_Handler)
    i.NMI_Handler                            0x08001ce2   Section        0  stm32f1xx_it.o(i.NMI_Handler)
    i.NVIC_SetPriority                       0x08001ce4   Section        0  stm32f1xx_hal_cortex.o(i.NVIC_SetPriority)
    NVIC_SetPriority                         0x08001ce5   Thumb Code    32  stm32f1xx_hal_cortex.o(i.NVIC_SetPriority)
    i.Paint_Clear                            0x08001d04   Section        0  gui_paint.o(i.Paint_Clear)
    i.Paint_ClearWindows                     0x08001d38   Section        0  gui_paint.o(i.Paint_ClearWindows)
    i.Paint_DrawChar                         0x08001d6c   Section        0  gui_paint.o(i.Paint_DrawChar)
    i.Paint_DrawCircle                       0x08001e60   Section        0  gui_paint.o(i.Paint_DrawCircle)
    i.Paint_DrawLine                         0x0800207c   Section        0  gui_paint.o(i.Paint_DrawLine)
    i.Paint_DrawNum                          0x08002188   Section        0  gui_paint.o(i.Paint_DrawNum)
    i.Paint_DrawPoint                        0x0800225c   Section        0  gui_paint.o(i.Paint_DrawPoint)
    i.Paint_DrawRectangle                    0x08002364   Section        0  gui_paint.o(i.Paint_DrawRectangle)
    i.Paint_DrawString_CN                    0x08002448   Section        0  gui_paint.o(i.Paint_DrawString_CN)
    i.Paint_DrawString_EN                    0x080025dc   Section        0  gui_paint.o(i.Paint_DrawString_EN)
    i.Paint_DrawTime                         0x08002658   Section        0  gui_paint.o(i.Paint_DrawTime)
    i.Paint_NewImage                         0x08002784   Section        0  gui_paint.o(i.Paint_NewImage)
    i.Paint_SelectImage                      0x080027bc   Section        0  gui_paint.o(i.Paint_SelectImage)
    i.Paint_SetPixel                         0x080027c8   Section        0  gui_paint.o(i.Paint_SetPixel)
    i.PendSV_Handler                         0x08002898   Section        0  stm32f1xx_it.o(i.PendSV_Handler)
    i.SDCard_Init                            0x0800289c   Section        0  sd_card_app.o(i.SDCard_Init)
    i.SDCard_ReadBMP                         0x08002a44   Section        0  sd_card_app.o(i.SDCard_ReadBMP)
    i.SD_GetCIDRegister                      0x08002bf4   Section        0  sd_card_drive.o(i.SD_GetCIDRegister)
    SD_GetCIDRegister                        0x08002bf5   Thumb Code   250  sd_card_drive.o(i.SD_GetCIDRegister)
    i.SD_GetCSDRegister                      0x08002cf0   Section        0  sd_card_drive.o(i.SD_GetCSDRegister)
    SD_GetCSDRegister                        0x08002cf1   Thumb Code   494  sd_card_drive.o(i.SD_GetCSDRegister)
    i.SD_GoIdleState                         0x08002ee4   Section        0  sd_card_drive.o(i.SD_GoIdleState)
    SD_GoIdleState                           0x08002ee5   Thumb Code   366  sd_card_drive.o(i.SD_GoIdleState)
    i.SD_IO_CSState                          0x08003058   Section        0  sd_card_interface.o(i.SD_IO_CSState)
    i.SD_IO_WriteByte                        0x08003074   Section        0  sd_card_interface.o(i.SD_IO_WriteByte)
    i.SD_IO_WriteReadData                    0x0800309c   Section        0  sd_card_interface.o(i.SD_IO_WriteReadData)
    i.SD_ReadData                            0x080030c4   Section        0  sd_card_drive.o(i.SD_ReadData)
    SD_ReadData                              0x080030c5   Thumb Code    24  sd_card_drive.o(i.SD_ReadData)
    i.SD_SendCmd                             0x080030dc   Section        0  sd_card_drive.o(i.SD_SendCmd)
    SD_SendCmd                               0x080030dd   Thumb Code   216  sd_card_drive.o(i.SD_SendCmd)
    i.SD_WaitData                            0x080031b8   Section        0  sd_card_drive.o(i.SD_WaitData)
    SD_WaitData                              0x080031b9   Thumb Code    38  sd_card_drive.o(i.SD_WaitData)
    i.SPI_CheckFlag_BSY                      0x080031de   Section        0  stm32f1xx_hal_spi.o(i.SPI_CheckFlag_BSY)
    SPI_CheckFlag_BSY                        0x080031df   Thumb Code    32  stm32f1xx_hal_spi.o(i.SPI_CheckFlag_BSY)
    i.SPI_WaitFlagStateUntilTimeout          0x080031fe   Section        0  stm32f1xx_hal_spi.o(i.SPI_WaitFlagStateUntilTimeout)
    SPI_WaitFlagStateUntilTimeout            0x080031ff   Thumb Code   150  stm32f1xx_hal_spi.o(i.SPI_WaitFlagStateUntilTimeout)
    i.SVC_Handler                            0x08003294   Section        0  stm32f1xx_it.o(i.SVC_Handler)
    i.SysTick_Handler                        0x08003296   Section        0  stm32f1xx_it.o(i.SysTick_Handler)
    i.SystemClock_Config                     0x080032a4   Section        0  main.o(i.SystemClock_Config)
    i.SystemInit                             0x0800330c   Section        0  system_stm32f1xx.o(i.SystemInit)
    i.UART_SetConfig                         0x08003354   Section        0  stm32f1xx_hal_uart.o(i.UART_SetConfig)
    UART_SetConfig                           0x08003355   Thumb Code   364  stm32f1xx_hal_uart.o(i.UART_SetConfig)
    i.UART_WaitOnFlagUntilTimeout            0x080034c4   Section        0  stm32f1xx_hal_uart.o(i.UART_WaitOnFlagUntilTimeout)
    UART_WaitOnFlagUntilTimeout              0x080034c5   Thumb Code   100  stm32f1xx_hal_uart.o(i.UART_WaitOnFlagUntilTimeout)
    i.USER_initialize                        0x08003528   Section        0  user_diskio.o(i.USER_initialize)
    i.USER_ioctl                             0x08003548   Section        0  user_diskio.o(i.USER_ioctl)
    i.USER_read                              0x08003598   Section        0  user_diskio.o(i.USER_read)
    i.USER_status                            0x080035d4   Section        0  user_diskio.o(i.USER_status)
    i.USER_write                             0x080035f4   Section        0  user_diskio.o(i.USER_write)
    i.UsageFault_Handler                     0x08003630   Section        0  stm32f1xx_it.o(i.UsageFault_Handler)
    i._Error_Handler                         0x08003632   Section        0  main.o(i._Error_Handler)
    i.__0printf$3                            0x08003634   Section        0  printf3.o(i.__0printf$3)
    i.__scatterload_copy                     0x08003654   Section       14  handlers.o(i.__scatterload_copy)
    i.__scatterload_null                     0x08003662   Section        2  handlers.o(i.__scatterload_null)
    i.__scatterload_zeroinit                 0x08003664   Section       14  handlers.o(i.__scatterload_zeroinit)
    i._printf_core                           0x08003674   Section        0  printf3.o(i._printf_core)
    _printf_core                             0x08003675   Thumb Code   436  printf3.o(i._printf_core)
    i.check_fs                               0x0800382c   Section        0  ff.o(i.check_fs)
    check_fs                                 0x0800382d   Thumb Code    90  ff.o(i.check_fs)
    i.chk_lock                               0x0800388c   Section        0  ff.o(i.chk_lock)
    chk_lock                                 0x0800388d   Thumb Code   102  ff.o(i.chk_lock)
    i.clear_lock                             0x080038f8   Section        0  ff.o(i.clear_lock)
    clear_lock                               0x080038f9   Thumb Code    32  ff.o(i.clear_lock)
    i.clmt_clust                             0x0800391c   Section        0  ff.o(i.clmt_clust)
    clmt_clust                               0x0800391d   Thumb Code    42  ff.o(i.clmt_clust)
    i.clust2sect                             0x08003946   Section        0  ff.o(i.clust2sect)
    i.create_chain                           0x08003964   Section        0  ff.o(i.create_chain)
    create_chain                             0x08003965   Thumb Code   176  ff.o(i.create_chain)
    i.create_name                            0x08003a14   Section        0  ff.o(i.create_name)
    create_name                              0x08003a15   Thumb Code   234  ff.o(i.create_name)
    i.dec_lock                               0x08003b14   Section        0  ff.o(i.dec_lock)
    dec_lock                                 0x08003b15   Thumb Code    54  ff.o(i.dec_lock)
    i.dir_next                               0x08003b50   Section        0  ff.o(i.dir_next)
    dir_next                                 0x08003b51   Thumb Code   286  ff.o(i.dir_next)
    i.dir_register                           0x08003c6e   Section        0  ff.o(i.dir_register)
    dir_register                             0x08003c6f   Thumb Code   118  ff.o(i.dir_register)
    i.dir_sdi                                0x08003ce4   Section        0  ff.o(i.dir_sdi)
    dir_sdi                                  0x08003ce5   Thumb Code   152  ff.o(i.dir_sdi)
    i.disk_initialize                        0x08003d7c   Section        0  diskio.o(i.disk_initialize)
    i.disk_ioctl                             0x08003da4   Section        0  diskio.o(i.disk_ioctl)
    i.disk_read                              0x08003dc0   Section        0  diskio.o(i.disk_read)
    i.disk_status                            0x08003ddc   Section        0  diskio.o(i.disk_status)
    i.disk_write                             0x08003df4   Section        0  diskio.o(i.disk_write)
    i.f_close                                0x08003e10   Section        0  ff.o(i.f_close)
    i.f_lseek                                0x08003e3c   Section        0  ff.o(i.f_lseek)
    i.f_mount                                0x080040c0   Section        0  ff.o(i.f_mount)
    i.f_open                                 0x0800411c   Section        0  ff.o(i.f_open)
    i.f_opendir                              0x080042bc   Section        0  ff.o(i.f_opendir)
    i.f_read                                 0x08004350   Section        0  ff.o(i.f_read)
    i.f_sync                                 0x080044dc   Section        0  ff.o(i.f_sync)
    i.find_volume                            0x08004594   Section        0  ff.o(i.find_volume)
    find_volume                              0x08004595   Thumb Code   588  ff.o(i.find_volume)
    i.follow_path                            0x080047ec   Section        0  ff.o(i.follow_path)
    follow_path                              0x080047ed   Thumb Code   192  ff.o(i.follow_path)
    i.fputc                                  0x080048ac   Section        0  usart.o(i.fputc)
    i.free                                   0x080048c4   Section        0  malloc.o(i.free)
    i.get_fat                                0x08004914   Section        0  ff.o(i.get_fat)
    i.get_fattime                            0x080049d6   Section        0  fatfs.o(i.get_fattime)
    i.get_ldnumber                           0x080049da   Section        0  ff.o(i.get_ldnumber)
    get_ldnumber                             0x080049db   Thumb Code    60  ff.o(i.get_ldnumber)
    i.inc_lock                               0x08004a18   Section        0  ff.o(i.inc_lock)
    inc_lock                                 0x08004a19   Thumb Code   154  ff.o(i.inc_lock)
    i.ld_clust                               0x08004ab8   Section        0  ff.o(i.ld_clust)
    ld_clust                                 0x08004ab9   Thumb Code    20  ff.o(i.ld_clust)
    i.main                                   0x08004acc   Section        0  main.o(i.main)
    i.malloc                                 0x08004aec   Section        0  malloc.o(i.malloc)
    i.mem_cpy                                0x08004b58   Section        0  ff.o(i.mem_cpy)
    mem_cpy                                  0x08004b59   Thumb Code    18  ff.o(i.mem_cpy)
    i.mem_set                                0x08004b6a   Section        0  ff.o(i.mem_set)
    mem_set                                  0x08004b6b   Thumb Code    14  ff.o(i.mem_set)
    i.move_window                            0x08004b78   Section        0  ff.o(i.move_window)
    move_window                              0x08004b79   Thumb Code    54  ff.o(i.move_window)
    i.put_fat                                0x08004bae   Section        0  ff.o(i.put_fat)
    i.remove_chain                           0x08004ca6   Section        0  ff.o(i.remove_chain)
    remove_chain                             0x08004ca7   Thumb Code   110  ff.o(i.remove_chain)
    i.st_clust                               0x08004d14   Section        0  ff.o(i.st_clust)
    st_clust                                 0x08004d15   Thumb Code    16  ff.o(i.st_clust)
    i.sync_fs                                0x08004d24   Section        0  ff.o(i.sync_fs)
    sync_fs                                  0x08004d25   Thumb Code   182  ff.o(i.sync_fs)
    i.sync_window                            0x08004dda   Section        0  ff.o(i.sync_window)
    sync_window                              0x08004ddb   Thumb Code    96  ff.o(i.sync_window)
    i.validate                               0x08004e3a   Section        0  ff.o(i.validate)
    validate                                 0x08004e3b   Thumb Code    44  ff.o(i.validate)
    .constdata                               0x08004e66   Section       16  system_stm32f1xx.o(.constdata)
    .constdata                               0x08004e76   Section        8  system_stm32f1xx.o(.constdata)
    .constdata                               0x08004e7e   Section      172  ff.o(.constdata)
    ExCvt                                    0x08004e7e   Data         128  ff.o(.constdata)
    vst                                      0x08004efe   Data          22  ff.o(.constdata)
    cst                                      0x08004f14   Data          22  ff.o(.constdata)
    .constdata                               0x08004f2a   Section      424  epd_2in13d.o(.constdata)
    EPD_2IN13D_lut_vcomDC                    0x08004f2a   Data          44  epd_2in13d.o(.constdata)
    EPD_2IN13D_lut_ww                        0x08004f56   Data          42  epd_2in13d.o(.constdata)
    EPD_2IN13D_lut_bw                        0x08004f80   Data          42  epd_2in13d.o(.constdata)
    EPD_2IN13D_lut_wb                        0x08004faa   Data          42  epd_2in13d.o(.constdata)
    EPD_2IN13D_lut_bb                        0x08004fd4   Data          42  epd_2in13d.o(.constdata)
    EPD_2IN13D_lut_vcom1                     0x08004ffe   Data          44  epd_2in13d.o(.constdata)
    EPD_2IN13D_lut_ww1                       0x0800502a   Data          42  epd_2in13d.o(.constdata)
    EPD_2IN13D_lut_bw1                       0x08005054   Data          42  epd_2in13d.o(.constdata)
    EPD_2IN13D_lut_wb1                       0x0800507e   Data          42  epd_2in13d.o(.constdata)
    EPD_2IN13D_lut_bb1                       0x080050a8   Data          42  epd_2in13d.o(.constdata)
    .constdata                               0x080050d4   Section        5  sd_card_drive.o(.constdata)
    .constdata                               0x080050d9   Section     3040  font16.o(.constdata)
    .constdata                               0x08005cb9   Section     3800  font20.o(.constdata)
    .constdata                               0x08006b91   Section     4482  font24cn.o(.constdata)
    .constdata                               0x08007d13   Section     1494  font12cn.o(.constdata)
    .conststring                             0x080082ec   Section      205  gui_paint.o(.conststring)
    .conststring                             0x080083bc   Section       71  sd_card_app.o(.conststring)
    .data                                    0x20000000   Section        1  user_diskio.o(.data)
    Stat                                     0x20000000   Data           1  user_diskio.o(.data)
    .data                                    0x20000004   Section       20  user_diskio.o(.data)
    .data                                    0x20000018   Section        5  fatfs.o(.data)
    .data                                    0x20000020   Section       12  stm32f1xx_hal.o(.data)
    .data                                    0x2000002c   Section        4  system_stm32f1xx.o(.data)
    .data                                    0x20000030   Section        8  ff.o(.data)
    Fsid                                     0x20000030   Data           2  ff.o(.data)
    FatFs                                    0x20000034   Data           4  ff.o(.data)
    .data                                    0x20000038   Section        4  sd_card_app.o(.data)
    .data                                    0x2000003c   Section        4  sd_card_drive.o(.data)
    .data                                    0x20000040   Section        8  font16.o(.data)
    .data                                    0x20000048   Section        8  font20.o(.data)
    .data                                    0x20000050   Section       12  font24cn.o(.data)
    .data                                    0x2000005c   Section       12  font12cn.o(.data)
    .data                                    0x20000068   Section        4  stdout.o(.data)
    .data                                    0x2000006c   Section        4  mvars.o(.data)
    .data                                    0x20000070   Section        4  mvars.o(.data)
    .bss                                     0x20000074   Section      560  fatfs.o(.bss)
    .bss                                     0x200002a4   Section       88  spi.o(.bss)
    .bss                                     0x200002fc   Section       64  usart.o(.bss)
    .bss                                     0x2000033c   Section       24  ff.o(.bss)
    Files                                    0x2000033c   Data          24  ff.o(.bss)
    .bss                                     0x20000354   Section       12  ff_gen_drv.o(.bss)
    .bss                                     0x20000360   Section       24  gui_paint.o(.bss)
    .bss                                     0x20000378   Section      544  sd_card_app.o(.bss)
    HEAP                                     0x20000598   Section    13568  startup_stm32f103xb.o(HEAP)
    STACK                                    0x20003a98   Section     4096  startup_stm32f103xb.o(STACK)

    Global Symbols

    Symbol Name                              Value     Ov Type        Size  Object(Section)

    BuildAttributes$$THM_ISAv4$P$D$K$B$S$PE$A:L22UL41UL21$X:L11$S22US41US21$IEEE1$IW$USESV6$~STKCKD$USESV7$~SHL$OSPACE$ROPI$EBA8$MICROLIB$REQ8$PRES8$EABIv2 0x00000000   Number         0  anon$$obj.o ABSOLUTE
    __ARM_use_no_argv                        0x00000000   Number         0  main.o ABSOLUTE
    _printf_a                                0x00000000   Number         0  stubs.o ABSOLUTE
    _printf_c                                0x00000000   Number         0  stubs.o ABSOLUTE
    _printf_charcount                        0x00000000   Number         0  stubs.o ABSOLUTE
    _printf_d                                0x00000000   Number         0  stubs.o ABSOLUTE
    _printf_e                                0x00000000   Number         0  stubs.o ABSOLUTE
    _printf_f                                0x00000000   Number         0  stubs.o ABSOLUTE
    _printf_flags                            0x00000000   Number         0  stubs.o ABSOLUTE
    _printf_fp_dec                           0x00000000   Number         0  stubs.o ABSOLUTE
    _printf_fp_hex                           0x00000000   Number         0  stubs.o ABSOLUTE
    _printf_g                                0x00000000   Number         0  stubs.o ABSOLUTE
    _printf_i                                0x00000000   Number         0  stubs.o ABSOLUTE
    _printf_int_dec                          0x00000000   Number         0  stubs.o ABSOLUTE
    _printf_l                                0x00000000   Number         0  stubs.o ABSOLUTE
    _printf_lc                               0x00000000   Number         0  stubs.o ABSOLUTE
    _printf_ll                               0x00000000   Number         0  stubs.o ABSOLUTE
    _printf_lld                              0x00000000   Number         0  stubs.o ABSOLUTE
    _printf_lli                              0x00000000   Number         0  stubs.o ABSOLUTE
    _printf_llo                              0x00000000   Number         0  stubs.o ABSOLUTE
    _printf_llu                              0x00000000   Number         0  stubs.o ABSOLUTE
    _printf_llx                              0x00000000   Number         0  stubs.o ABSOLUTE
    _printf_longlong_dec                     0x00000000   Number         0  stubs.o ABSOLUTE
    _printf_longlong_hex                     0x00000000   Number         0  stubs.o ABSOLUTE
    _printf_longlong_oct                     0x00000000   Number         0  stubs.o ABSOLUTE
    _printf_ls                               0x00000000   Number         0  stubs.o ABSOLUTE
    _printf_mbtowc                           0x00000000   Number         0  stubs.o ABSOLUTE
    _printf_n                                0x00000000   Number         0  stubs.o ABSOLUTE
    _printf_o                                0x00000000   Number         0  stubs.o ABSOLUTE
    _printf_p                                0x00000000   Number         0  stubs.o ABSOLUTE
    _printf_percent                          0x00000000   Number         0  stubs.o ABSOLUTE
    _printf_pre_padding                      0x00000000   Number         0  stubs.o ABSOLUTE
    _printf_return_value                     0x00000000   Number         0  stubs.o ABSOLUTE
    _printf_s                                0x00000000   Number         0  stubs.o ABSOLUTE
    _printf_sizespec                         0x00000000   Number         0  stubs.o ABSOLUTE
    _printf_str                              0x00000000   Number         0  stubs.o ABSOLUTE
    _printf_truncate_signed                  0x00000000   Number         0  stubs.o ABSOLUTE
    _printf_truncate_unsigned                0x00000000   Number         0  stubs.o ABSOLUTE
    _printf_u                                0x00000000   Number         0  stubs.o ABSOLUTE
    _printf_wc                               0x00000000   Number         0  stubs.o ABSOLUTE
    _printf_wctomb                           0x00000000   Number         0  stubs.o ABSOLUTE
    _printf_widthprec                        0x00000000   Number         0  stubs.o ABSOLUTE
    _printf_x                                0x00000000   Number         0  stubs.o ABSOLUTE
    __cpp_initialize__aeabi_                  - Undefined Weak Reference
    __cxa_finalize                            - Undefined Weak Reference
    __decompress                              - Undefined Weak Reference
    _clock_init                               - Undefined Weak Reference
    _microlib_exit                            - Undefined Weak Reference
    __Vectors_Size                           0x000000ec   Number         0  startup_stm32f103xb.o ABSOLUTE
    __Vectors                                0x08000000   Data           4  startup_stm32f103xb.o(RESET)
    __Vectors_End                            0x080000ec   Data           0  startup_stm32f103xb.o(RESET)
    __main                                   0x080000ed   Thumb Code     0  entry.o(.ARM.Collect$$$$00000000)
    _main_stk                                0x080000ed   Thumb Code     0  entry2.o(.ARM.Collect$$$$00000001)
    _main_scatterload                        0x080000f1   Thumb Code     0  entry5.o(.ARM.Collect$$$$00000004)
    __main_after_scatterload                 0x080000f5   Thumb Code     0  entry5.o(.ARM.Collect$$$$00000004)
    _main_clock                              0x080000f5   Thumb Code     0  entry7b.o(.ARM.Collect$$$$00000008)
    _main_cpp_init                           0x080000f5   Thumb Code     0  entry8b.o(.ARM.Collect$$$$0000000A)
    _main_init                               0x080000f5   Thumb Code     0  entry9a.o(.ARM.Collect$$$$0000000B)
    __rt_final_cpp                           0x080000fd   Thumb Code     0  entry10a.o(.ARM.Collect$$$$0000000D)
    __rt_final_exit                          0x080000fd   Thumb Code     0  entry11a.o(.ARM.Collect$$$$0000000F)
    Reset_Handler                            0x08000101   Thumb Code     8  startup_stm32f103xb.o(.text)
    ADC1_2_IRQHandler                        0x0800011b   Thumb Code     0  startup_stm32f103xb.o(.text)
    CAN1_RX1_IRQHandler                      0x0800011b   Thumb Code     0  startup_stm32f103xb.o(.text)
    CAN1_SCE_IRQHandler                      0x0800011b   Thumb Code     0  startup_stm32f103xb.o(.text)
    DMA1_Channel1_IRQHandler                 0x0800011b   Thumb Code     0  startup_stm32f103xb.o(.text)
    DMA1_Channel2_IRQHandler                 0x0800011b   Thumb Code     0  startup_stm32f103xb.o(.text)
    DMA1_Channel3_IRQHandler                 0x0800011b   Thumb Code     0  startup_stm32f103xb.o(.text)
    DMA1_Channel4_IRQHandler                 0x0800011b   Thumb Code     0  startup_stm32f103xb.o(.text)
    DMA1_Channel5_IRQHandler                 0x0800011b   Thumb Code     0  startup_stm32f103xb.o(.text)
    DMA1_Channel6_IRQHandler                 0x0800011b   Thumb Code     0  startup_stm32f103xb.o(.text)
    DMA1_Channel7_IRQHandler                 0x0800011b   Thumb Code     0  startup_stm32f103xb.o(.text)
    EXTI0_IRQHandler                         0x0800011b   Thumb Code     0  startup_stm32f103xb.o(.text)
    EXTI15_10_IRQHandler                     0x0800011b   Thumb Code     0  startup_stm32f103xb.o(.text)
    EXTI1_IRQHandler                         0x0800011b   Thumb Code     0  startup_stm32f103xb.o(.text)
    EXTI2_IRQHandler                         0x0800011b   Thumb Code     0  startup_stm32f103xb.o(.text)
    EXTI3_IRQHandler                         0x0800011b   Thumb Code     0  startup_stm32f103xb.o(.text)
    EXTI4_IRQHandler                         0x0800011b   Thumb Code     0  startup_stm32f103xb.o(.text)
    EXTI9_5_IRQHandler                       0x0800011b   Thumb Code     0  startup_stm32f103xb.o(.text)
    FLASH_IRQHandler                         0x0800011b   Thumb Code     0  startup_stm32f103xb.o(.text)
    I2C1_ER_IRQHandler                       0x0800011b   Thumb Code     0  startup_stm32f103xb.o(.text)
    I2C1_EV_IRQHandler                       0x0800011b   Thumb Code     0  startup_stm32f103xb.o(.text)
    I2C2_ER_IRQHandler                       0x0800011b   Thumb Code     0  startup_stm32f103xb.o(.text)
    I2C2_EV_IRQHandler                       0x0800011b   Thumb Code     0  startup_stm32f103xb.o(.text)
    PVD_IRQHandler                           0x0800011b   Thumb Code     0  startup_stm32f103xb.o(.text)
    RCC_IRQHandler                           0x0800011b   Thumb Code     0  startup_stm32f103xb.o(.text)
    RTC_Alarm_IRQHandler                     0x0800011b   Thumb Code     0  startup_stm32f103xb.o(.text)
    RTC_IRQHandler                           0x0800011b   Thumb Code     0  startup_stm32f103xb.o(.text)
    SPI1_IRQHandler                          0x0800011b   Thumb Code     0  startup_stm32f103xb.o(.text)
    SPI2_IRQHandler                          0x0800011b   Thumb Code     0  startup_stm32f103xb.o(.text)
    TAMPER_IRQHandler                        0x0800011b   Thumb Code     0  startup_stm32f103xb.o(.text)
    TIM1_BRK_IRQHandler                      0x0800011b   Thumb Code     0  startup_stm32f103xb.o(.text)
    TIM1_CC_IRQHandler                       0x0800011b   Thumb Code     0  startup_stm32f103xb.o(.text)
    TIM1_TRG_COM_IRQHandler                  0x0800011b   Thumb Code     0  startup_stm32f103xb.o(.text)
    TIM1_UP_IRQHandler                       0x0800011b   Thumb Code     0  startup_stm32f103xb.o(.text)
    TIM2_IRQHandler                          0x0800011b   Thumb Code     0  startup_stm32f103xb.o(.text)
    TIM3_IRQHandler                          0x0800011b   Thumb Code     0  startup_stm32f103xb.o(.text)
    TIM4_IRQHandler                          0x0800011b   Thumb Code     0  startup_stm32f103xb.o(.text)
    USART1_IRQHandler                        0x0800011b   Thumb Code     0  startup_stm32f103xb.o(.text)
    USART2_IRQHandler                        0x0800011b   Thumb Code     0  startup_stm32f103xb.o(.text)
    USART3_IRQHandler                        0x0800011b   Thumb Code     0  startup_stm32f103xb.o(.text)
    USBWakeUp_IRQHandler                     0x0800011b   Thumb Code     0  startup_stm32f103xb.o(.text)
    USB_HP_CAN1_TX_IRQHandler                0x0800011b   Thumb Code     0  startup_stm32f103xb.o(.text)
    USB_LP_CAN1_RX0_IRQHandler               0x0800011b   Thumb Code     0  startup_stm32f103xb.o(.text)
    WWDG_IRQHandler                          0x0800011b   Thumb Code     0  startup_stm32f103xb.o(.text)
    __aeabi_memset                           0x08000125   Thumb Code    14  memseta.o(.text)
    __aeabi_memset4                          0x08000125   Thumb Code     0  memseta.o(.text)
    __aeabi_memset8                          0x08000125   Thumb Code     0  memseta.o(.text)
    __aeabi_memclr                           0x08000133   Thumb Code     4  memseta.o(.text)
    __aeabi_memclr4                          0x08000133   Thumb Code     0  memseta.o(.text)
    __aeabi_memclr8                          0x08000133   Thumb Code     0  memseta.o(.text)
    _memset$wrapper                          0x08000137   Thumb Code    18  memseta.o(.text)
    __aeabi_uidiv                            0x08000149   Thumb Code     0  uidiv.o(.text)
    __aeabi_uidivmod                         0x08000149   Thumb Code    44  uidiv.o(.text)
    __scatterload                            0x08000175   Thumb Code    28  init.o(.text)
    __scatterload_rt2                        0x08000175   Thumb Code     0  init.o(.text)
    BSP_SD_GetCardInfo                       0x08000199   Thumb Code    92  sd_card_drive.o(i.BSP_SD_GetCardInfo)
    BSP_SD_GetCardState                      0x080001f9   Thumb Code    50  sd_card_drive.o(i.BSP_SD_GetCardState)
    BSP_SD_Init                              0x0800022d   Thumb Code    38  sd_card_drive.o(i.BSP_SD_Init)
    BSP_SD_ReadBlocks                        0x08000259   Thumb Code   194  sd_card_drive.o(i.BSP_SD_ReadBlocks)
    BSP_SD_WriteBlocks                       0x08000321   Thumb Code   242  sd_card_drive.o(i.BSP_SD_WriteBlocks)
    BusFault_Handler                         0x08000419   Thumb Code     2  stm32f1xx_it.o(i.BusFault_Handler)
    DEV_Module_Exit                          0x0800041d   Thumb Code    38  dev_config.o(i.DEV_Module_Exit)
    DEV_Module_Init                          0x08000451   Thumb Code    38  dev_config.o(i.DEV_Module_Init)
    DEV_SPI_WriteByte                        0x0800047d   Thumb Code    18  dev_config.o(i.DEV_SPI_WriteByte)
    DebugMon_Handler                         0x08000495   Thumb Code     2  stm32f1xx_it.o(i.DebugMon_Handler)
    EPD_2IN13D_Clear                         0x08000497   Thumb Code    84  epd_2in13d.o(i.EPD_2IN13D_Clear)
    EPD_2IN13D_Display                       0x080004ed   Thumb Code    98  epd_2in13d.o(i.EPD_2IN13D_Display)
    EPD_2IN13D_DisplayPart                   0x0800054f   Thumb Code   156  epd_2in13d.o(i.EPD_2IN13D_DisplayPart)
    EPD_2IN13D_Init                          0x080005ed   Thumb Code   194  epd_2in13d.o(i.EPD_2IN13D_Init)
    EPD_2IN13D_Sleep                         0x080008b9   Thumb Code    36  epd_2in13d.o(i.EPD_2IN13D_Sleep)
    EPD_2in13d_test                          0x080008f5   Thumb Code   658  epd_2in13d_test.o(i.EPD_2in13d_test)
    FATFS_LinkDriver                         0x08000ca9   Thumb Code     6  ff_gen_drv.o(i.FATFS_LinkDriver)
    FATFS_LinkDriverEx                       0x08000cb1   Thumb Code    60  ff_gen_drv.o(i.FATFS_LinkDriverEx)
    HAL_Delay                                0x08000cf1   Thumb Code    32  stm32f1xx_hal.o(i.HAL_Delay)
    HAL_GPIO_Init                            0x08000d15   Thumb Code   408  stm32f1xx_hal_gpio.o(i.HAL_GPIO_Init)
    HAL_GPIO_ReadPin                         0x08000ed1   Thumb Code    10  stm32f1xx_hal_gpio.o(i.HAL_GPIO_ReadPin)
    HAL_GPIO_WritePin                        0x08000edb   Thumb Code    10  stm32f1xx_hal_gpio.o(i.HAL_GPIO_WritePin)
    HAL_GetTick                              0x08000ee5   Thumb Code     6  stm32f1xx_hal.o(i.HAL_GetTick)
    HAL_IncTick                              0x08000ef1   Thumb Code    12  stm32f1xx_hal.o(i.HAL_IncTick)
    HAL_Init                                 0x08000f01   Thumb Code    32  stm32f1xx_hal.o(i.HAL_Init)
    HAL_InitTick                             0x08000f25   Thumb Code    54  stm32f1xx_hal.o(i.HAL_InitTick)
    HAL_MspInit                              0x08000f65   Thumb Code   134  stm32f1xx_hal_msp.o(i.HAL_MspInit)
    HAL_NVIC_SetPriority                     0x08000ff5   Thumb Code    60  stm32f1xx_hal_cortex.o(i.HAL_NVIC_SetPriority)
    HAL_NVIC_SetPriorityGrouping             0x08001035   Thumb Code    26  stm32f1xx_hal_cortex.o(i.HAL_NVIC_SetPriorityGrouping)
    HAL_RCC_ClockConfig                      0x08001059   Thumb Code   322  stm32f1xx_hal_rcc.o(i.HAL_RCC_ClockConfig)
    HAL_RCC_GetHCLKFreq                      0x080011ad   Thumb Code     6  stm32f1xx_hal_rcc.o(i.HAL_RCC_GetHCLKFreq)
    HAL_RCC_GetPCLK1Freq                     0x080011b9   Thumb Code    20  stm32f1xx_hal_rcc.o(i.HAL_RCC_GetPCLK1Freq)
    HAL_RCC_GetPCLK2Freq                     0x080011d9   Thumb Code    20  stm32f1xx_hal_rcc.o(i.HAL_RCC_GetPCLK2Freq)
    HAL_RCC_GetSysClockFreq                  0x080011f9   Thumb Code    74  stm32f1xx_hal_rcc.o(i.HAL_RCC_GetSysClockFreq)
    HAL_RCC_OscConfig                        0x08001265   Thumb Code   750  stm32f1xx_hal_rcc.o(i.HAL_RCC_OscConfig)
    HAL_SPI_Init                             0x08001569   Thumb Code   130  stm32f1xx_hal_spi_ex.o(i.HAL_SPI_Init)
    HAL_SPI_MspInit                          0x080015ed   Thumb Code    74  spi.o(i.HAL_SPI_MspInit)
    HAL_SPI_Transmit                         0x08001645   Thumb Code   360  stm32f1xx_hal_spi.o(i.HAL_SPI_Transmit)
    HAL_SPI_TransmitReceive                  0x080017ad   Thumb Code   472  stm32f1xx_hal_spi.o(i.HAL_SPI_TransmitReceive)
    HAL_SYSTICK_CLKSourceConfig              0x08001985   Thumb Code    24  stm32f1xx_hal_cortex.o(i.HAL_SYSTICK_CLKSourceConfig)
    HAL_SYSTICK_Callback                     0x0800199d   Thumb Code     2  stm32f1xx_hal_cortex.o(i.HAL_SYSTICK_Callback)
    HAL_SYSTICK_Config                       0x0800199f   Thumb Code    40  stm32f1xx_hal_cortex.o(i.HAL_SYSTICK_Config)
    HAL_SYSTICK_IRQHandler                   0x080019c7   Thumb Code     8  stm32f1xx_hal_cortex.o(i.HAL_SYSTICK_IRQHandler)
    HAL_UART_Init                            0x080019cf   Thumb Code    98  stm32f1xx_hal_uart.o(i.HAL_UART_Init)
    HAL_UART_MspInit                         0x08001a31   Thumb Code    74  usart.o(i.HAL_UART_MspInit)
    HAL_UART_Transmit                        0x08001a89   Thumb Code   186  stm32f1xx_hal_uart.o(i.HAL_UART_Transmit)
    HardFault_Handler                        0x08001b43   Thumb Code     2  stm32f1xx_it.o(i.HardFault_Handler)
    MX_FATFS_Init                            0x08001b45   Thumb Code    18  fatfs.o(i.MX_FATFS_Init)
    MX_GPIO_Init                             0x08001b61   Thumb Code   198  gpio.o(i.MX_GPIO_Init)
    MX_SPI1_Init                             0x08001c39   Thumb Code    66  spi.o(i.MX_SPI1_Init)
    MX_USART2_UART_Init                      0x08001c95   Thumb Code    52  usart.o(i.MX_USART2_UART_Init)
    MemManage_Handler                        0x08001ce1   Thumb Code     2  stm32f1xx_it.o(i.MemManage_Handler)
    NMI_Handler                              0x08001ce3   Thumb Code     2  stm32f1xx_it.o(i.NMI_Handler)
    Paint_Clear                              0x08001d05   Thumb Code    46  gui_paint.o(i.Paint_Clear)
    Paint_ClearWindows                       0x08001d39   Thumb Code    52  gui_paint.o(i.Paint_ClearWindows)
    Paint_DrawChar                           0x08001d6d   Thumb Code   176  gui_paint.o(i.Paint_DrawChar)
    Paint_DrawCircle                         0x08001e61   Thumb Code   532  gui_paint.o(i.Paint_DrawCircle)
    Paint_DrawLine                           0x0800207d   Thumb Code   200  gui_paint.o(i.Paint_DrawLine)
    Paint_DrawNum                            0x08002189   Thumb Code   144  gui_paint.o(i.Paint_DrawNum)
    Paint_DrawPoint                          0x0800225d   Thumb Code   178  gui_paint.o(i.Paint_DrawPoint)
    Paint_DrawRectangle                      0x08002365   Thumb Code   172  gui_paint.o(i.Paint_DrawRectangle)
    Paint_DrawString_CN                      0x08002449   Thumb Code   398  gui_paint.o(i.Paint_DrawString_CN)
    Paint_DrawString_EN                      0x080025dd   Thumb Code   116  gui_paint.o(i.Paint_DrawString_EN)
    Paint_DrawTime                           0x08002659   Thumb Code   286  gui_paint.o(i.Paint_DrawTime)
    Paint_NewImage                           0x08002785   Thumb Code    52  gui_paint.o(i.Paint_NewImage)
    Paint_SelectImage                        0x080027bd   Thumb Code     6  gui_paint.o(i.Paint_SelectImage)
    Paint_SetPixel                           0x080027c9   Thumb Code   164  gui_paint.o(i.Paint_SetPixel)
    PendSV_Handler                           0x08002899   Thumb Code     2  stm32f1xx_it.o(i.PendSV_Handler)
    SDCard_Init                              0x0800289d   Thumb Code   106  sd_card_app.o(i.SDCard_Init)
    SDCard_ReadBMP                           0x08002a45   Thumb Code   274  sd_card_app.o(i.SDCard_ReadBMP)
    SD_IO_CSState                            0x08003059   Thumb Code    22  sd_card_interface.o(i.SD_IO_CSState)
    SD_IO_WriteByte                          0x08003075   Thumb Code    34  sd_card_interface.o(i.SD_IO_WriteByte)
    SD_IO_WriteReadData                      0x0800309d   Thumb Code    34  sd_card_interface.o(i.SD_IO_WriteReadData)
    SVC_Handler                              0x08003295   Thumb Code     2  stm32f1xx_it.o(i.SVC_Handler)
    SysTick_Handler                          0x08003297   Thumb Code    14  stm32f1xx_it.o(i.SysTick_Handler)
    SystemClock_Config                       0x080032a5   Thumb Code   104  main.o(i.SystemClock_Config)
    SystemInit                               0x0800330d   Thumb Code    56  system_stm32f1xx.o(i.SystemInit)
    USER_initialize                          0x08003529   Thumb Code    26  user_diskio.o(i.USER_initialize)
    USER_ioctl                               0x08003549   Thumb Code    74  user_diskio.o(i.USER_ioctl)
    USER_read                                0x08003599   Thumb Code    52  user_diskio.o(i.USER_read)
    USER_status                              0x080035d5   Thumb Code    26  user_diskio.o(i.USER_status)
    USER_write                               0x080035f5   Thumb Code    52  user_diskio.o(i.USER_write)
    UsageFault_Handler                       0x08003631   Thumb Code     2  stm32f1xx_it.o(i.UsageFault_Handler)
    _Error_Handler                           0x08003633   Thumb Code     2  main.o(i._Error_Handler)
    __0printf$3                              0x08003635   Thumb Code    22  printf3.o(i.__0printf$3)
    __1printf$3                              0x08003635   Thumb Code     0  printf3.o(i.__0printf$3)
    __2printf                                0x08003635   Thumb Code     0  printf3.o(i.__0printf$3)
    __scatterload_copy                       0x08003655   Thumb Code    14  handlers.o(i.__scatterload_copy)
    __scatterload_null                       0x08003663   Thumb Code     2  handlers.o(i.__scatterload_null)
    __scatterload_zeroinit                   0x08003665   Thumb Code    14  handlers.o(i.__scatterload_zeroinit)
    clust2sect                               0x08003947   Thumb Code    30  ff.o(i.clust2sect)
    disk_initialize                          0x08003d7d   Thumb Code    36  diskio.o(i.disk_initialize)
    disk_ioctl                               0x08003da5   Thumb Code    24  diskio.o(i.disk_ioctl)
    disk_read                                0x08003dc1   Thumb Code    24  diskio.o(i.disk_read)
    disk_status                              0x08003ddd   Thumb Code    18  diskio.o(i.disk_status)
    disk_write                               0x08003df5   Thumb Code    24  diskio.o(i.disk_write)
    f_close                                  0x08003e11   Thumb Code    42  ff.o(i.f_close)
    f_lseek                                  0x08003e3d   Thumb Code   644  ff.o(i.f_lseek)
    f_mount                                  0x080040c1   Thumb Code    88  ff.o(i.f_mount)
    f_open                                   0x0800411d   Thumb Code   412  ff.o(i.f_open)
    f_opendir                                0x080042bd   Thumb Code   148  ff.o(i.f_opendir)
    f_read                                   0x08004351   Thumb Code   396  ff.o(i.f_read)
    f_sync                                   0x080044dd   Thumb Code   184  ff.o(i.f_sync)
    fputc                                    0x080048ad   Thumb Code    20  usart.o(i.fputc)
    free                                     0x080048c5   Thumb Code    76  malloc.o(i.free)
    get_fat                                  0x08004915   Thumb Code   194  ff.o(i.get_fat)
    get_fattime                              0x080049d7   Thumb Code     4  fatfs.o(i.get_fattime)
    main                                     0x08004acd   Thumb Code    30  main.o(i.main)
    malloc                                   0x08004aed   Thumb Code    92  malloc.o(i.malloc)
    put_fat                                  0x08004baf   Thumb Code   248  ff.o(i.put_fat)
    AHBPrescTable                            0x08004e66   Data          16  system_stm32f1xx.o(.constdata)
    APBPrescTable                            0x08004e76   Data           8  system_stm32f1xx.o(.constdata)
    Font16_Table                             0x080050d9   Data        3040  font16.o(.constdata)
    Font20_Table                             0x08005cb9   Data        3800  font20.o(.constdata)
    Font24CN_Table                           0x08006b91   Data        4482  font24cn.o(.constdata)
    Font12CN_Table                           0x08007d13   Data        1494  font12cn.o(.constdata)
    Region$$Table$$Base                      0x08008404   Number         0  anon$$obj.o(Region$$Table)
    Region$$Table$$Limit                     0x08008424   Number         0  anon$$obj.o(Region$$Table)
    USER_Driver                              0x20000004   Data          20  user_diskio.o(.data)
    retUSER                                  0x20000018   Data           1  fatfs.o(.data)
    USERPath                                 0x20000019   Data           4  fatfs.o(.data)
    uwTickFreq                               0x20000020   Data           1  stm32f1xx_hal.o(.data)
    uwTickPrio                               0x20000024   Data           4  stm32f1xx_hal.o(.data)
    uwTick                                   0x20000028   Data           4  stm32f1xx_hal.o(.data)
    SystemCoreClock                          0x2000002c   Data           4  system_stm32f1xx.o(.data)
    Block                                    0x20000038   Data           2  sd_card_app.o(.data)
    DataInversion                            0x2000003a   Data           2  sd_card_app.o(.data)
    SdStatus                                 0x2000003c   Data           1  sd_card_drive.o(.data)
    flag_SDHC                                0x2000003e   Data           2  sd_card_drive.o(.data)
    Font16                                   0x20000040   Data           8  font16.o(.data)
    Font20                                   0x20000048   Data           8  font20.o(.data)
    Font24CN                                 0x20000050   Data          12  font24cn.o(.data)
    Font12CN                                 0x2000005c   Data          12  font12cn.o(.data)
    __stdout                                 0x20000068   Data           4  stdout.o(.data)
    __microlib_freelist                      0x2000006c   Data           4  mvars.o(.data)
    __microlib_freelist_initialised          0x20000070   Data           4  mvars.o(.data)
    USERFatFS                                0x20000074   Data         560  fatfs.o(.bss)
    hspi1                                    0x200002a4   Data          88  spi.o(.bss)
    huart2                                   0x200002fc   Data          64  usart.o(.bss)
    disk                                     0x20000354   Data          12  ff_gen_drv.o(.bss)
    Paint                                    0x20000360   Data          24  gui_paint.o(.bss)
    USERDirectory                            0x20000378   Data         544  sd_card_app.o(.bss)
    __heap_base                              0x20000598   Data           0  startup_stm32f103xb.o(HEAP)
    __heap_limit                             0x20003a98   Data           0  startup_stm32f103xb.o(HEAP)
    __initial_sp                             0x20004a98   Data           0  startup_stm32f103xb.o(STACK)



==============================================================================

Memory Map of the image

  Image Entry point : 0x080000ed

  Load Region LR_IROM1 (Base: 0x08000000, Size: 0x00008498, Max: 0x00020000, ABSOLUTE)

    Execution Region ER_IROM1 (Exec base: 0x08000000, Load base: 0x08000000, Size: 0x00008424, Max: 0x00020000, ABSOLUTE)

    Exec Addr    Load Addr    Size         Type   Attr      Idx    E Section Name        Object

    0x08000000   0x08000000   0x000000ec   Data   RO            3    RESET               startup_stm32f103xb.o
    0x080000ec   0x080000ec   0x00000000   Code   RO         5202  * .ARM.Collect$$$$00000000  mc_w.l(entry.o)
    0x080000ec   0x080000ec   0x00000004   Code   RO         5498    .ARM.Collect$$$$00000001  mc_w.l(entry2.o)
    0x080000f0   0x080000f0   0x00000004   Code   RO         5501    .ARM.Collect$$$$00000004  mc_w.l(entry5.o)
    0x080000f4   0x080000f4   0x00000000   Code   RO         5503    .ARM.Collect$$$$00000008  mc_w.l(entry7b.o)
    0x080000f4   0x080000f4   0x00000000   Code   RO         5505    .ARM.Collect$$$$0000000A  mc_w.l(entry8b.o)
    0x080000f4   0x080000f4   0x00000008   Code   RO         5506    .ARM.Collect$$$$0000000B  mc_w.l(entry9a.o)
    0x080000fc   0x080000fc   0x00000000   Code   RO         5508    .ARM.Collect$$$$0000000D  mc_w.l(entry10a.o)
    0x080000fc   0x080000fc   0x00000000   Code   RO         5510    .ARM.Collect$$$$0000000F  mc_w.l(entry11a.o)
    0x080000fc   0x080000fc   0x00000004   Code   RO         5499    .ARM.Collect$$$$00002712  mc_w.l(entry2.o)
    0x08000100   0x08000100   0x00000024   Code   RO            4    .text               startup_stm32f103xb.o
    0x08000124   0x08000124   0x00000024   Code   RO         5207    .text               mc_w.l(memseta.o)
    0x08000148   0x08000148   0x0000002c   Code   RO         5513    .text               mc_w.l(uidiv.o)
    0x08000174   0x08000174   0x00000024   Code   RO         5534    .text               mc_w.l(init.o)
    0x08000198   0x08000198   0x00000060   Code   RO         4457    i.BSP_SD_GetCardInfo  sd_card_drive.o
    0x080001f8   0x080001f8   0x00000032   Code   RO         4458    i.BSP_SD_GetCardState  sd_card_drive.o
    0x0800022a   0x0800022a   0x00000002   PAD
    0x0800022c   0x0800022c   0x0000002c   Code   RO         4459    i.BSP_SD_Init       sd_card_drive.o
    0x08000258   0x08000258   0x000000c8   Code   RO         4460    i.BSP_SD_ReadBlocks  sd_card_drive.o
    0x08000320   0x08000320   0x000000f8   Code   RO         4461    i.BSP_SD_WriteBlocks  sd_card_drive.o
    0x08000418   0x08000418   0x00000002   Code   RO          502    i.BusFault_Handler  stm32f1xx_it.o
    0x0800041a   0x0800041a   0x00000002   PAD
    0x0800041c   0x0800041c   0x00000034   Code   RO         2730    i.DEV_Module_Exit   dev_config.o
    0x08000450   0x08000450   0x0000002c   Code   RO         2731    i.DEV_Module_Init   dev_config.o
    0x0800047c   0x0800047c   0x00000018   Code   RO         2733    i.DEV_SPI_WriteByte  dev_config.o
    0x08000494   0x08000494   0x00000002   Code   RO          503    i.DebugMon_Handler  stm32f1xx_it.o
    0x08000496   0x08000496   0x00000054   Code   RO         3667    i.EPD_2IN13D_Clear  epd_2in13d.o
    0x080004ea   0x080004ea   0x00000002   PAD
    0x080004ec   0x080004ec   0x00000062   Code   RO         3668    i.EPD_2IN13D_Display  epd_2in13d.o
    0x0800054e   0x0800054e   0x0000009c   Code   RO         3669    i.EPD_2IN13D_DisplayPart  epd_2in13d.o
    0x080005ea   0x080005ea   0x00000002   PAD
    0x080005ec   0x080005ec   0x000000c8   Code   RO         3670    i.EPD_2IN13D_Init   epd_2in13d.o
    0x080006b4   0x080006b4   0x00000070   Code   RO         3671    i.EPD_2IN13D_ReadBusy  epd_2in13d.o
    0x08000724   0x08000724   0x00000038   Code   RO         3672    i.EPD_2IN13D_SendCommand  epd_2in13d.o
    0x0800075c   0x0800075c   0x00000038   Code   RO         3673    i.EPD_2IN13D_SendData  epd_2in13d.o
    0x08000794   0x08000794   0x0000008c   Code   RO         3674    i.EPD_2IN13D_SetFullReg  epd_2in13d.o
    0x08000820   0x08000820   0x00000098   Code   RO         3675    i.EPD_2IN13D_SetPartReg  epd_2in13d.o
    0x080008b8   0x080008b8   0x00000024   Code   RO         3676    i.EPD_2IN13D_Sleep  epd_2in13d.o
    0x080008dc   0x080008dc   0x00000016   Code   RO         3677    i.EPD_2IN13D_TurnOnDisplay  epd_2in13d.o
    0x080008f2   0x080008f2   0x00000002   PAD
    0x080008f4   0x080008f4   0x000003b4   Code   RO         4983    i.EPD_2in13d_test   epd_2in13d_test.o
    0x08000ca8   0x08000ca8   0x00000006   Code   RO         2679    i.FATFS_LinkDriver  ff_gen_drv.o
    0x08000cae   0x08000cae   0x00000002   PAD
    0x08000cb0   0x08000cb0   0x00000040   Code   RO         2680    i.FATFS_LinkDriverEx  ff_gen_drv.o
    0x08000cf0   0x08000cf0   0x00000024   Code   RO         1353    i.HAL_Delay         stm32f1xx_hal.o
    0x08000d14   0x08000d14   0x000001bc   Code   RO         1646    i.HAL_GPIO_Init     stm32f1xx_hal_gpio.o
    0x08000ed0   0x08000ed0   0x0000000a   Code   RO         1648    i.HAL_GPIO_ReadPin  stm32f1xx_hal_gpio.o
    0x08000eda   0x08000eda   0x0000000a   Code   RO         1650    i.HAL_GPIO_WritePin  stm32f1xx_hal_gpio.o
    0x08000ee4   0x08000ee4   0x0000000c   Code   RO         1357    i.HAL_GetTick       stm32f1xx_hal.o
    0x08000ef0   0x08000ef0   0x00000010   Code   RO         1361    i.HAL_IncTick       stm32f1xx_hal.o
    0x08000f00   0x08000f00   0x00000024   Code   RO         1362    i.HAL_Init          stm32f1xx_hal.o
    0x08000f24   0x08000f24   0x00000040   Code   RO         1363    i.HAL_InitTick      stm32f1xx_hal.o
    0x08000f64   0x08000f64   0x00000090   Code   RO          577    i.HAL_MspInit       stm32f1xx_hal_msp.o
    0x08000ff4   0x08000ff4   0x00000040   Code   RO         1812    i.HAL_NVIC_SetPriority  stm32f1xx_hal_cortex.o
    0x08001034   0x08001034   0x00000024   Code   RO         1813    i.HAL_NVIC_SetPriorityGrouping  stm32f1xx_hal_cortex.o
    0x08001058   0x08001058   0x00000154   Code   RO         1506    i.HAL_RCC_ClockConfig  stm32f1xx_hal_rcc.o
    0x080011ac   0x080011ac   0x0000000c   Code   RO         1511    i.HAL_RCC_GetHCLKFreq  stm32f1xx_hal_rcc.o
    0x080011b8   0x080011b8   0x00000020   Code   RO         1513    i.HAL_RCC_GetPCLK1Freq  stm32f1xx_hal_rcc.o
    0x080011d8   0x080011d8   0x00000020   Code   RO         1514    i.HAL_RCC_GetPCLK2Freq  stm32f1xx_hal_rcc.o
    0x080011f8   0x080011f8   0x0000006c   Code   RO         1515    i.HAL_RCC_GetSysClockFreq  stm32f1xx_hal_rcc.o
    0x08001264   0x08001264   0x00000304   Code   RO         1518    i.HAL_RCC_OscConfig  stm32f1xx_hal_rcc.o
    0x08001568   0x08001568   0x00000082   Code   RO          960    i.HAL_SPI_Init      stm32f1xx_hal_spi_ex.o
    0x080015ea   0x080015ea   0x00000002   PAD
    0x080015ec   0x080015ec   0x00000058   Code   RO          413    i.HAL_SPI_MspInit   spi.o
    0x08001644   0x08001644   0x00000168   Code   RO          656    i.HAL_SPI_Transmit  stm32f1xx_hal_spi.o
    0x080017ac   0x080017ac   0x000001d8   Code   RO          657    i.HAL_SPI_TransmitReceive  stm32f1xx_hal_spi.o
    0x08001984   0x08001984   0x00000018   Code   RO         1815    i.HAL_SYSTICK_CLKSourceConfig  stm32f1xx_hal_cortex.o
    0x0800199c   0x0800199c   0x00000002   Code   RO         1816    i.HAL_SYSTICK_Callback  stm32f1xx_hal_cortex.o
    0x0800199e   0x0800199e   0x00000028   Code   RO         1817    i.HAL_SYSTICK_Config  stm32f1xx_hal_cortex.o
    0x080019c6   0x080019c6   0x00000008   Code   RO         1818    i.HAL_SYSTICK_IRQHandler  stm32f1xx_hal_cortex.o
    0x080019ce   0x080019ce   0x00000062   Code   RO         1045    i.HAL_UART_Init     stm32f1xx_hal_uart.o
    0x08001a30   0x08001a30   0x00000058   Code   RO          455    i.HAL_UART_MspInit  usart.o
    0x08001a88   0x08001a88   0x000000ba   Code   RO         1053    i.HAL_UART_Transmit  stm32f1xx_hal_uart.o
    0x08001b42   0x08001b42   0x00000002   Code   RO          504    i.HardFault_Handler  stm32f1xx_it.o
    0x08001b44   0x08001b44   0x0000001c   Code   RO          370    i.MX_FATFS_Init     fatfs.o
    0x08001b60   0x08001b60   0x000000d8   Code   RO          192    i.MX_GPIO_Init      gpio.o
    0x08001c38   0x08001c38   0x0000005c   Code   RO          414    i.MX_SPI1_Init      spi.o
    0x08001c94   0x08001c94   0x0000004c   Code   RO          456    i.MX_USART2_UART_Init  usart.o
    0x08001ce0   0x08001ce0   0x00000002   Code   RO          505    i.MemManage_Handler  stm32f1xx_it.o
    0x08001ce2   0x08001ce2   0x00000002   Code   RO          506    i.NMI_Handler       stm32f1xx_it.o
    0x08001ce4   0x08001ce4   0x00000020   Code   RO         1819    i.NVIC_SetPriority  stm32f1xx_hal_cortex.o
    0x08001d04   0x08001d04   0x00000034   Code   RO         2794    i.Paint_Clear       gui_paint.o
    0x08001d38   0x08001d38   0x00000034   Code   RO         2795    i.Paint_ClearWindows  gui_paint.o
    0x08001d6c   0x08001d6c   0x000000f4   Code   RO         2798    i.Paint_DrawChar    gui_paint.o
    0x08001e60   0x08001e60   0x0000021c   Code   RO         2799    i.Paint_DrawCircle  gui_paint.o
    0x0800207c   0x0800207c   0x0000010c   Code   RO         2800    i.Paint_DrawLine    gui_paint.o
    0x08002188   0x08002188   0x000000d4   Code   RO         2801    i.Paint_DrawNum     gui_paint.o
    0x0800225c   0x0800225c   0x00000108   Code   RO         2802    i.Paint_DrawPoint   gui_paint.o
    0x08002364   0x08002364   0x000000e4   Code   RO         2803    i.Paint_DrawRectangle  gui_paint.o
    0x08002448   0x08002448   0x00000194   Code   RO         2804    i.Paint_DrawString_CN  gui_paint.o
    0x080025dc   0x080025dc   0x0000007c   Code   RO         2805    i.Paint_DrawString_EN  gui_paint.o
    0x08002658   0x08002658   0x0000012c   Code   RO         2806    i.Paint_DrawTime    gui_paint.o
    0x08002784   0x08002784   0x00000038   Code   RO         2807    i.Paint_NewImage    gui_paint.o
    0x080027bc   0x080027bc   0x0000000c   Code   RO         2808    i.Paint_SelectImage  gui_paint.o
    0x080027c8   0x080027c8   0x000000d0   Code   RO         2810    i.Paint_SetPixel    gui_paint.o
    0x08002898   0x08002898   0x00000002   Code   RO          507    i.PendSV_Handler    stm32f1xx_it.o
    0x0800289a   0x0800289a   0x00000002   PAD
    0x0800289c   0x0800289c   0x000001a8   Code   RO         4384    i.SDCard_Init       sd_card_app.o
    0x08002a44   0x08002a44   0x000001b0   Code   RO         4385    i.SDCard_ReadBMP    sd_card_app.o
    0x08002bf4   0x08002bf4   0x000000fa   Code   RO         4462    i.SD_GetCIDRegister  sd_card_drive.o
    0x08002cee   0x08002cee   0x00000002   PAD
    0x08002cf0   0x08002cf0   0x000001f4   Code   RO         4463    i.SD_GetCSDRegister  sd_card_drive.o
    0x08002ee4   0x08002ee4   0x00000174   Code   RO         4464    i.SD_GoIdleState    sd_card_drive.o
    0x08003058   0x08003058   0x0000001c   Code   RO         4547    i.SD_IO_CSState     sd_card_interface.o
    0x08003074   0x08003074   0x00000028   Code   RO         4549    i.SD_IO_WriteByte   sd_card_interface.o
    0x0800309c   0x0800309c   0x00000028   Code   RO         4551    i.SD_IO_WriteReadData  sd_card_interface.o
    0x080030c4   0x080030c4   0x00000018   Code   RO         4465    i.SD_ReadData       sd_card_drive.o
    0x080030dc   0x080030dc   0x000000dc   Code   RO         4466    i.SD_SendCmd        sd_card_drive.o
    0x080031b8   0x080031b8   0x00000026   Code   RO         4467    i.SD_WaitData       sd_card_drive.o
    0x080031de   0x080031de   0x00000020   Code   RO          672    i.SPI_CheckFlag_BSY  stm32f1xx_hal_spi.o
    0x080031fe   0x080031fe   0x00000096   Code   RO          691    i.SPI_WaitFlagStateUntilTimeout  stm32f1xx_hal_spi.o
    0x08003294   0x08003294   0x00000002   Code   RO          508    i.SVC_Handler       stm32f1xx_it.o
    0x08003296   0x08003296   0x0000000e   Code   RO          509    i.SysTick_Handler   stm32f1xx_it.o
    0x080032a4   0x080032a4   0x00000068   Code   RO           13    i.SystemClock_Config  main.o
    0x0800330c   0x0800330c   0x00000048   Code   RO         2235    i.SystemInit        system_stm32f1xx.o
    0x08003354   0x08003354   0x00000170   Code   RO         1071    i.UART_SetConfig    stm32f1xx_hal_uart.o
    0x080034c4   0x080034c4   0x00000064   Code   RO         1073    i.UART_WaitOnFlagUntilTimeout  stm32f1xx_hal_uart.o
    0x08003528   0x08003528   0x00000020   Code   RO          293    i.USER_initialize   user_diskio.o
    0x08003548   0x08003548   0x00000050   Code   RO          294    i.USER_ioctl        user_diskio.o
    0x08003598   0x08003598   0x0000003c   Code   RO          295    i.USER_read         user_diskio.o
    0x080035d4   0x080035d4   0x00000020   Code   RO          296    i.USER_status       user_diskio.o
    0x080035f4   0x080035f4   0x0000003c   Code   RO          297    i.USER_write        user_diskio.o
    0x08003630   0x08003630   0x00000002   Code   RO          510    i.UsageFault_Handler  stm32f1xx_it.o
    0x08003632   0x08003632   0x00000002   Code   RO           14    i._Error_Handler    main.o
    0x08003634   0x08003634   0x00000020   Code   RO         5298    i.__0printf$3       mc_w.l(printf3.o)
    0x08003654   0x08003654   0x0000000e   Code   RO         5544    i.__scatterload_copy  mc_w.l(handlers.o)
    0x08003662   0x08003662   0x00000002   Code   RO         5545    i.__scatterload_null  mc_w.l(handlers.o)
    0x08003664   0x08003664   0x0000000e   Code   RO         5546    i.__scatterload_zeroinit  mc_w.l(handlers.o)
    0x08003672   0x08003672   0x00000002   PAD
    0x08003674   0x08003674   0x000001b8   Code   RO         5305    i._printf_core      mc_w.l(printf3.o)
    0x0800382c   0x0800382c   0x00000060   Code   RO         2358    i.check_fs          ff.o
    0x0800388c   0x0800388c   0x0000006c   Code   RO         2359    i.chk_lock          ff.o
    0x080038f8   0x080038f8   0x00000024   Code   RO         2360    i.clear_lock        ff.o
    0x0800391c   0x0800391c   0x0000002a   Code   RO         2361    i.clmt_clust        ff.o
    0x08003946   0x08003946   0x0000001e   Code   RO         2362    i.clust2sect        ff.o
    0x08003964   0x08003964   0x000000b0   Code   RO         2363    i.create_chain      ff.o
    0x08003a14   0x08003a14   0x00000100   Code   RO         2364    i.create_name       ff.o
    0x08003b14   0x08003b14   0x0000003c   Code   RO         2365    i.dec_lock          ff.o
    0x08003b50   0x08003b50   0x0000011e   Code   RO         2366    i.dir_next          ff.o
    0x08003c6e   0x08003c6e   0x00000076   Code   RO         2368    i.dir_register      ff.o
    0x08003ce4   0x08003ce4   0x00000098   Code   RO         2370    i.dir_sdi           ff.o
    0x08003d7c   0x08003d7c   0x00000028   Code   RO         2303    i.disk_initialize   diskio.o
    0x08003da4   0x08003da4   0x0000001c   Code   RO         2304    i.disk_ioctl        diskio.o
    0x08003dc0   0x08003dc0   0x0000001c   Code   RO         2305    i.disk_read         diskio.o
    0x08003ddc   0x08003ddc   0x00000018   Code   RO         2306    i.disk_status       diskio.o
    0x08003df4   0x08003df4   0x0000001c   Code   RO         2307    i.disk_write        diskio.o
    0x08003e10   0x08003e10   0x0000002a   Code   RO         2372    i.f_close           ff.o
    0x08003e3a   0x08003e3a   0x00000002   PAD
    0x08003e3c   0x08003e3c   0x00000284   Code   RO         2376    i.f_lseek           ff.o
    0x080040c0   0x080040c0   0x0000005c   Code   RO         2379    i.f_mount           ff.o
    0x0800411c   0x0800411c   0x000001a0   Code   RO         2380    i.f_open            ff.o
    0x080042bc   0x080042bc   0x00000094   Code   RO         2381    i.f_opendir         ff.o
    0x08004350   0x08004350   0x0000018c   Code   RO         2385    i.f_read            ff.o
    0x080044dc   0x080044dc   0x000000b8   Code   RO         2389    i.f_sync            ff.o
    0x08004594   0x08004594   0x00000258   Code   RO         2394    i.find_volume       ff.o
    0x080047ec   0x080047ec   0x000000c0   Code   RO         2395    i.follow_path       ff.o
    0x080048ac   0x080048ac   0x00000018   Code   RO          457    i.fputc             usart.o
    0x080048c4   0x080048c4   0x00000050   Code   RO         5470    i.free              mc_w.l(malloc.o)
    0x08004914   0x08004914   0x000000c2   Code   RO         2396    i.get_fat           ff.o
    0x080049d6   0x080049d6   0x00000004   Code   RO          371    i.get_fattime       fatfs.o
    0x080049da   0x080049da   0x0000003c   Code   RO         2398    i.get_ldnumber      ff.o
    0x08004a16   0x08004a16   0x00000002   PAD
    0x08004a18   0x08004a18   0x000000a0   Code   RO         2399    i.inc_lock          ff.o
    0x08004ab8   0x08004ab8   0x00000014   Code   RO         2400    i.ld_clust          ff.o
    0x08004acc   0x08004acc   0x0000001e   Code   RO           15    i.main              main.o
    0x08004aea   0x08004aea   0x00000002   PAD
    0x08004aec   0x08004aec   0x0000006c   Code   RO         5471    i.malloc            mc_w.l(malloc.o)
    0x08004b58   0x08004b58   0x00000012   Code   RO         2401    i.mem_cpy           ff.o
    0x08004b6a   0x08004b6a   0x0000000e   Code   RO         2402    i.mem_set           ff.o
    0x08004b78   0x08004b78   0x00000036   Code   RO         2403    i.move_window       ff.o
    0x08004bae   0x08004bae   0x000000f8   Code   RO         2404    i.put_fat           ff.o
    0x08004ca6   0x08004ca6   0x0000006e   Code   RO         2406    i.remove_chain      ff.o
    0x08004d14   0x08004d14   0x00000010   Code   RO         2407    i.st_clust          ff.o
    0x08004d24   0x08004d24   0x000000b6   Code   RO         2408    i.sync_fs           ff.o
    0x08004dda   0x08004dda   0x00000060   Code   RO         2409    i.sync_window       ff.o
    0x08004e3a   0x08004e3a   0x0000002c   Code   RO         2410    i.validate          ff.o
    0x08004e66   0x08004e66   0x00000010   Data   RO         2236    .constdata          system_stm32f1xx.o
    0x08004e76   0x08004e76   0x00000008   Data   RO         2237    .constdata          system_stm32f1xx.o
    0x08004e7e   0x08004e7e   0x000000ac   Data   RO         2412    .constdata          ff.o
    0x08004f2a   0x08004f2a   0x000001a8   Data   RO         3678    .constdata          epd_2in13d.o
    0x080050d2   0x080050d2   0x00000002   PAD
    0x080050d4   0x080050d4   0x00000005   Data   RO         4468    .constdata          sd_card_drive.o
    0x080050d9   0x080050d9   0x00000be0   Data   RO         4620    .constdata          font16.o
    0x08005cb9   0x08005cb9   0x00000ed8   Data   RO         4634    .constdata          font20.o
    0x08006b91   0x08006b91   0x00001182   Data   RO         4662    .constdata          font24cn.o
    0x08007d13   0x08007d13   0x000005d6   Data   RO         4676    .constdata          font12cn.o
    0x080082e9   0x080082e9   0x00000003   PAD
    0x080082ec   0x080082ec   0x000000cd   Data   RO         2813    .conststring        gui_paint.o
    0x080083b9   0x080083b9   0x00000003   PAD
    0x080083bc   0x080083bc   0x00000047   Data   RO         4391    .conststring        sd_card_app.o
    0x08008403   0x08008403   0x00000001   PAD
    0x08008404   0x08008404   0x00000020   Data   RO         5542    Region$$Table       anon$$obj.o


    Execution Region RW_IRAM1 (Exec base: 0x20000000, Load base: 0x08008424, Size: 0x00004a98, Max: 0x00005000, ABSOLUTE)

    Exec Addr    Load Addr    Size         Type   Attr      Idx    E Section Name        Object

    0x20000000   0x08008424   0x00000001   Data   RW          298    .data               user_diskio.o
    0x20000001   0x08008425   0x00000003   PAD
    0x20000004   0x08008428   0x00000014   Data   RW          299    .data               user_diskio.o
    0x20000018   0x0800843c   0x00000005   Data   RW          374    .data               fatfs.o
    0x2000001d   0x08008441   0x00000003   PAD
    0x20000020   0x08008444   0x0000000c   Data   RW         1369    .data               stm32f1xx_hal.o
    0x2000002c   0x08008450   0x00000004   Data   RW         2238    .data               system_stm32f1xx.o
    0x20000030   0x08008454   0x00000008   Data   RW         2413    .data               ff.o
    0x20000038   0x0800845c   0x00000004   Data   RW         4392    .data               sd_card_app.o
    0x2000003c   0x08008460   0x00000004   Data   RW         4469    .data               sd_card_drive.o
    0x20000040   0x08008464   0x00000008   Data   RW         4621    .data               font16.o
    0x20000048   0x0800846c   0x00000008   Data   RW         4635    .data               font20.o
    0x20000050   0x08008474   0x0000000c   Data   RW         4663    .data               font24cn.o
    0x2000005c   0x08008480   0x0000000c   Data   RW         4677    .data               font12cn.o
    0x20000068   0x0800848c   0x00000004   Data   RW         5512    .data               mc_w.l(stdout.o)
    0x2000006c   0x08008490   0x00000004   Data   RW         5521    .data               mc_w.l(mvars.o)
    0x20000070   0x08008494   0x00000004   Data   RW         5522    .data               mc_w.l(mvars.o)
    0x20000074        -       0x00000230   Zero   RW          372    .bss                fatfs.o
    0x200002a4        -       0x00000058   Zero   RW          415    .bss                spi.o
    0x200002fc        -       0x00000040   Zero   RW          458    .bss                usart.o
    0x2000033c        -       0x00000018   Zero   RW         2411    .bss                ff.o
    0x20000354        -       0x0000000c   Zero   RW         2683    .bss                ff_gen_drv.o
    0x20000360        -       0x00000018   Zero   RW         2812    .bss                gui_paint.o
    0x20000378        -       0x00000220   Zero   RW         4390    .bss                sd_card_app.o
    0x20000598        -       0x00003500   Zero   RW            2    HEAP                startup_stm32f103xb.o
    0x20003a98        -       0x00001000   Zero   RW            1    STACK               startup_stm32f103xb.o


==============================================================================

Image component sizes


      Code (inc. data)   RO Data    RW Data    ZI Data      Debug   Object Name

       120         26          0          0          0       1456   dev_config.o
       148         22          0          0          0       3585   diskio.o
      1112         98        424          0          0       7586   epd_2in13d.o
       948        290          0          0          0       1422   epd_2in13d_test.o
        32         10          0          5        560       1452   fatfs.o
      5290         70        172          8         24      34247   ff.o
        70          4          0          0         12       1583   ff_gen_drv.o
         0          0       1494         12          0       1387   font12cn.o
         0          0       3040          8          0       1385   font16.o
         0          0       3800          8          0       1385   font20.o
         0          0       4482         12          0       1387   font24cn.o
       216         18          0          0          0     409599   gpio.o
      2964        442        205          0         24      16755   gui_paint.o
       136          0          0          0          0      39473   main.o
       856        476         71          4        544       7686   sd_card_app.o
      2042         44          5          4          0      11223   sd_card_drive.o
       108         18          0          0          0       2180   sd_card_interface.o
       180         40          0          0         88       1601   spi.o
        36          8        236          0      17664        804   startup_stm32f103xb.o
       164         28          0         12          0       3849   stm32f1xx_hal.o
       206         14          0          0          0      26780   stm32f1xx_hal_cortex.o
       464         36          0          0          0       3511   stm32f1xx_hal_gpio.o
       144         10          0          0          0        914   stm32f1xx_hal_msp.o
      1296        104          0          0          0       5648   stm32f1xx_hal_rcc.o
      1014          0          0          0          0       4869   stm32f1xx_hal_spi.o
       130          0          0          0          0       1067   stm32f1xx_hal_spi_ex.o
       752          4          0          0          0       3924   stm32f1xx_hal_uart.o
        30          0          0          0          0       3834   stm32f1xx_it.o
        72         16         24          4          0       1163   system_stm32f1xx.o
       188         42          0          0         64       2138   usart.o
       264         34          0         21          0       8788   user_diskio.o

    ----------------------------------------------------------------------
     19006       1854      13994        104      18980     612681   Object Totals
         0          0         32          0          0          0   (incl. Generated)
        24          0          9          6          0          0   (incl. Padding)

    ----------------------------------------------------------------------

      Code (inc. data)   RO Data    RW Data    ZI Data      Debug   Library Member Name

         0          0          0          0          0          0   entry.o
         0          0          0          0          0          0   entry10a.o
         0          0          0          0          0          0   entry11a.o
         8          4          0          0          0          0   entry2.o
         4          0          0          0          0          0   entry5.o
         0          0          0          0          0          0   entry7b.o
         0          0          0          0          0          0   entry8b.o
         8          4          0          0          0          0   entry9a.o
        30          0          0          0          0          0   handlers.o
        36          8          0          0          0         68   init.o
       188         20          0          0          0        160   malloc.o
        36          0          0          0          0        108   memseta.o
         0          0          0          8          0          0   mvars.o
       472         14          0          0          0        184   printf3.o
         0          0          0          4          0          0   stdout.o
        44          0          0          0          0         80   uidiv.o

    ----------------------------------------------------------------------
       828         50          0         12          0        600   Library Totals
         2          0          0          0          0          0   (incl. Padding)

    ----------------------------------------------------------------------

      Code (inc. data)   RO Data    RW Data    ZI Data      Debug   Library Name

       826         50          0         12          0        600   mc_w.l

    ----------------------------------------------------------------------
       828         50          0         12          0        600   Library Totals

    ----------------------------------------------------------------------

==============================================================================


      Code (inc. data)   RO Data    RW Data    ZI Data      Debug   

     19834       1904      13994        116      18980     606049   Grand Totals
     19834       1904      13994        116      18980     606049   ELF Image Totals
     19834       1904      13994        116          0          0   ROM Totals

==============================================================================

    Total RO  Size (Code + RO Data)                33828 (  33.04kB)
    Total RW  Size (RW Data + ZI Data)             19096 (  18.65kB)
    Total ROM Size (Code + RO Data + RW Data)      33944 (  33.15kB)

==============================================================================

