Component: ARM Compiler 5.06 update 6 (build 750) Tool: armlink [4d35ed]

==============================================================================

Section Cross References

    startup_stm32f103xb.o(RESET) refers to startup_stm32f103xb.o(STACK) for __initial_sp
    startup_stm32f103xb.o(RESET) refers to startup_stm32f103xb.o(.text) for Reset_Handler
    startup_stm32f103xb.o(RESET) refers to stm32f1xx_it.o(i.NMI_Handler) for NMI_Handler
    startup_stm32f103xb.o(RESET) refers to stm32f1xx_it.o(i.HardFault_Handler) for HardFault_Handler
    startup_stm32f103xb.o(RESET) refers to stm32f1xx_it.o(i.MemManage_Handler) for MemManage_Handler
    startup_stm32f103xb.o(RESET) refers to stm32f1xx_it.o(i.BusFault_Handler) for BusFault_Handler
    startup_stm32f103xb.o(RESET) refers to stm32f1xx_it.o(i.UsageFault_Handler) for UsageFault_Handler
    startup_stm32f103xb.o(RESET) refers to stm32f1xx_it.o(i.SVC_Handler) for SVC_Handler
    startup_stm32f103xb.o(RESET) refers to stm32f1xx_it.o(i.DebugMon_Handler) for DebugMon_Handler
    startup_stm32f103xb.o(RESET) refers to stm32f1xx_it.o(i.PendSV_Handler) for PendSV_Handler
    startup_stm32f103xb.o(RESET) refers to stm32f1xx_it.o(i.SysTick_Handler) for SysTick_Handler
    startup_stm32f103xb.o(.text) refers to system_stm32f1xx.o(i.SystemInit) for SystemInit
    startup_stm32f103xb.o(.text) refers to entry.o(.ARM.Collect$$$$00000000) for __main
    main.o(i.SystemClock_Config) refers to stm32f1xx_hal_rcc.o(i.HAL_RCC_OscConfig) for HAL_RCC_OscConfig
    main.o(i.SystemClock_Config) refers to stm32f1xx_hal_rcc.o(i.HAL_RCC_ClockConfig) for HAL_RCC_ClockConfig
    main.o(i.SystemClock_Config) refers to stm32f1xx_hal_rcc.o(i.HAL_RCC_GetHCLKFreq) for HAL_RCC_GetHCLKFreq
    main.o(i.SystemClock_Config) refers to stm32f1xx_hal_cortex.o(i.HAL_SYSTICK_Config) for HAL_SYSTICK_Config
    main.o(i.SystemClock_Config) refers to stm32f1xx_hal_cortex.o(i.HAL_SYSTICK_CLKSourceConfig) for HAL_SYSTICK_CLKSourceConfig
    main.o(i.SystemClock_Config) refers to stm32f1xx_hal_cortex.o(i.HAL_NVIC_SetPriority) for HAL_NVIC_SetPriority
    main.o(i.main) refers to stm32f1xx_hal.o(i.HAL_Init) for HAL_Init
    main.o(i.main) refers to main.o(i.SystemClock_Config) for SystemClock_Config
    main.o(i.main) refers to gpio.o(i.MX_GPIO_Init) for MX_GPIO_Init
    main.o(i.main) refers to spi.o(i.MX_SPI1_Init) for MX_SPI1_Init
    main.o(i.main) refers to usart.o(i.MX_USART2_UART_Init) for MX_USART2_UART_Init
    main.o(i.main) refers to fatfs.o(i.MX_FATFS_Init) for MX_FATFS_Init
    main.o(i.main) refers to epd_2in13_test.o(i.EPD_2IN13_test) for EPD_2IN13_test
    gpio.o(i.MX_GPIO_Init) refers to stm32f1xx_hal_gpio.o(i.HAL_GPIO_WritePin) for HAL_GPIO_WritePin
    gpio.o(i.MX_GPIO_Init) refers to stm32f1xx_hal_gpio.o(i.HAL_GPIO_Init) for HAL_GPIO_Init
    user_diskio.o(i.USER_initialize) refers to sd_card_drive.o(i.BSP_SD_Init) for BSP_SD_Init
    user_diskio.o(i.USER_initialize) refers to user_diskio.o(.data) for .data
    user_diskio.o(i.USER_ioctl) refers to sd_card_drive.o(i.BSP_SD_GetCardInfo) for BSP_SD_GetCardInfo
    user_diskio.o(i.USER_ioctl) refers to user_diskio.o(.data) for .data
    user_diskio.o(i.USER_read) refers to sd_card_drive.o(i.BSP_SD_ReadBlocks) for BSP_SD_ReadBlocks
    user_diskio.o(i.USER_read) refers to sd_card_drive.o(i.BSP_SD_GetCardState) for BSP_SD_GetCardState
    user_diskio.o(i.USER_status) refers to sd_card_drive.o(i.BSP_SD_GetCardState) for BSP_SD_GetCardState
    user_diskio.o(i.USER_status) refers to user_diskio.o(.data) for .data
    user_diskio.o(i.USER_write) refers to sd_card_drive.o(i.BSP_SD_WriteBlocks) for BSP_SD_WriteBlocks
    user_diskio.o(i.USER_write) refers to sd_card_drive.o(i.BSP_SD_GetCardState) for BSP_SD_GetCardState
    user_diskio.o(.data) refers to user_diskio.o(i.USER_initialize) for USER_initialize
    user_diskio.o(.data) refers to user_diskio.o(i.USER_status) for USER_status
    user_diskio.o(.data) refers to user_diskio.o(i.USER_read) for USER_read
    user_diskio.o(.data) refers to user_diskio.o(i.USER_write) for USER_write
    user_diskio.o(.data) refers to user_diskio.o(i.USER_ioctl) for USER_ioctl
    fatfs.o(i.MX_FATFS_Init) refers to ff_gen_drv.o(i.FATFS_LinkDriver) for FATFS_LinkDriver
    fatfs.o(i.MX_FATFS_Init) refers to fatfs.o(.data) for .data
    fatfs.o(i.MX_FATFS_Init) refers to user_diskio.o(.data) for USER_Driver
    spi.o(i.HAL_SPI_MspDeInit) refers to stm32f1xx_hal_gpio.o(i.HAL_GPIO_DeInit) for HAL_GPIO_DeInit
    spi.o(i.HAL_SPI_MspInit) refers to stm32f1xx_hal_gpio.o(i.HAL_GPIO_Init) for HAL_GPIO_Init
    spi.o(i.MX_SPI1_Init) refers to stm32f1xx_hal_spi_ex.o(i.HAL_SPI_Init) for HAL_SPI_Init
    spi.o(i.MX_SPI1_Init) refers to main.o(i._Error_Handler) for _Error_Handler
    spi.o(i.MX_SPI1_Init) refers to spi.o(.bss) for .bss
    usart.o(i.HAL_UART_MspDeInit) refers to stm32f1xx_hal_gpio.o(i.HAL_GPIO_DeInit) for HAL_GPIO_DeInit
[...]
    ..\Drivers\STM32F1xx_HAL_Driver\Src\stm32f1xx_hal.c 0x00000000   Number         0  stm32f1xx_hal.o ABSOLUTE
    ..\Drivers\STM32F1xx_HAL_Driver\Src\stm32f1xx_hal_cortex.c 0x00000000   Number         0  stm32f1xx_hal_cortex.o ABSOLUTE
    ..\Drivers\STM32F1xx_HAL_Driver\Src\stm32f1xx_hal_dma.c 0x00000000   Number         0  stm32f1xx_hal_dma.o ABSOLUTE
    ..\Drivers\STM32F1xx_HAL_Driver\Src\stm32f1xx_hal_flash.c 0x00000000   Number         0  stm32f1xx_hal_flash.o ABSOLUTE
    ..\Drivers\STM32F1xx_HAL_Driver\Src\stm32f1xx_hal_flash_ex.c 0x00000000   Number         0  stm32f1xx_hal_flash_ex.o ABSOLUTE
    ..\Drivers\STM32F1xx_HAL_Driver\Src\stm32f1xx_hal_gpio.c 0x00000000   Number         0  stm32f1xx_hal_gpio.o ABSOLUTE
    ..\Drivers\STM32F1xx_HAL_Driver\Src\stm32f1xx_hal_gpio_ex.c 0x00000000   Number         0  stm32f1xx_hal_gpio_ex.o ABSOLUTE
    ..\Drivers\STM32F1xx_HAL_Driver\Src\stm32f1xx_hal_pwr.c 0x00000000   Number         0  stm32f1xx_hal_pwr.o ABSOLUTE
    ..\Drivers\STM32F1xx_HAL_Driver\Src\stm32f1xx_hal_rcc.c 0x00000000   Number         0  stm32f1xx_hal_rcc.o ABSOLUTE
    ..\Drivers\STM32F1xx_HAL_Driver\Src\stm32f1xx_hal_rcc_ex.c 0x00000000   Number         0  stm32f1xx_hal_rcc_ex.o ABSOLUTE
    ..\Drivers\STM32F1xx_HAL_Driver\Src\stm32f1xx_hal_spi.c 0x00000000   Number         0  stm32f1xx_hal_spi.o ABSOLUTE
    ..\Drivers\STM32F1xx_HAL_Driver\Src\stm32f1xx_hal_spi_ex.c 0x00000000   Number         0  stm32f1xx_hal_spi_ex.o ABSOLUTE
    ..\Drivers\STM32F1xx_HAL_Driver\Src\stm32f1xx_hal_tim.c 0x00000000   Number         0  stm32f1xx_hal_tim.o ABSOLUTE
    ..\Drivers\STM32F1xx_HAL_Driver\Src\stm32f1xx_hal_tim_ex.c 0x00000000   Number         0  stm32f1xx_hal_tim_ex.o ABSOLUTE
    ..\Drivers\STM32F1xx_HAL_Driver\Src\stm32f1xx_hal_uart.c 0x00000000   Number         0  stm32f1xx_hal_uart.o ABSOLUTE
    ..\Middlewares\Third_Party\FatFs\src\diskio.c 0x00000000   Number         0  diskio.o ABSOLUTE
    ..\Middlewares\Third_Party\FatFs\src\ff.c 0x00000000   Number         0  ff.o ABSOLUTE
    ..\Middlewares\Third_Party\FatFs\src\ff_gen_drv.c 0x00000000   Number         0  ff_gen_drv.o ABSOLUTE
    ..\Middlewares\Third_Party\FatFs\src\option\syscall.c 0x00000000   Number         0  syscall.o ABSOLUTE
    ..\Src\fatfs.c                           0x00000000   Number         0  fatfs.o ABSOLUTE
    ..\Src\gpio.c                            0x00000000   Number         0  gpio.o ABSOLUTE
    ..\Src\main.c                            0x00000000   Number         0  main.o ABSOLUTE
    ..\Src\spi.c                             0x00000000   Number         0  spi.o ABSOLUTE
    ..\Src\stm32f1xx_hal_msp.c               0x00000000   Number         0  stm32f1xx_hal_msp.o ABSOLUTE
    ..\Src\stm32f1xx_it.c                    0x00000000   Number         0  stm32f1xx_it.o ABSOLUTE
    ..\Src\usart.c                           0x00000000   Number         0  usart.o ABSOLUTE
    ..\Src\user_diskio.c                     0x00000000   Number         0  user_diskio.o ABSOLUTE
    ..\User\BSP\GUI_Paint.c                  0x00000000   Number         0  gui_paint.o ABSOLUTE
    ..\User\BSP\SPI_RAM.c                    0x00000000   Number         0  spi_ram.o ABSOLUTE
    ..\User\Config\DEV_Config.c              0x00000000   Number         0  dev_config.o ABSOLUTE
    ..\User\Examples\EPD_1in54V2_test.c      0x00000000   Number         0  epd_1in54v2_test.o ABSOLUTE
    ..\User\Examples\EPD_1in54_test.c        0x00000000   Number         0  epd_1in54_test.o ABSOLUTE
    ..\User\Examples\EPD_1in54b_test.c       0x00000000   Number         0  epd_1in54b_test.o ABSOLUTE
    ..\User\Examples\EPD_1in54c_test.c       0x00000000   Number         0  epd_1in54c_test.o ABSOLUTE
    ..\User\Examples\EPD_2in13V2_test.c      0x00000000   Number         0  epd_2in13v2_test.o ABSOLUTE
    ..\User\Examples\EPD_2in13_test.c        0x00000000   Number         0  epd_2in13_test.o ABSOLUTE
    ..\User\Examples\EPD_2in13bc_test.c      0x00000000   Number         0  epd_2in13bc_test.o ABSOLUTE
    ..\User\Examples\EPD_2in13d_test.c       0x00000000   Number         0  epd_2in13d_test.o ABSOLUTE
    ..\User\Examples\EPD_2in7_test.c         0x00000000   Number         0  epd_2in7_test.o ABSOLUTE
    ..\User\Examples\EPD_2in7b_test.c        0x00000000   Number         0  epd_2in7b_test.o ABSOLUTE
    ..\User\Examples\EPD_2in9_test.c         0x00000000   Number         0  epd_2in9_test.o ABSOLUTE
    ..\User\Examples\EPD_2in9bc_test.c       0x00000000   Number         0  epd_2in9bc_test.o ABSOLUTE
    ..\User\Examples\EPD_2in9d_test.c        0x00000000   Number         0  epd_2in9d_test.o ABSOLUTE
    ..\User\Examples\EPD_4in2_test.c         0x00000000   Number         0  epd_4in2_test.o ABSOLUTE
    ..\User\Examples\EPD_4in2bc_test.c       0x00000000   Number         0  epd_4in2bc_test.o ABSOLUTE
    ..\User\Examples\EPD_5in83_test.c        0x00000000   Number         0  epd_5in83_test.o ABSOLUTE
    ..\User\Examples\EPD_5in83bc_test.c      0x00000000   Number         0  epd_5in83bc_test.o ABSOLUTE
    ..\User\Examples\EPD_7in5_test.c         0x00000000   Number         0  epd_7in5_test.o ABSOLUTE
    ..\User\Examples\EPD_7in5bc_test.c       0x00000000   Number         0  epd_7in5bc_test.o ABSOLUTE
    ..\User\Fonts\font12.c                   0x00000000   Number         0  font12.o ABSOLUTE
    ..\User\Fonts\font12CN.c                 0x00000000   Number         0  font12cn.o ABSOLUTE
    ..\User\Fonts\font16.c                   0x00000000   Number         0  font16.o ABSOLUTE
    ..\User\Fonts\font20.c                   0x00000000   Number         0  font20.o ABSOLUTE
    ..\User\Fonts\font24.c                   0x00000000   Number         0  font24.o ABSOLUTE
    ..\User\Fonts\font24CN.c                 0x00000000   Number         0  font24cn.o ABSOLUTE
    ..\User\Fonts\font8.c                    0x00000000   Number         0  font8.o ABSOLUTE
    ..\User\SDcard\SD_Card_APP.c             0x00000000   Number         0  sd_card_app.o ABSOLUTE
    ..\User\SDcard\SD_Card_Drive.c           0x00000000   Number         0  sd_card_drive.o ABSOLUTE
    ..\User\SDcard\SD_Card_Interface.c       0x00000000   Number         0  sd_card_interface.o ABSOLUTE
    ..\User\e-Paper\EPD_1in54.c              0x00000000   Number         0  epd_1in54.o ABSOLUTE
    ..\User\e-Paper\EPD_1in54_V2.c           0x00000000   Number         0  epd_1in54_v2.o ABSOLUTE
    ..\User\e-Paper\EPD_1in54b.c             0x00000000   Number         0  epd_1in54b.o ABSOLUTE
    ..\User\e-Paper\EPD_1in54c.c             0x00000000   Number         0  epd_1in54c.o ABSOLUTE
    ..\User\e-Paper\EPD_2in13.c              0x00000000   Number         0  epd_2in13.o ABSOLUTE
    ..\User\e-Paper\EPD_2in13_V2.c           0x00000000   Number         0  epd_2in13_v2.o ABSOLUTE
    ..\User\e-Paper\EPD_2in13bc.c            0x00000000   Number         0  epd_2in13bc.o ABSOLUTE
    ..\User\e-Paper\EPD_2in13d.c             0x00000000   Number         0  epd_2in13d.o ABSOLUTE
    ..\User\e-Paper\EPD_2in7.c               0x00000000   Number         0  epd_2in7.o ABSOLUTE
    ..\User\e-Paper\EPD_2in7b.c              0x00000000   Number         0  epd_2in7b.o ABSOLUTE
    ..\User\e-Paper\EPD_2in9.c               0x00000000   Number         0  epd_2in9.o ABSOLUTE
    ..\User\e-Paper\EPD_2in9bc.c             0x00000000   Number         0  epd_2in9bc.o ABSOLUTE
    ..\User\e-Paper\EPD_2in9d.c              0x00000000   Number         0  epd_2in9d.o ABSOLUTE
    ..\User\e-Paper\EPD_4in2.c               0x00000000   Number         0  epd_4in2.o ABSOLUTE
    ..\User\e-Paper\EPD_4in2bc.c             0x00000000   Number         0  epd_4in2bc.o ABSOLUTE
    ..\User\e-Paper\EPD_5in83.c              0x00000000   Number         0  epd_5in83.o ABSOLUTE
    ..\User\e-Paper\EPD_5in83bc.c            0x00000000   Number         0  epd_5in83bc.o ABSOLUTE
    ..\User\e-Paper\EPD_7in5.c               0x00000000   Number         0  epd_7in5.o ABSOLUTE
    ..\User\e-Paper\EPD_7in5bc.c             0x00000000   Number         0  epd_7in5bc.o ABSOLUTE
    ..\User\e-Paper\ImageData.c              0x00000000   Number         0  imagedata.o ABSOLUTE
    ..\\Src\system_stm32f1xx.c               0x00000000   Number         0  system_stm32f1xx.o ABSOLUTE
    ..\\User\\BSP\\GUI_Paint.c               0x00000000   Number         0  gui_paint.o ABSOLUTE
    ..\\User\\BSP\\SPI_RAM.c                 0x00000000   Number         0  spi_ram.o ABSOLUTE
    ..\\User\\Config\\DEV_Config.c           0x00000000   Number         0  dev_config.o ABSOLUTE
    ..\\User\\Examples\\EPD_1in54V2_test.c   0x00000000   Number         0  epd_1in54v2_test.o ABSOLUTE
    ..\\User\\Examples\\EPD_1in54_test.c     0x00000000   Number         0  epd_1in54_test.o ABSOLUTE
    ..\\User\\Examples\\EPD_1in54b_test.c    0x00000000   Number         0  epd_1in54b_test.o ABSOLUTE
    ..\\User\\Examples\\EPD_1in54c_test.c    0x00000000   Number         0  epd_1in54c_test.o ABSOLUTE
    ..\\User\\Examples\\EPD_2in13V2_test.c   0x00000000   Number         0  epd_2in13v2_test.o ABSOLUTE
    ..\\User\\Examples\\EPD_2in13_test.c     0x00000000   Number         0  epd_2in13_test.o ABSOLUTE
    ..\\User\\Examples\\EPD_2in13bc_test.c   0x00000000   Number         0  epd_2in13bc_test.o ABSOLUTE
    ..\\User\\Examples\\EPD_2in13d_test.c    0x00000000   Number         0  epd_2in13d_test.o ABSOLUTE
    ..\\User\\Examples\\EPD_2in7_test.c      0x00000000   Number         0  epd_2in7_test.o ABSOLUTE
    ..\\User\\Examples\\EPD_2in7b_test.c     0x00000000   Number         0  epd_2in7b_test.o ABSOLUTE
    ..\\User\\Examples\\EPD_2in9_test.c      0x00000000   Number         0  epd_2in9_test.o ABSOLUTE
    ..\\User\\Examples\\EPD_2in9bc_test.c    0x00000000   Number         0  epd_2in9bc_test.o ABSOLUTE
    ..\\User\\Examples\\EPD_2in9d_test.c     0x00000000   Number         0  epd_2in9d_test.o ABSOLUTE
    ..\\User\\Examples\\EPD_4in2_test.c      0x00000000   Number         0  epd_4in2_test.o ABSOLUTE
    ..\\User\\Examples\\EPD_4in2bc_test.c    0x00000000   Number         0  epd_4in2bc_test.o ABSOLUTE
    ..\\User\\Examples\\EPD_5in83_test.c     0x00000000   Number         0  epd_5in83_test.o ABSOLUTE
    ..\\User\\Examples\\EPD_5in83bc_test.c   0x00000000   Number         0  epd_5in83bc_test.o ABSOLUTE
    ..\\User\\Examples\\EPD_7in5_test.c      0x00000000   Number         0  epd_7in5_test.o ABSOLUTE
    ..\\User\\Examples\\EPD_7in5bc_test.c    0x00000000   Number         0  epd_7in5bc_test.o ABSOLUTE
    ..\\User\\SDcard\\SD_Card_APP.c          0x00000000   Number         0  sd_card_app.o ABSOLUTE
    ..\\User\\SDcard\\SD_Card_Drive.c        0x00000000   Number         0  sd_card_drive.o ABSOLUTE
    ..\\User\\SDcard\\SD_Card_Interface.c    0x00000000   Number         0  sd_card_interface.o ABSOLUTE
    ..\\User\\e-Paper\\EPD_1in54.c           0x00000000   Number         0  epd_1in54.o ABSOLUTE
    ..\\User\\e-Paper\\EPD_1in54_V2.c        0x00000000   Number         0  epd_1in54_v2.o ABSOLUTE
    ..\\User\\e-Paper\\EPD_1in54b.c          0x00000000   Number         0  epd_1in54b.o ABSOLUTE
    ..\\User\\e-Paper\\EPD_1in54c.c          0x00000000   Number         0  epd_1in54c.o ABSOLUTE
    ..\\User\\e-Paper\\EPD_2in13.c           0x00000000   Number         0  epd_2in13.o ABSOLUTE
    ..\\User\\e-Paper\\EPD_2in13_V2.c        0x00000000   Number         0  epd_2in13_v2.o ABSOLUTE
    ..\\User\\e-Paper\\EPD_2in13bc.c         0x00000000   Number         0  epd_2in13bc.o ABSOLUTE
    ..\\User\\e-Paper\\EPD_2in13d.c          0x00000000   Number         0  epd_2in13d.o ABSOLUTE
    ..\\User\\e-Paper\\EPD_2in7.c            0x00000000   Number         0  epd_2in7.o ABSOLUTE
    ..\\User\\e-Paper\\EPD_2in7b.c           0x00000000   Number         0  epd_2in7b.o ABSOLUTE
    ..\\User\\e-Paper\\EPD_2in9.c            0x00000000   Number         0  epd_2in9.o ABSOLUTE
    ..\\User\\e-Paper\\EPD_2in9bc.c          0x00000000   Number         0  epd_2in9bc.o ABSOLUTE
    ..\\User\\e-Paper\\EPD_2in9d.c           0x00000000   Number         0  epd_2in9d.o ABSOLUTE
    ..\\User\\e-Paper\\EPD_4in2.c            0x00000000   Number         0  epd_4in2.o ABSOLUTE
    ..\\User\\e-Paper\\EPD_4in2bc.c          0x00000000   Number         0  epd_4in2bc.o ABSOLUTE
    ..\\User\\e-Paper\\EPD_5in83.c           0x00000000   Number         0  epd_5in83.o ABSOLUTE
    ..\\User\\e-Paper\\EPD_5in83bc.c         0x00000000   Number         0  epd_5in83bc.o ABSOLUTE
    ..\\User\\e-Paper\\EPD_7in5.c            0x00000000   Number         0  epd_7in5.o ABSOLUTE
    ..\\User\\e-Paper\\EPD_7in5bc.c          0x00000000   Number         0  epd_7in5bc.o ABSOLUTE
    cdrcmple.s                               0x00000000   Number         0  cdrcmple.o ABSOLUTE
    dc.s                                     0x00000000   Number         0  dc.o ABSOLUTE
    handlers.s                               0x00000000   Number         0  handlers.o ABSOLUTE
    init.s                                   0x00000000   Number         0  init.o ABSOLUTE
    startup_stm32f103xb.s                    0x00000000   Number         0  startup_stm32f103xb.o ABSOLUTE
    RESET                                    0x08000000   Section      236  startup_stm32f103xb.o(RESET)
    .ARM.Collect$$$$00000000                 0x080000ec   Section        0  entry.o(.ARM.Collect$$$$00000000)
    .ARM.Collect$$$$00000001                 0x080000ec   Section        4  entry2.o(.ARM.Collect$$$$00000001)
    .ARM.Collect$$$$00000004                 0x080000f0   Section        4  entry5.o(.ARM.Collect$$$$00000004)
    .ARM.Collect$$$$00000008                 0x080000f4   Section        0  entry7b.o(.ARM.Collect$$$$00000008)
    .ARM.Collect$$$$0000000A                 0x080000f4   Section        0  entry8b.o(.ARM.Collect$$$$0000000A)
    .ARM.Collect$$$$0000000B                 0x080000f4   Section        8  entry9a.o(.ARM.Collect$$$$0000000B)
    .ARM.Collect$$$$0000000D                 0x080000fc   Section        0  entry10a.o(.ARM.Collect$$$$0000000D)
    .ARM.Collect$$$$0000000F                 0x080000fc   Section        0  entry11a.o(.ARM.Collect$$$$0000000F)
    .ARM.Collect$$$$00002712                 0x080000fc   Section        4  entry2.o(.ARM.Collect$$$$00002712)
    __lit__00000000                          0x080000fc   Data           4  entry2.o(.ARM.Collect$$$$00002712)
    .text                                    0x08000100   Section       36  startup_stm32f103xb.o(.text)
    .text                                    0x08000124   Section        0  memseta.o(.text)
    .text                                    0x08000148   Section        0  uidiv.o(.text)
    .text                                    0x08000174   Section       36  init.o(.text)
    i.BSP_SD_GetCardInfo                     0x08000198   Section        0  sd_card_drive.o(i.BSP_SD_GetCardInfo)
    i.BSP_SD_GetCardState                    0x080001f8   Section        0  sd_card_drive.o(i.BSP_SD_GetCardState)
    i.BSP_SD_Init                            0x0800022c   Section        0  sd_card_drive.o(i.BSP_SD_Init)
    i.BSP_SD_ReadBlocks                      0x08000258   Section        0  sd_card_drive.o(i.BSP_SD_ReadBlocks)
    i.BSP_SD_WriteBlocks                     0x08000320   Section        0  sd_card_drive.o(i.BSP_SD_WriteBlocks)
    i.BusFault_Handler                       0x08000418   Section        0  stm32f1xx_it.o(i.BusFault_Handler)
    i.DEV_Module_Exit                        0x0800041c   Section        0  dev_config.o(i.DEV_Module_Exit)
    i.DEV_Module_Init                        0x08000450   Section        0  dev_config.o(i.DEV_Module_Init)
    i.DEV_SPI_ReadByte                       0x0800047c   Section        0  dev_config.o(i.DEV_SPI_ReadByte)
    i.DEV_SPI_WriteByte                      0x08000498   Section        0  dev_config.o(i.DEV_SPI_WriteByte)
    i.DebugMon_Handler                       0x080004b0   Section        0  stm32f1xx_it.o(i.DebugMon_Handler)
    i.EPD_2IN13_Clear                        0x080004b2   Section        0  epd_2in13.o(i.EPD_2IN13_Clear)
    i.EPD_2IN13_Display                      0x080004f8   Section        0  epd_2in13.o(i.EPD_2IN13_Display)
    i.EPD_2IN13_Init                         0x08000544   Section        0  epd_2in13.o(i.EPD_2IN13_Init)
    i.EPD_2IN13_ReadBusy                     0x0800066c   Section        0  epd_2in13.o(i.EPD_2IN13_ReadBusy)
    i.EPD_2IN13_SendCommand                  0x080006d4   Section        0  epd_2in13.o(i.EPD_2IN13_SendCommand)
    EPD_2IN13_SendCommand                    0x080006d5   Thumb Code    46  epd_2in13.o(i.EPD_2IN13_SendCommand)
    i.EPD_2IN13_SendData                     0x0800070c   Section        0  epd_2in13.o(i.EPD_2IN13_SendData)
    EPD_2IN13_SendData                       0x0800070d   Thumb Code    46  epd_2in13.o(i.EPD_2IN13_SendData)
    i.EPD_2IN13_SetCursor                    0x08000744   Section        0  epd_2in13.o(i.EPD_2IN13_SetCursor)
    EPD_2IN13_SetCursor                      0x08000745   Thumb Code    44  epd_2in13.o(i.EPD_2IN13_SetCursor)
    i.EPD_2IN13_SetWindows                   0x08000770   Section        0  epd_2in13.o(i.EPD_2IN13_SetWindows)
    EPD_2IN13_SetWindows                     0x08000771   Thumb Code    72  epd_2in13.o(i.EPD_2IN13_SetWindows)
    i.EPD_2IN13_Sleep                        0x080007b8   Section        0  epd_2in13.o(i.EPD_2IN13_Sleep)
    i.EPD_2IN13_TurnOnDisplay                0x080007ec   Section        0  epd_2in13.o(i.EPD_2IN13_TurnOnDisplay)
    EPD_2IN13_TurnOnDisplay                  0x080007ed   Thumb Code    34  epd_2in13.o(i.EPD_2IN13_TurnOnDisplay)
    i.EPD_2IN13_test                         0x08000810   Section        0  epd_2in13_test.o(i.EPD_2IN13_test)
    i.FATFS_LinkDriver                       0x08000adc   Section        0  ff_gen_drv.o(i.FATFS_LinkDriver)
    i.FATFS_LinkDriverEx                     0x08000ae4   Section        0  ff_gen_drv.o(i.FATFS_LinkDriverEx)
    i.HAL_Delay                              0x08000b24   Section        0  stm32f1xx_hal.o(i.HAL_Delay)
    i.HAL_GPIO_Init                          0x08000b48   Section        0  stm32f1xx_hal_gpio.o(i.HAL_GPIO_Init)
    i.HAL_GPIO_ReadPin                       0x08000d04   Section        0  stm32f1xx_hal_gpio.o(i.HAL_GPIO_ReadPin)
    i.HAL_GPIO_WritePin                      0x08000d0e   Section        0  stm32f1xx_hal_gpio.o(i.HAL_GPIO_WritePin)
    i.HAL_GetTick                            0x08000d18   Section        0  stm32f1xx_hal.o(i.HAL_GetTick)
    i.HAL_IncTick                            0x08000d24   Section        0  stm32f1xx_hal.o(i.HAL_IncTick)
    i.HAL_Init                               0x08000d34   Section        0  stm32f1xx_hal.o(i.HAL_Init)
    i.HAL_InitTick                           0x08000d58   Section        0  stm32f1xx_hal.o(i.HAL_InitTick)
    i.HAL_MspInit                            0x08000d98   Section        0  stm32f1xx_hal_msp.o(i.HAL_MspInit)
    i.HAL_NVIC_SetPriority                   0x08000e28   Section        0  stm32f1xx_hal_cortex.o(i.HAL_NVIC_SetPriority)
    i.HAL_NVIC_SetPriorityGrouping           0x08000e68   Section        0  stm32f1xx_hal_cortex.o(i.HAL_NVIC_SetPriorityGrouping)
    i.HAL_RCC_ClockConfig                    0x08000e8c   Section        0  stm32f1xx_hal_rcc.o(i.HAL_RCC_ClockConfig)
    i.HAL_RCC_GetHCLKFreq                    0x08000fe0   Section        0  stm32f1xx_hal_rcc.o(i.HAL_RCC_GetHCLKFreq)
    i.HAL_RCC_GetPCLK1Freq                   0x08000fec   Section        0  stm32f1xx_hal_rcc.o(i.HAL_RCC_GetPCLK1Freq)
    i.HAL_RCC_GetPCLK2Freq                   0x0800100c   Section        0  stm32f1xx_hal_rcc.o(i.HAL_RCC_GetPCLK2Freq)
    i.HAL_RCC_GetSysClockFreq                0x0800102c   Section        0  stm32f1xx_hal_rcc.o(i.HAL_RCC_GetSysClockFreq)
    i.HAL_RCC_OscConfig                      0x08001098   Section        0  stm32f1xx_hal_rcc.o(i.HAL_RCC_OscConfig)
    i.HAL_SPI_Init                           0x0800139c   Section        0  stm32f1xx_hal_spi_ex.o(i.HAL_SPI_Init)
    i.HAL_SPI_MspInit                        0x08001420   Section        0  spi.o(i.HAL_SPI_MspInit)
    i.HAL_SPI_Receive                        0x08001478   Section        0  stm32f1xx_hal_spi.o(i.HAL_SPI_Receive)
    i.HAL_SPI_Transmit                       0x080015c8   Section        0  stm32f1xx_hal_spi.o(i.HAL_SPI_Transmit)
    i.HAL_SPI_TransmitReceive                0x08001730   Section        0  stm32f1xx_hal_spi.o(i.HAL_SPI_TransmitReceive)
    i.HAL_SYSTICK_CLKSourceConfig            0x08001908   Section        0  stm32f1xx_hal_cortex.o(i.HAL_SYSTICK_CLKSourceConfig)
    i.HAL_SYSTICK_Callback                   0x08001920   Section        0  stm32f1xx_hal_cortex.o(i.HAL_SYSTICK_Callback)
    i.HAL_SYSTICK_Config                     0x08001922   Section        0  stm32f1xx_hal_cortex.o(i.HAL_SYSTICK_Config)
    i.HAL_SYSTICK_IRQHandler                 0x0800194a   Section        0  stm32f1xx_hal_cortex.o(i.HAL_SYSTICK_IRQHandler)
    i.HAL_UART_Init                          0x08001952   Section        0  stm32f1xx_hal_uart.o(i.HAL_UART_Init)
    i.HAL_UART_MspInit                       0x080019b4   Section        0  usart.o(i.HAL_UART_MspInit)
    i.HAL_UART_Transmit                      0x08001a0c   Section        0  stm32f1xx_hal_uart.o(i.HAL_UART_Transmit)
    i.HardFault_Handler                      0x08001ac6   Section        0  stm32f1xx_it.o(i.HardFault_Handler)
    i.MX_FATFS_Init                          0x08001ac8   Section        0  fatfs.o(i.MX_FATFS_Init)
    i.MX_GPIO_Init                           0x08001ae4   Section        0  gpio.o(i.MX_GPIO_Init)
    i.MX_SPI1_Init                           0x08001bbc   Section        0  spi.o(i.MX_SPI1_Init)
    i.MX_USART2_UART_Init                    0x08001c18   Section        0  usart.o(i.MX_USART2_UART_Init)
    i.MemManage_Handler                      0x08001c64   Section        0  stm32f1xx_it.o(i.MemManage_Handler)
    i.NMI_Handler                            0x08001c66   Section        0  stm32f1xx_it.o(i.NMI_Handler)
    i.NVIC_SetPriority                       0x08001c68   Section        0  stm32f1xx_hal_cortex.o(i.NVIC_SetPriority)
    NVIC_SetPriority                         0x08001c69   Thumb Code    32  stm32f1xx_hal_cortex.o(i.NVIC_SetPriority)
    i.Paint_Clear                            0x08001c88   Section        0  gui_paint.o(i.Paint_Clear)
    i.Paint_ClearWindows                     0x08001ce0   Section        0  gui_paint.o(i.Paint_ClearWindows)
    i.Paint_DrawChar                         0x08001d14   Section        0  gui_paint.o(i.Paint_DrawChar)
    i.Paint_DrawCircle                       0x08001e14   Section        0  gui_paint.o(i.Paint_DrawCircle)
    i.Paint_DrawLine                         0x08002030   Section        0  gui_paint.o(i.Paint_DrawLine)
    i.Paint_DrawNum                          0x0800213c   Section        0  gui_paint.o(i.Paint_DrawNum)
    i.Paint_DrawPixel                        0x08002210   Section        0  gui_paint.o(i.Paint_DrawPixel)
    Paint_DrawPixel                          0x08002211   Thumb Code   134  gui_paint.o(i.Paint_DrawPixel)
    i.Paint_DrawPoint                        0x0800229c   Section        0  gui_paint.o(i.Paint_DrawPoint)
    i.Paint_DrawRectangle                    0x0800233c   Section        0  gui_paint.o(i.Paint_DrawRectangle)
    i.Paint_DrawString_EN                    0x08002418   Section        0  gui_paint.o(i.Paint_DrawString_EN)
    i.Paint_DrawTime                         0x08002494   Section        0  gui_paint.o(i.Paint_DrawTime)
    i.Paint_NewImage                         0x080025c0   Section        0  gui_paint.o(i.Paint_NewImage)
    i.Paint_SetPixel                         0x08002610   Section        0  gui_paint.o(i.Paint_SetPixel)
    Paint_SetPixel                           0x08002611   Thumb Code    58  gui_paint.o(i.Paint_SetPixel)
    i.PendSV_Handler                         0x08002650   Section        0  stm32f1xx_it.o(i.PendSV_Handler)
    i.SDCard_Init                            0x08002654   Section        0  sd_card_app.o(i.SDCard_Init)
    i.SDCard_ReadBMP                         0x080027fc   Section        0  sd_card_app.o(i.SDCard_ReadBMP)
    i.SD_GetCIDRegister                      0x08002994   Section        0  sd_card_drive.o(i.SD_GetCIDRegister)
    SD_GetCIDRegister                        0x08002995   Thumb Code   250  sd_card_drive.o(i.SD_GetCIDRegister)
    i.SD_GetCSDRegister                      0x08002a90   Section        0  sd_card_drive.o(i.SD_GetCSDRegister)
    SD_GetCSDRegister                        0x08002a91   Thumb Code   494  sd_card_drive.o(i.SD_GetCSDRegister)
    i.SD_GoIdleState                         0x08002c84   Section        0  sd_card_drive.o(i.SD_GoIdleState)
    SD_GoIdleState                           0x08002c85   Thumb Code   366  sd_card_drive.o(i.SD_GoIdleState)
    i.SD_IO_CSState                          0x08002df8   Section        0  sd_card_interface.o(i.SD_IO_CSState)
    i.SD_IO_WriteByte                        0x08002e14   Section        0  sd_card_interface.o(i.SD_IO_WriteByte)
    i.SD_IO_WriteReadData                    0x08002e3c   Section        0  sd_card_interface.o(i.SD_IO_WriteReadData)
    i.SD_ReadData                            0x08002e64   Section        0  sd_card_drive.o(i.SD_ReadData)
    SD_ReadData                              0x08002e65   Thumb Code    24  sd_card_drive.o(i.SD_ReadData)
    i.SD_SendCmd                             0x08002e7c   Section        0  sd_card_drive.o(i.SD_SendCmd)
    SD_SendCmd                               0x08002e7d   Thumb Code   216  sd_card_drive.o(i.SD_SendCmd)
    i.SD_WaitData                            0x08002f58   Section        0  sd_card_drive.o(i.SD_WaitData)
    SD_WaitData                              0x08002f59   Thumb Code    38  sd_card_drive.o(i.SD_WaitData)
    i.SPIRAM_RD_Byte                         0x08002f80   Section        0  spi_ram.o(i.SPIRAM_RD_Byte)
    i.SPIRAM_Set_Mode                        0x08002fc4   Section        0  spi_ram.o(i.SPIRAM_Set_Mode)
    i.SPIRAM_WR_Byte                         0x08002ff4   Section        0  spi_ram.o(i.SPIRAM_WR_Byte)
    i.SPI_CheckFlag_BSY                      0x0800303c   Section        0  stm32f1xx_hal_spi.o(i.SPI_CheckFlag_BSY)
    SPI_CheckFlag_BSY                        0x0800303d   Thumb Code    32  stm32f1xx_hal_spi.o(i.SPI_CheckFlag_BSY)
    i.SPI_WaitFlagStateUntilTimeout          0x0800305c   Section        0  stm32f1xx_hal_spi.o(i.SPI_WaitFlagStateUntilTimeout)
    SPI_WaitFlagStateUntilTimeout            0x0800305d   Thumb Code   150  stm32f1xx_hal_spi.o(i.SPI_WaitFlagStateUntilTimeout)
    i.SVC_Handler                            0x080030f2   Section        0  stm32f1xx_it.o(i.SVC_Handler)
    i.SysTick_Handler                        0x080030f4   Section        0  stm32f1xx_it.o(i.SysTick_Handler)
    i.SystemClock_Config                     0x08003102   Section        0  main.o(i.SystemClock_Config)
    i.SystemInit                             0x0800316c   Section        0  system_stm32f1xx.o(i.SystemInit)
    i.UART_SetConfig                         0x080031b4   Section        0  stm32f1xx_hal_uart.o(i.UART_SetConfig)
    UART_SetConfig                           0x080031b5   Thumb Code   364  stm32f1xx_hal_uart.o(i.UART_SetConfig)
    i.UART_WaitOnFlagUntilTimeout            0x08003324   Section        0  stm32f1xx_hal_uart.o(i.UART_WaitOnFlagUntilTimeout)
    UART_WaitOnFlagUntilTimeout              0x08003325   Thumb Code   100  stm32f1xx_hal_uart.o(i.UART_WaitOnFlagUntilTimeout)
    i.USER_initialize                        0x08003388   Section        0  user_diskio.o(i.USER_initialize)
    i.USER_ioctl                             0x080033a8   Section        0  user_diskio.o(i.USER_ioctl)
    i.USER_read                              0x080033f8   Section        0  user_diskio.o(i.USER_read)
    i.USER_status                            0x08003434   Section        0  user_diskio.o(i.USER_status)
    i.USER_write                             0x08003454   Section        0  user_diskio.o(i.USER_write)
    i.UsageFault_Handler                     0x08003490   Section        0  stm32f1xx_it.o(i.UsageFault_Handler)
    i._Error_Handler                         0x08003492   Section        0  main.o(i._Error_Handler)
    i.__0printf$3                            0x08003494   Section        0  printf3.o(i.__0printf$3)
    i.__scatterload_copy                     0x080034b4   Section       14  handlers.o(i.__scatterload_copy)
    i.__scatterload_null                     0x080034c2   Section        2  handlers.o(i.__scatterload_null)
    i.__scatterload_zeroinit                 0x080034c4   Section       14  handlers.o(i.__scatterload_zeroinit)
    i._printf_core                           0x080034d4   Section        0  printf3.o(i._printf_core)
    _printf_core                             0x080034d5   Thumb Code   436  printf3.o(i._printf_core)
    i.check_fs                               0x0800368c   Section        0  ff.o(i.check_fs)
    check_fs                                 0x0800368d   Thumb Code    90  ff.o(i.check_fs)
    i.chk_lock                               0x080036ec   Section        0  ff.o(i.chk_lock)
    chk_lock                                 0x080036ed   Thumb Code   102  ff.o(i.chk_lock)
    i.clear_lock                             0x08003758   Section        0  ff.o(i.clear_lock)
    clear_lock                               0x08003759   Thumb Code    32  ff.o(i.clear_lock)
    i.clmt_clust                             0x0800377c   Section        0  ff.o(i.clmt_clust)
    clmt_clust                               0x0800377d   Thumb Code    42  ff.o(i.clmt_clust)
    i.clust2sect                             0x080037a6   Section        0  ff.o(i.clust2sect)
    i.create_chain                           0x080037c4   Section        0  ff.o(i.create_chain)
    create_chain                             0x080037c5   Thumb Code   176  ff.o(i.create_chain)
    i.create_name                            0x08003874   Section        0  ff.o(i.create_name)
    create_name                              0x08003875   Thumb Code   234  ff.o(i.create_name)
    i.dec_lock                               0x08003974   Section        0  ff.o(i.dec_lock)
    dec_lock                                 0x08003975   Thumb Code    54  ff.o(i.dec_lock)
    i.dir_next                               0x080039b0   Section        0  ff.o(i.dir_next)
    dir_next                                 0x080039b1   Thumb Code   286  ff.o(i.dir_next)
    i.dir_register                           0x08003ace   Section        0  ff.o(i.dir_register)
    dir_register                             0x08003acf   Thumb Code   118  ff.o(i.dir_register)
    i.dir_sdi                                0x08003b44   Section        0  ff.o(i.dir_sdi)
    dir_sdi                                  0x08003b45   Thumb Code   152  ff.o(i.dir_sdi)
    i.disk_initialize                        0x08003bdc   Section        0  diskio.o(i.disk_initialize)
    i.disk_ioctl                             0x08003c04   Section        0  diskio.o(i.disk_ioctl)
    i.disk_read                              0x08003c20   Section        0  diskio.o(i.disk_read)
    i.disk_status                            0x08003c3c   Section        0  diskio.o(i.disk_status)
    i.disk_write                             0x08003c54   Section        0  diskio.o(i.disk_write)
    i.f_close                                0x08003c70   Section        0  ff.o(i.f_close)
    i.f_lseek                                0x08003c9c   Section        0  ff.o(i.f_lseek)
    i.f_mount                                0x08003f20   Section        0  ff.o(i.f_mount)
    i.f_open                                 0x08003f7c   Section        0  ff.o(i.f_open)
    i.f_opendir                              0x0800411c   Section        0  ff.o(i.f_opendir)
    i.f_read                                 0x080041b0   Section        0  ff.o(i.f_read)
    i.f_sync                                 0x0800433c   Section        0  ff.o(i.f_sync)
    i.find_volume                            0x080043f4   Section        0  ff.o(i.find_volume)
    find_volume                              0x080043f5   Thumb Code   588  ff.o(i.find_volume)
    i.follow_path                            0x0800464c   Section        0  ff.o(i.follow_path)
    follow_path                              0x0800464d   Thumb Code   192  ff.o(i.follow_path)
    i.fputc                                  0x0800470c   Section        0  usart.o(i.fputc)
    i.free                                   0x08004724   Section        0  malloc.o(i.free)
    i.get_fat                                0x08004774   Section        0  ff.o(i.get_fat)
    i.get_fattime                            0x08004836   Section        0  fatfs.o(i.get_fattime)
    i.get_ldnumber                           0x0800483a   Section        0  ff.o(i.get_ldnumber)
    get_ldnumber                             0x0800483b   Thumb Code    60  ff.o(i.get_ldnumber)
    i.inc_lock                               0x08004878   Section        0  ff.o(i.inc_lock)
    inc_lock                                 0x08004879   Thumb Code   154  ff.o(i.inc_lock)
    i.ld_clust                               0x08004918   Section        0  ff.o(i.ld_clust)
    ld_clust                                 0x08004919   Thumb Code    20  ff.o(i.ld_clust)
    i.main                                   0x0800492c   Section        0  main.o(i.main)
    i.malloc                                 0x0800494c   Section        0  malloc.o(i.malloc)
    i.mem_cpy                                0x080049b8   Section        0  ff.o(i.mem_cpy)
    mem_cpy                                  0x080049b9   Thumb Code    18  ff.o(i.mem_cpy)
    i.mem_set                                0x080049ca   Section        0  ff.o(i.mem_set)
    mem_set                                  0x080049cb   Thumb Code    14  ff.o(i.mem_set)
    i.move_window                            0x080049d8   Section        0  ff.o(i.move_window)
    move_window                              0x080049d9   Thumb Code    54  ff.o(i.move_window)
    i.put_fat                                0x08004a0e   Section        0  ff.o(i.put_fat)
    i.remove_chain                           0x08004b06   Section        0  ff.o(i.remove_chain)
    remove_chain                             0x08004b07   Thumb Code   110  ff.o(i.remove_chain)
    i.st_clust                               0x08004b74   Section        0  ff.o(i.st_clust)
    st_clust                                 0x08004b75   Thumb Code    16  ff.o(i.st_clust)
    i.sync_fs                                0x08004b84   Section        0  ff.o(i.sync_fs)
    sync_fs                                  0x08004b85   Thumb Code   182  ff.o(i.sync_fs)
    i.sync_window                            0x08004c3a   Section        0  ff.o(i.sync_window)
    sync_window                              0x08004c3b   Thumb Code    96  ff.o(i.sync_window)
    i.validate                               0x08004c9a   Section        0  ff.o(i.validate)
    validate                                 0x08004c9b   Thumb Code    44  ff.o(i.validate)
    .constdata                               0x08004cc6   Section       16  system_stm32f1xx.o(.constdata)
    .constdata                               0x08004cd6   Section        8  system_stm32f1xx.o(.constdata)
    .constdata                               0x08004cde   Section      172  ff.o(.constdata)
    ExCvt                                    0x08004cde   Data         128  ff.o(.constdata)
    vst                                      0x08004d5e   Data          22  ff.o(.constdata)
    cst                                      0x08004d74   Data          22  ff.o(.constdata)
    .constdata                               0x08004d8a   Section       60  epd_2in13.o(.constdata)
    .constdata                               0x08004dc8   Section        5  sd_card_drive.o(.constdata)
    .constdata                               0x08004dcd   Section     1140  font12.o(.constdata)
    .constdata                               0x08005241   Section     3040  font16.o(.constdata)
    .constdata                               0x08005e21   Section     3800  font20.o(.constdata)
    .conststring                             0x08006cfc   Section      205  gui_paint.o(.conststring)
    .conststring                             0x08006dcc   Section       71  sd_card_app.o(.conststring)
    .data                                    0x20000000   Section        1  user_diskio.o(.data)
    Stat                                     0x20000000   Data           1  user_diskio.o(.data)
    .data                                    0x20000004   Section       20  user_diskio.o(.data)
    .data                                    0x20000018   Section        5  fatfs.o(.data)
    .data                                    0x20000020   Section       12  stm32f1xx_hal.o(.data)
    .data                                    0x2000002c   Section        4  system_stm32f1xx.o(.data)
    .data                                    0x20000030   Section        8  ff.o(.data)
    Fsid                                     0x20000030   Data           2  ff.o(.data)
    FatFs                                    0x20000034   Data           4  ff.o(.data)
    .data                                    0x20000038   Section        4  sd_card_drive.o(.data)
    .data                                    0x2000003c   Section        8  font12.o(.data)
    .data                                    0x20000044   Section        8  font16.o(.data)
    .data                                    0x2000004c   Section        8  font20.o(.data)
    .data                                    0x20000054   Section        4  stdout.o(.data)
    .data                                    0x20000058   Section        4  mvars.o(.data)
    .data                                    0x2000005c   Section        4  mvars.o(.data)
    .bss                                     0x20000060   Section      560  fatfs.o(.bss)
    .bss                                     0x20000290   Section       88  spi.o(.bss)
    .bss                                     0x200002e8   Section       64  usart.o(.bss)
    .bss                                     0x20000328   Section       24  ff.o(.bss)
    Files                                    0x20000328   Data          24  ff.o(.bss)
    .bss                                     0x20000340   Section       12  ff_gen_drv.o(.bss)
    .bss                                     0x2000034c   Section       18  gui_paint.o(.bss)
    .bss                                     0x2000035e   Section      544  sd_card_app.o(.bss)
    HEAP                                     0x20000580   Section     1024  startup_stm32f103xb.o(HEAP)
    STACK                                    0x20000980   Section     2048  startup_stm32f103xb.o(STACK)

    Global Symbols

    Symbol Name                              Value     Ov Type        Size  Object(Section)

    BuildAttributes$$THM_ISAv4$P$D$K$B$S$PE$A:L22UL41UL21$X:L11$S22US41US21$IEEE1$IW$USESV6$~STKCKD$USESV7$~SHL$OSPACE$ROPI$EBA8$MICROLIB$REQ8$PRES8$EABIv2 0x00000000   Number         0  anon$$obj.o ABSOLUTE
    __ARM_use_no_argv                        0x00000000   Number         0  main.o ABSOLUTE
    _printf_a                                0x00000000   Number         0  stubs.o ABSOLUTE
    _printf_c                                0x00000000   Number         0  stubs.o ABSOLUTE
    _printf_charcount                        0x00000000   Number         0  stubs.o ABSOLUTE
    _printf_d                                0x00000000   Number         0  stubs.o ABSOLUTE
    _printf_e                                0x00000000   Number         0  stubs.o ABSOLUTE
    _printf_f                                0x00000000   Number         0  stubs.o ABSOLUTE
    _printf_flags                            0x00000000   Number         0  stubs.o ABSOLUTE
    _printf_fp_dec                           0x00000000   Number         0  stubs.o ABSOLUTE
    _printf_fp_hex                           0x00000000   Number         0  stubs.o ABSOLUTE
    _printf_g                                0x00000000   Number         0  stubs.o ABSOLUTE
    _printf_i                                0x00000000   Number         0  stubs.o ABSOLUTE
    _printf_int_dec                          0x00000000   Number         0  stubs.o ABSOLUTE
    _printf_l                                0x00000000   Number         0  stubs.o ABSOLUTE
    _printf_lc                               0x00000000   Number         0  stubs.o ABSOLUTE
    _printf_ll                               0x00000000   Number         0  stubs.o ABSOLUTE
    _printf_lld                              0x00000000   Number         0  stubs.o ABSOLUTE
    _printf_lli                              0x00000000   Number         0  stubs.o ABSOLUTE
    _printf_llo                              0x00000000   Number         0  stubs.o ABSOLUTE
    _printf_llu                              0x00000000   Number         0  stubs.o ABSOLUTE
    _printf_llx                              0x00000000   Number         0  stubs.o ABSOLUTE
    _printf_longlong_dec                     0x00000000   Number         0  stubs.o ABSOLUTE
    _printf_longlong_hex                     0x00000000   Number         0  stubs.o ABSOLUTE
    _printf_longlong_oct                     0x00000000   Number         0  stubs.o ABSOLUTE
    _printf_ls                               0x00000000   Number         0  stubs.o ABSOLUTE
    _printf_mbtowc                           0x00000000   Number         0  stubs.o ABSOLUTE
    _printf_n                                0x00000000   Number         0  stubs.o ABSOLUTE
    _printf_o                                0x00000000   Number         0  stubs.o ABSOLUTE
    _printf_p                                0x00000000   Number         0  stubs.o ABSOLUTE
    _printf_percent                          0x00000000   Number         0  stubs.o ABSOLUTE
    _printf_pre_padding                      0x00000000   Number         0  stubs.o ABSOLUTE
    _printf_return_value                     0x00000000   Number         0  stubs.o ABSOLUTE
    _printf_s                                0x00000000   Number         0  stubs.o ABSOLUTE
    _printf_sizespec                         0x00000000   Number         0  stubs.o ABSOLUTE
    _printf_str                              0x00000000   Number         0  stubs.o ABSOLUTE
    _printf_truncate_signed                  0x00000000   Number         0  stubs.o ABSOLUTE
    _printf_truncate_unsigned                0x00000000   Number         0  stubs.o ABSOLUTE
    _printf_u                                0x00000000   Number         0  stubs.o ABSOLUTE
    _printf_wc                               0x00000000   Number         0  stubs.o ABSOLUTE
    _printf_wctomb                           0x00000000   Number         0  stubs.o ABSOLUTE
    _printf_widthprec                        0x00000000   Number         0  stubs.o ABSOLUTE
    _printf_x                                0x00000000   Number         0  stubs.o ABSOLUTE
    __cpp_initialize__aeabi_                  - Undefined Weak Reference
    __cxa_finalize                            - Undefined Weak Reference
    __decompress                              - Undefined Weak Reference
    _clock_init                               - Undefined Weak Reference
    _microlib_exit                            - Undefined Weak Reference
    __Vectors_Size                           0x000000ec   Number         0  startup_stm32f103xb.o ABSOLUTE
    __Vectors                                0x08000000   Data           4  startup_stm32f103xb.o(RESET)
    __Vectors_End                            0x080000ec   Data           0  startup_stm32f103xb.o(RESET)
    __main                                   0x080000ed   Thumb Code     0  entry.o(.ARM.Collect$$$$00000000)
    _main_stk                                0x080000ed   Thumb Code     0  entry2.o(.ARM.Collect$$$$00000001)
    _main_scatterload                        0x080000f1   Thumb Code     0  entry5.o(.ARM.Collect$$$$00000004)
    __main_after_scatterload                 0x080000f5   Thumb Code     0  entry5.o(.ARM.Collect$$$$00000004)
    _main_clock                              0x080000f5   Thumb Code     0  entry7b.o(.ARM.Collect$$$$00000008)
    _main_cpp_init                           0x080000f5   Thumb Code     0  entry8b.o(.ARM.Collect$$$$0000000A)
    _main_init                               0x080000f5   Thumb Code     0  entry9a.o(.ARM.Collect$$$$0000000B)
    __rt_final_cpp                           0x080000fd   Thumb Code     0  entry10a.o(.ARM.Collect$$$$0000000D)
    __rt_final_exit                          0x080000fd   Thumb Code     0  entry11a.o(.ARM.Collect$$$$0000000F)
    Reset_Handler                            0x08000101   Thumb Code     8  startup_stm32f103xb.o(.text)
    ADC1_2_IRQHandler                        0x0800011b   Thumb Code     0  startup_stm32f103xb.o(.text)
    CAN1_RX1_IRQHandler                      0x0800011b   Thumb Code     0  startup_stm32f103xb.o(.text)
    CAN1_SCE_IRQHandler                      0x0800011b   Thumb Code     0  startup_stm32f103xb.o(.text)
    DMA1_Channel1_IRQHandler                 0x0800011b   Thumb Code     0  startup_stm32f103xb.o(.text)
    DMA1_Channel2_IRQHandler                 0x0800011b   Thumb Code     0  startup_stm32f103xb.o(.text)
    DMA1_Channel3_IRQHandler                 0x0800011b   Thumb Code     0  startup_stm32f103xb.o(.text)
    DMA1_Channel4_IRQHandler                 0x0800011b   Thumb Code     0  startup_stm32f103xb.o(.text)
    DMA1_Channel5_IRQHandler                 0x0800011b   Thumb Code     0  startup_stm32f103xb.o(.text)
    DMA1_Channel6_IRQHandler                 0x0800011b   Thumb Code     0  startup_stm32f103xb.o(.text)
    DMA1_Channel7_IRQHandler                 0x0800011b   Thumb Code     0  startup_stm32f103xb.o(.text)
    EXTI0_IRQHandler                         0x0800011b   Thumb Code     0  startup_stm32f103xb.o(.text)
    EXTI15_10_IRQHandler                     0x0800011b   Thumb Code     0  startup_stm32f103xb.o(.text)
    EXTI1_IRQHandler                         0x0800011b   Thumb Code     0  startup_stm32f103xb.o(.text)
    EXTI2_IRQHandler                         0x0800011b   Thumb Code     0  startup_stm32f103xb.o(.text)
    EXTI3_IRQHandler                         0x0800011b   Thumb Code     0  startup_stm32f103xb.o(.text)
    EXTI4_IRQHandler                         0x0800011b   Thumb Code     0  startup_stm32f103xb.o(.text)
    EXTI9_5_IRQHandler                       0x0800011b   Thumb Code     0  startup_stm32f103xb.o(.text)
    FLASH_IRQHandler                         0x0800011b   Thumb Code     0  startup_stm32f103xb.o(.text)
    I2C1_ER_IRQHandler                       0x0800011b   Thumb Code     0  startup_stm32f103xb.o(.text)
    I2C1_EV_IRQHandler                       0x0800011b   Thumb Code     0  startup_stm32f103xb.o(.text)
    I2C2_ER_IRQHandler                       0x0800011b   Thumb Code     0  startup_stm32f103xb.o(.text)
    I2C2_EV_IRQHandler                       0x0800011b   Thumb Code     0  startup_stm32f103xb.o(.text)
    PVD_IRQHandler                           0x0800011b   Thumb Code     0  startup_stm32f103xb.o(.text)
    RCC_IRQHandler                           0x0800011b   Thumb Code     0  startup_stm32f103xb.o(.text)
    RTC_Alarm_IRQHandler                     0x0800011b   Thumb Code     0  startup_stm32f103xb.o(.text)
    RTC_IRQHandler                           0x0800011b   Thumb Code     0  startup_stm32f103xb.o(.text)
    SPI1_IRQHandler                          0x0800011b   Thumb Code     0  startup_stm32f103xb.o(.text)
    SPI2_IRQHandler                          0x0800011b   Thumb Code     0  startup_stm32f103xb.o(.text)
    TAMPER_IRQHandler                        0x0800011b   Thumb Code     0  startup_stm32f103xb.o(.text)
    TIM1_BRK_IRQHandler                      0x0800011b   Thumb Code     0  startup_stm32f103xb.o(.text)
    TIM1_CC_IRQHandler                       0x0800011b   Thumb Code     0  startup_stm32f103xb.o(.text)
    TIM1_TRG_COM_IRQHandler                  0x0800011b   Thumb Code     0  startup_stm32f103xb.o(.text)
    TIM1_UP_IRQHandler                       0x0800011b   Thumb Code     0  startup_stm32f103xb.o(.text)
    TIM2_IRQHandler                          0x0800011b   Thumb Code     0  startup_stm32f103xb.o(.text)
    TIM3_IRQHandler                          0x0800011b   Thumb Code     0  startup_stm32f103xb.o(.text)
    TIM4_IRQHandler                          0x0800011b   Thumb Code     0  startup_stm32f103xb.o(.text)
    USART1_IRQHandler                        0x0800011b   Thumb Code     0  startup_stm32f103xb.o(.text)
    USART2_IRQHandler                        0x0800011b   Thumb Code     0  startup_stm32f103xb.o(.text)
    USART3_IRQHandler                        0x0800011b   Thumb Code     0  startup_stm32f103xb.o(.text)
    USBWakeUp_IRQHandler                     0x0800011b   Thumb Code     0  startup_stm32f103xb.o(.text)
    USB_HP_CAN1_TX_IRQHandler                0x0800011b   Thumb Code     0  startup_stm32f103xb.o(.text)
    USB_LP_CAN1_RX0_IRQHandler               0x0800011b   Thumb Code     0  startup_stm32f103xb.o(.text)
    WWDG_IRQHandler                          0x0800011b   Thumb Code     0  startup_stm32f103xb.o(.text)
    __aeabi_memset                           0x08000125   Thumb Code    14  memseta.o(.text)
    __aeabi_memset4                          0x08000125   Thumb Code     0  memseta.o(.text)
    __aeabi_memset8                          0x08000125   Thumb Code     0  memseta.o(.text)
    __aeabi_memclr                           0x08000133   Thumb Code     4  memseta.o(.text)
    __aeabi_memclr4                          0x08000133   Thumb Code     0  memseta.o(.text)
    __aeabi_memclr8                          0x08000133   Thumb Code     0  memseta.o(.text)
    _memset$wrapper                          0x08000137   Thumb Code    18  memseta.o(.text)
    __aeabi_uidiv                            0x08000149   Thumb Code     0  uidiv.o(.text)
    __aeabi_uidivmod                         0x08000149   Thumb Code    44  uidiv.o(.text)
    __scatterload                            0x08000175   Thumb Code    28  init.o(.text)
    __scatterload_rt2                        0x08000175   Thumb Code     0  init.o(.text)
    BSP_SD_GetCardInfo                       0x08000199   Thumb Code    92  sd_card_drive.o(i.BSP_SD_GetCardInfo)
    BSP_SD_GetCardState                      0x080001f9   Thumb Code    50  sd_card_drive.o(i.BSP_SD_GetCardState)
    BSP_SD_Init                              0x0800022d   Thumb Code    38  sd_card_drive.o(i.BSP_SD_Init)
    BSP_SD_ReadBlocks                        0x08000259   Thumb Code   194  sd_card_drive.o(i.BSP_SD_ReadBlocks)
    BSP_SD_WriteBlocks                       0x08000321   Thumb Code   242  sd_card_drive.o(i.BSP_SD_WriteBlocks)
    BusFault_Handler                         0x08000419   Thumb Code     2  stm32f1xx_it.o(i.BusFault_Handler)
    DEV_Module_Exit                          0x0800041d   Thumb Code    38  dev_config.o(i.DEV_Module_Exit)
    DEV_Module_Init                          0x08000451   Thumb Code    38  dev_config.o(i.DEV_Module_Init)
    DEV_SPI_ReadByte                         0x0800047d   Thumb Code    22  dev_config.o(i.DEV_SPI_ReadByte)
    DEV_SPI_WriteByte                        0x08000499   Thumb Code    18  dev_config.o(i.DEV_SPI_WriteByte)
    DebugMon_Handler                         0x080004b1   Thumb Code     2  stm32f1xx_it.o(i.DebugMon_Handler)
    EPD_2IN13_Clear                          0x080004b3   Thumb Code    68  epd_2in13.o(i.EPD_2IN13_Clear)
    EPD_2IN13_Display                        0x080004f9   Thumb Code    76  epd_2in13.o(i.EPD_2IN13_Display)
    EPD_2IN13_Init                           0x08000545   Thumb Code   228  epd_2in13.o(i.EPD_2IN13_Init)
    EPD_2IN13_ReadBusy                       0x0800066d   Thumb Code    44  epd_2in13.o(i.EPD_2IN13_ReadBusy)
    EPD_2IN13_Sleep                          0x080007b9   Thumb Code    24  epd_2in13.o(i.EPD_2IN13_Sleep)
    EPD_2IN13_test                           0x08000811   Thumb Code   614  epd_2in13_test.o(i.EPD_2IN13_test)
    FATFS_LinkDriver                         0x08000add   Thumb Code     6  ff_gen_drv.o(i.FATFS_LinkDriver)
    FATFS_LinkDriverEx                       0x08000ae5   Thumb Code    60  ff_gen_drv.o(i.FATFS_LinkDriverEx)
    HAL_Delay                                0x08000b25   Thumb Code    32  stm32f1xx_hal.o(i.HAL_Delay)
    HAL_GPIO_Init                            0x08000b49   Thumb Code   408  stm32f1xx_hal_gpio.o(i.HAL_GPIO_Init)
    HAL_GPIO_ReadPin                         0x08000d05   Thumb Code    10  stm32f1xx_hal_gpio.o(i.HAL_GPIO_ReadPin)
    HAL_GPIO_WritePin                        0x08000d0f   Thumb Code    10  stm32f1xx_hal_gpio.o(i.HAL_GPIO_WritePin)
    HAL_GetTick                              0x08000d19   Thumb Code     6  stm32f1xx_hal.o(i.HAL_GetTick)
    HAL_IncTick                              0x08000d25   Thumb Code    12  stm32f1xx_hal.o(i.HAL_IncTick)
    HAL_Init                                 0x08000d35   Thumb Code    32  stm32f1xx_hal.o(i.HAL_Init)
    HAL_InitTick                             0x08000d59   Thumb Code    54  stm32f1xx_hal.o(i.HAL_InitTick)
    HAL_MspInit                              0x08000d99   Thumb Code   134  stm32f1xx_hal_msp.o(i.HAL_MspInit)
    HAL_NVIC_SetPriority                     0x08000e29   Thumb Code    60  stm32f1xx_hal_cortex.o(i.HAL_NVIC_SetPriority)
    HAL_NVIC_SetPriorityGrouping             0x08000e69   Thumb Code    26  stm32f1xx_hal_cortex.o(i.HAL_NVIC_SetPriorityGrouping)
    HAL_RCC_ClockConfig                      0x08000e8d   Thumb Code   322  stm32f1xx_hal_rcc.o(i.HAL_RCC_ClockConfig)
    HAL_RCC_GetHCLKFreq                      0x08000fe1   Thumb Code     6  stm32f1xx_hal_rcc.o(i.HAL_RCC_GetHCLKFreq)
    HAL_RCC_GetPCLK1Freq                     0x08000fed   Thumb Code    20  stm32f1xx_hal_rcc.o(i.HAL_RCC_GetPCLK1Freq)
    HAL_RCC_GetPCLK2Freq                     0x0800100d   Thumb Code    20  stm32f1xx_hal_rcc.o(i.HAL_RCC_GetPCLK2Freq)
    HAL_RCC_GetSysClockFreq                  0x0800102d   Thumb Code    74  stm32f1xx_hal_rcc.o(i.HAL_RCC_GetSysClockFreq)
    HAL_RCC_OscConfig                        0x08001099   Thumb Code   750  stm32f1xx_hal_rcc.o(i.HAL_RCC_OscConfig)
    HAL_SPI_Init                             0x0800139d   Thumb Code   130  stm32f1xx_hal_spi_ex.o(i.HAL_SPI_Init)
    HAL_SPI_MspInit                          0x08001421   Thumb Code    74  spi.o(i.HAL_SPI_MspInit)
    HAL_SPI_Receive                          0x08001479   Thumb Code   336  stm32f1xx_hal_spi.o(i.HAL_SPI_Receive)
    HAL_SPI_Transmit                         0x080015c9   Thumb Code   360  stm32f1xx_hal_spi.o(i.HAL_SPI_Transmit)
    HAL_SPI_TransmitReceive                  0x08001731   Thumb Code   472  stm32f1xx_hal_spi.o(i.HAL_SPI_TransmitReceive)
    HAL_SYSTICK_CLKSourceConfig              0x08001909   Thumb Code    24  stm32f1xx_hal_cortex.o(i.HAL_SYSTICK_CLKSourceConfig)
    HAL_SYSTICK_Callback                     0x08001921   Thumb Code     2  stm32f1xx_hal_cortex.o(i.HAL_SYSTICK_Callback)
    HAL_SYSTICK_Config                       0x08001923   Thumb Code    40  stm32f1xx_hal_cortex.o(i.HAL_SYSTICK_Config)
    HAL_SYSTICK_IRQHandler                   0x0800194b   Thumb Code     8  stm32f1xx_hal_cortex.o(i.HAL_SYSTICK_IRQHandler)
    HAL_UART_Init                            0x08001953   Thumb Code    98  stm32f1xx_hal_uart.o(i.HAL_UART_Init)
    HAL_UART_MspInit                         0x080019b5   Thumb Code    74  usart.o(i.HAL_UART_MspInit)
    HAL_UART_Transmit                        0x08001a0d   Thumb Code   186  stm32f1xx_hal_uart.o(i.HAL_UART_Transmit)
    HardFault_Handler                        0x08001ac7   Thumb Code     2  stm32f1xx_it.o(i.HardFault_Handler)
    MX_FATFS_Init                            0x08001ac9   Thumb Code    18  fatfs.o(i.MX_FATFS_Init)
    MX_GPIO_Init                             0x08001ae5   Thumb Code   198  gpio.o(i.MX_GPIO_Init)
    MX_SPI1_Init                             0x08001bbd   Thumb Code    66  spi.o(i.MX_SPI1_Init)
    MX_USART2_UART_Init                      0x08001c19   Thumb Code    52  usart.o(i.MX_USART2_UART_Init)
    MemManage_Handler                        0x08001c65   Thumb Code     2  stm32f1xx_it.o(i.MemManage_Handler)
    NMI_Handler                              0x08001c67   Thumb Code     2  stm32f1xx_it.o(i.NMI_Handler)
    Paint_Clear                              0x08001c89   Thumb Code    82  gui_paint.o(i.Paint_Clear)
    Paint_ClearWindows                       0x08001ce1   Thumb Code    52  gui_paint.o(i.Paint_ClearWindows)
    Paint_DrawChar                           0x08001d15   Thumb Code   186  gui_paint.o(i.Paint_DrawChar)
    Paint_DrawCircle                         0x08001e15   Thumb Code   532  gui_paint.o(i.Paint_DrawCircle)
    Paint_DrawLine                           0x08002031   Thumb Code   200  gui_paint.o(i.Paint_DrawLine)
    Paint_DrawNum                            0x0800213d   Thumb Code   144  gui_paint.o(i.Paint_DrawNum)
    Paint_DrawPoint                          0x0800229d   Thumb Code   150  gui_paint.o(i.Paint_DrawPoint)
    Paint_DrawRectangle                      0x0800233d   Thumb Code   162  gui_paint.o(i.Paint_DrawRectangle)
    Paint_DrawString_EN                      0x08002419   Thumb Code   116  gui_paint.o(i.Paint_DrawString_EN)
    Paint_DrawTime                           0x08002495   Thumb Code   286  gui_paint.o(i.Paint_DrawTime)
    Paint_NewImage                           0x080025c1   Thumb Code    76  gui_paint.o(i.Paint_NewImage)
    PendSV_Handler                           0x08002651   Thumb Code     2  stm32f1xx_it.o(i.PendSV_Handler)
    SDCard_Init                              0x08002655   Thumb Code   106  sd_card_app.o(i.SDCard_Init)
    SDCard_ReadBMP                           0x080027fd   Thumb Code   256  sd_card_app.o(i.SDCard_ReadBMP)
    SD_IO_CSState                            0x08002df9   Thumb Code    22  sd_card_interface.o(i.SD_IO_CSState)
    SD_IO_WriteByte                          0x08002e15   Thumb Code    34  sd_card_interface.o(i.SD_IO_WriteByte)
    SD_IO_WriteReadData                      0x08002e3d   Thumb Code    34  sd_card_interface.o(i.SD_IO_WriteReadData)
    SPIRAM_RD_Byte                           0x08002f81   Thumb Code    64  spi_ram.o(i.SPIRAM_RD_Byte)
    SPIRAM_Set_Mode                          0x08002fc5   Thumb Code    42  spi_ram.o(i.SPIRAM_Set_Mode)
    SPIRAM_WR_Byte                           0x08002ff5   Thumb Code    66  spi_ram.o(i.SPIRAM_WR_Byte)
    SVC_Handler                              0x080030f3   Thumb Code     2  stm32f1xx_it.o(i.SVC_Handler)
    SysTick_Handler                          0x080030f5   Thumb Code    14  stm32f1xx_it.o(i.SysTick_Handler)
    SystemClock_Config                       0x08003103   Thumb Code   104  main.o(i.SystemClock_Config)
    SystemInit                               0x0800316d   Thumb Code    56  system_stm32f1xx.o(i.SystemInit)
    USER_initialize                          0x08003389   Thumb Code    26  user_diskio.o(i.USER_initialize)
    USER_ioctl                               0x080033a9   Thumb Code    74  user_diskio.o(i.USER_ioctl)
    USER_read                                0x080033f9   Thumb Code    52  user_diskio.o(i.USER_read)
    USER_status                              0x08003435   Thumb Code    26  user_diskio.o(i.USER_status)
    USER_write                               0x08003455   Thumb Code    52  user_diskio.o(i.USER_write)
    UsageFault_Handler                       0x08003491   Thumb Code     2  stm32f1xx_it.o(i.UsageFault_Handler)
    _Error_Handler                           0x08003493   Thumb Code     2  main.o(i._Error_Handler)
    __0printf$3                              0x08003495   Thumb Code    22  printf3.o(i.__0printf$3)
    __1printf$3                              0x08003495   Thumb Code     0  printf3.o(i.__0printf$3)
    __2printf                                0x08003495   Thumb Code     0  printf3.o(i.__0printf$3)
    __scatterload_copy                       0x080034b5   Thumb Code    14  handlers.o(i.__scatterload_copy)
    __scatterload_null                       0x080034c3   Thumb Code     2  handlers.o(i.__scatterload_null)
    __scatterload_zeroinit                   0x080034c5   Thumb Code    14  handlers.o(i.__scatterload_zeroinit)
    clust2sect                               0x080037a7   Thumb Code    30  ff.o(i.clust2sect)
    disk_initialize                          0x08003bdd   Thumb Code    36  diskio.o(i.disk_initialize)
    disk_ioctl                               0x08003c05   Thumb Code    24  diskio.o(i.disk_ioctl)
    disk_read                                0x08003c21   Thumb Code    24  diskio.o(i.disk_read)
    disk_status                              0x08003c3d   Thumb Code    18  diskio.o(i.disk_status)
    disk_write                               0x08003c55   Thumb Code    24  diskio.o(i.disk_write)
    f_close                                  0x08003c71   Thumb Code    42  ff.o(i.f_close)
    f_lseek                                  0x08003c9d   Thumb Code   644  ff.o(i.f_lseek)
    f_mount                                  0x08003f21   Thumb Code    88  ff.o(i.f_mount)
    f_open                                   0x08003f7d   Thumb Code   412  ff.o(i.f_open)
    f_opendir                                0x0800411d   Thumb Code   148  ff.o(i.f_opendir)
    f_read                                   0x080041b1   Thumb Code   396  ff.o(i.f_read)
    f_sync                                   0x0800433d   Thumb Code   184  ff.o(i.f_sync)
    fputc                                    0x0800470d   Thumb Code    20  usart.o(i.fputc)
    free                                     0x08004725   Thumb Code    76  malloc.o(i.free)
    get_fat                                  0x08004775   Thumb Code   194  ff.o(i.get_fat)
    get_fattime                              0x08004837   Thumb Code     4  fatfs.o(i.get_fattime)
    main                                     0x0800492d   Thumb Code    30  main.o(i.main)
    malloc                                   0x0800494d   Thumb Code    92  malloc.o(i.malloc)
    put_fat                                  0x08004a0f   Thumb Code   248  ff.o(i.put_fat)
    AHBPrescTable                            0x08004cc6   Data          16  system_stm32f1xx.o(.constdata)
    APBPrescTable                            0x08004cd6   Data           8  system_stm32f1xx.o(.constdata)
    EPD_2IN13_lut_full_update                0x08004d8a   Data          30  epd_2in13.o(.constdata)
    EPD_2IN13_lut_partial_update             0x08004da8   Data          30  epd_2in13.o(.constdata)
    Font12_Table                             0x08004dcd   Data        1140  font12.o(.constdata)
    Font16_Table                             0x08005241   Data        3040  font16.o(.constdata)
    Font20_Table                             0x08005e21   Data        3800  font20.o(.constdata)
    Region$$Table$$Base                      0x08006e14   Number         0  anon$$obj.o(Region$$Table)
    Region$$Table$$Limit                     0x08006e34   Number         0  anon$$obj.o(Region$$Table)
    USER_Driver                              0x20000004   Data          20  user_diskio.o(.data)
    retUSER                                  0x20000018   Data           1  fatfs.o(.data)
    USERPath                                 0x20000019   Data           4  fatfs.o(.data)
    uwTickFreq                               0x20000020   Data           1  stm32f1xx_hal.o(.data)
    uwTickPrio                               0x20000024   Data           4  stm32f1xx_hal.o(.data)
    uwTick                                   0x20000028   Data           4  stm32f1xx_hal.o(.data)
    SystemCoreClock                          0x2000002c   Data           4  system_stm32f1xx.o(.data)
    SdStatus                                 0x20000038   Data           1  sd_card_drive.o(.data)
    flag_SDHC                                0x2000003a   Data           2  sd_card_drive.o(.data)
    Font12                                   0x2000003c   Data           8  font12.o(.data)
    Font16                                   0x20000044   Data           8  font16.o(.data)
    Font20                                   0x2000004c   Data           8  font20.o(.data)
    __stdout                                 0x20000054   Data           4  stdout.o(.data)
    __microlib_freelist                      0x20000058   Data           4  mvars.o(.data)
    __microlib_freelist_initialised          0x2000005c   Data           4  mvars.o(.data)
    USERFatFS                                0x20000060   Data         560  fatfs.o(.bss)
    hspi1                                    0x20000290   Data          88  spi.o(.bss)
    huart2                                   0x200002e8   Data          64  usart.o(.bss)
    disk                                     0x20000340   Data          12  ff_gen_drv.o(.bss)
    Paint_Image                              0x2000034c   Data          18  gui_paint.o(.bss)
    USERDirectory                            0x2000035e   Data         544  sd_card_app.o(.bss)
    __heap_base                              0x20000580   Data           0  startup_stm32f103xb.o(HEAP)
    __heap_limit                             0x20000980   Data           0  startup_stm32f103xb.o(HEAP)
    __initial_sp                             0x20001180   Data           0  startup_stm32f103xb.o(STACK)



==============================================================================

Memory Map of the image

  Image Entry point : 0x080000ed

  Load Region LR_IROM1 (Base: 0x08000000, Size: 0x00006e94, Max: 0x00020000, ABSOLUTE)

    Execution Region ER_IROM1 (Exec base: 0x08000000, Load base: 0x08000000, Size: 0x00006e34, Max: 0x00020000, ABSOLUTE)

    Exec Addr    Load Addr    Size         Type   Attr      Idx    E Section Name        Object

    0x08000000   0x08000000   0x000000ec   Data   RO            3    RESET               startup_stm32f103xb.o
    0x080000ec   0x080000ec   0x00000000   Code   RO         5364  * .ARM.Collect$$$$00000000  mc_w.l(entry.o)
    0x080000ec   0x080000ec   0x00000004   Code   RO         5660    .ARM.Collect$$$$00000001  mc_w.l(entry2.o)
    0x080000f0   0x080000f0   0x00000004   Code   RO         5663    .ARM.Collect$$$$00000004  mc_w.l(entry5.o)
    0x080000f4   0x080000f4   0x00000000   Code   RO         5665    .ARM.Collect$$$$00000008  mc_w.l(entry7b.o)
    0x080000f4   0x080000f4   0x00000000   Code   RO         5667    .ARM.Collect$$$$0000000A  mc_w.l(entry8b.o)
    0x080000f4   0x080000f4   0x00000008   Code   RO         5668    .ARM.Collect$$$$0000000B  mc_w.l(entry9a.o)
    0x080000fc   0x080000fc   0x00000000   Code   RO         5670    .ARM.Collect$$$$0000000D  mc_w.l(entry10a.o)
    0x080000fc   0x080000fc   0x00000000   Code   RO         5672    .ARM.Collect$$$$0000000F  mc_w.l(entry11a.o)
    0x080000fc   0x080000fc   0x00000004   Code   RO         5661    .ARM.Collect$$$$00002712  mc_w.l(entry2.o)
    0x08000100   0x08000100   0x00000024   Code   RO            4    .text               startup_stm32f103xb.o
    0x08000124   0x08000124   0x00000024   Code   RO         5369    .text               mc_w.l(memseta.o)
    0x08000148   0x08000148   0x0000002c   Code   RO         5675    .text               mc_w.l(uidiv.o)
    0x08000174   0x08000174   0x00000024   Code   RO         5696    .text               mc_w.l(init.o)
    0x08000198   0x08000198   0x00000060   Code   RO         4632    i.BSP_SD_GetCardInfo  sd_card_drive.o
    0x080001f8   0x080001f8   0x00000032   Code   RO         4633    i.BSP_SD_GetCardState  sd_card_drive.o
    0x0800022a   0x0800022a   0x00000002   PAD
    0x0800022c   0x0800022c   0x0000002c   Code   RO         4634    i.BSP_SD_Init       sd_card_drive.o
    0x08000258   0x08000258   0x000000c8   Code   RO         4635    i.BSP_SD_ReadBlocks  sd_card_drive.o
    0x08000320   0x08000320   0x000000f8   Code   RO         4636    i.BSP_SD_WriteBlocks  sd_card_drive.o
    0x08000418   0x08000418   0x00000002   Code   RO          505    i.BusFault_Handler  stm32f1xx_it.o
    0x0800041a   0x0800041a   0x00000002   PAD
    0x0800041c   0x0800041c   0x00000034   Code   RO         2822    i.DEV_Module_Exit   dev_config.o
    0x08000450   0x08000450   0x0000002c   Code   RO         2823    i.DEV_Module_Init   dev_config.o
    0x0800047c   0x0800047c   0x0000001c   Code   RO         2824    i.DEV_SPI_ReadByte  dev_config.o
    0x08000498   0x08000498   0x00000018   Code   RO         2825    i.DEV_SPI_WriteByte  dev_config.o
    0x080004b0   0x080004b0   0x00000002   Code   RO          506    i.DebugMon_Handler  stm32f1xx_it.o
    0x080004b2   0x080004b2   0x00000044   Code   RO         3850    i.EPD_2IN13_Clear   epd_2in13.o
    0x080004f6   0x080004f6   0x00000002   PAD
    0x080004f8   0x080004f8   0x0000004c   Code   RO         3851    i.EPD_2IN13_Display  epd_2in13.o
    0x08000544   0x08000544   0x00000128   Code   RO         3852    i.EPD_2IN13_Init    epd_2in13.o
    0x0800066c   0x0800066c   0x00000068   Code   RO         3853    i.EPD_2IN13_ReadBusy  epd_2in13.o
    0x080006d4   0x080006d4   0x00000038   Code   RO         3854    i.EPD_2IN13_SendCommand  epd_2in13.o
    0x0800070c   0x0800070c   0x00000038   Code   RO         3855    i.EPD_2IN13_SendData  epd_2in13.o
    0x08000744   0x08000744   0x0000002c   Code   RO         3856    i.EPD_2IN13_SetCursor  epd_2in13.o
    0x08000770   0x08000770   0x00000048   Code   RO         3857    i.EPD_2IN13_SetWindows  epd_2in13.o
    0x080007b8   0x080007b8   0x00000034   Code   RO         3858    i.EPD_2IN13_Sleep   epd_2in13.o
    0x080007ec   0x080007ec   0x00000022   Code   RO         3859    i.EPD_2IN13_TurnOnDisplay  epd_2in13.o
    0x0800080e   0x0800080e   0x00000002   PAD
    0x08000810   0x08000810   0x000002cc   Code   RO         5097    i.EPD_2IN13_test    epd_2in13_test.o
    0x08000adc   0x08000adc   0x00000006   Code   RO         2771    i.FATFS_LinkDriver  ff_gen_drv.o
    0x08000ae2   0x08000ae2   0x00000002   PAD
    0x08000ae4   0x08000ae4   0x00000040   Code   RO         2772    i.FATFS_LinkDriverEx  ff_gen_drv.o
    0x08000b24   0x08000b24   0x00000024   Code   RO         1430    i.HAL_Delay         stm32f1xx_hal.o
    0x08000b48   0x08000b48   0x000001bc   Code   RO         1723    i.HAL_GPIO_Init     stm32f1xx_hal_gpio.o
    0x08000d04   0x08000d04   0x0000000a   Code   RO         1725    i.HAL_GPIO_ReadPin  stm32f1xx_hal_gpio.o
    0x08000d0e   0x08000d0e   0x0000000a   Code   RO         1727    i.HAL_GPIO_WritePin  stm32f1xx_hal_gpio.o
    0x08000d18   0x08000d18   0x0000000c   Code   RO         1434    i.HAL_GetTick       stm32f1xx_hal.o
    0x08000d24   0x08000d24   0x00000010   Code   RO         1438    i.HAL_IncTick       stm32f1xx_hal.o
    0x08000d34   0x08000d34   0x00000024   Code   RO         1439    i.HAL_Init          stm32f1xx_hal.o
    0x08000d58   0x08000d58   0x00000040   Code   RO         1440    i.HAL_InitTick      stm32f1xx_hal.o
    0x08000d98   0x08000d98   0x00000090   Code   RO          580    i.HAL_MspInit       stm32f1xx_hal_msp.o
    0x08000e28   0x08000e28   0x00000040   Code   RO         1889    i.HAL_NVIC_SetPriority  stm32f1xx_hal_cortex.o
    0x08000e68   0x08000e68   0x00000024   Code   RO         1890    i.HAL_NVIC_SetPriorityGrouping  stm32f1xx_hal_cortex.o
    0x08000e8c   0x08000e8c   0x00000154   Code   RO         1583    i.HAL_RCC_ClockConfig  stm32f1xx_hal_rcc.o
    0x08000fe0   0x08000fe0   0x0000000c   Code   RO         1588    i.HAL_RCC_GetHCLKFreq  stm32f1xx_hal_rcc.o
    0x08000fec   0x08000fec   0x00000020   Code   RO         1590    i.HAL_RCC_GetPCLK1Freq  stm32f1xx_hal_rcc.o
    0x0800100c   0x0800100c   0x00000020   Code   RO         1591    i.HAL_RCC_GetPCLK2Freq  stm32f1xx_hal_rcc.o
    0x0800102c   0x0800102c   0x0000006c   Code   RO         1592    i.HAL_RCC_GetSysClockFreq  stm32f1xx_hal_rcc.o
    0x08001098   0x08001098   0x00000304   Code   RO         1595    i.HAL_RCC_OscConfig  stm32f1xx_hal_rcc.o
    0x0800139c   0x0800139c   0x00000082   Code   RO         1037    i.HAL_SPI_Init      stm32f1xx_hal_spi_ex.o
    0x0800141e   0x0800141e   0x00000002   PAD
    0x08001420   0x08001420   0x00000058   Code   RO          416    i.HAL_SPI_MspInit   spi.o
    0x08001478   0x08001478   0x00000150   Code   RO          654    i.HAL_SPI_Receive   stm32f1xx_hal_spi.o
    0x080015c8   0x080015c8   0x00000168   Code   RO          659    i.HAL_SPI_Transmit  stm32f1xx_hal_spi.o
    0x08001730   0x08001730   0x000001d8   Code   RO          660    i.HAL_SPI_TransmitReceive  stm32f1xx_hal_spi.o
    0x08001908   0x08001908   0x00000018   Code   RO         1892    i.HAL_SYSTICK_CLKSourceConfig  stm32f1xx_hal_cortex.o
    0x08001920   0x08001920   0x00000002   Code   RO         1893    i.HAL_SYSTICK_Callback  stm32f1xx_hal_cortex.o
    0x08001922   0x08001922   0x00000028   Code   RO         1894    i.HAL_SYSTICK_Config  stm32f1xx_hal_cortex.o
    0x0800194a   0x0800194a   0x00000008   Code   RO         1895    i.HAL_SYSTICK_IRQHandler  stm32f1xx_hal_cortex.o
    0x08001952   0x08001952   0x00000062   Code   RO         1122    i.HAL_UART_Init     stm32f1xx_hal_uart.o
    0x080019b4   0x080019b4   0x00000058   Code   RO          458    i.HAL_UART_MspInit  usart.o
    0x08001a0c   0x08001a0c   0x000000ba   Code   RO         1130    i.HAL_UART_Transmit  stm32f1xx_hal_uart.o
    0x08001ac6   0x08001ac6   0x00000002   Code   RO          507    i.HardFault_Handler  stm32f1xx_it.o
    0x08001ac8   0x08001ac8   0x0000001c   Code   RO          373    i.MX_FATFS_Init     fatfs.o
    0x08001ae4   0x08001ae4   0x000000d8   Code   RO          195    i.MX_GPIO_Init      gpio.o
    0x08001bbc   0x08001bbc   0x0000005c   Code   RO          417    i.MX_SPI1_Init      spi.o
    0x08001c18   0x08001c18   0x0000004c   Code   RO          459    i.MX_USART2_UART_Init  usart.o
    0x08001c64   0x08001c64   0x00000002   Code   RO          508    i.MemManage_Handler  stm32f1xx_it.o
    0x08001c66   0x08001c66   0x00000002   Code   RO          509    i.NMI_Handler       stm32f1xx_it.o
    0x08001c68   0x08001c68   0x00000020   Code   RO         1896    i.NVIC_SetPriority  stm32f1xx_hal_cortex.o
    0x08001c88   0x08001c88   0x00000058   Code   RO         2960    i.Paint_Clear       gui_paint.o
    0x08001ce0   0x08001ce0   0x00000034   Code   RO         2961    i.Paint_ClearWindows  gui_paint.o
    0x08001d14   0x08001d14   0x00000100   Code   RO         2963    i.Paint_DrawChar    gui_paint.o
    0x08001e14   0x08001e14   0x0000021c   Code   RO         2964    i.Paint_DrawCircle  gui_paint.o
    0x08002030   0x08002030   0x0000010c   Code   RO         2965    i.Paint_DrawLine    gui_paint.o
    0x0800213c   0x0800213c   0x000000d4   Code   RO         2966    i.Paint_DrawNum     gui_paint.o
    0x08002210   0x08002210   0x0000008c   Code   RO         2967    i.Paint_DrawPixel   gui_paint.o
    0x0800229c   0x0800229c   0x000000a0   Code   RO         2968    i.Paint_DrawPoint   gui_paint.o
    0x0800233c   0x0800233c   0x000000dc   Code   RO         2969    i.Paint_DrawRectangle  gui_paint.o
    0x08002418   0x08002418   0x0000007c   Code   RO         2971    i.Paint_DrawString_EN  gui_paint.o
    0x08002494   0x08002494   0x0000012c   Code   RO         2972    i.Paint_DrawTime    gui_paint.o
    0x080025c0   0x080025c0   0x00000050   Code   RO         2973    i.Paint_NewImage    gui_paint.o
    0x08002610   0x08002610   0x00000040   Code   RO         2975    i.Paint_SetPixel    gui_paint.o
    0x08002650   0x08002650   0x00000002   Code   RO          510    i.PendSV_Handler    stm32f1xx_it.o
    0x08002652   0x08002652   0x00000002   PAD
    0x08002654   0x08002654   0x000001a8   Code   RO         4576    i.SDCard_Init       sd_card_app.o
    0x080027fc   0x080027fc   0x00000198   Code   RO         4577    i.SDCard_ReadBMP    sd_card_app.o
    0x08002994   0x08002994   0x000000fa   Code   RO         4637    i.SD_GetCIDRegister  sd_card_drive.o
    0x08002a8e   0x08002a8e   0x00000002   PAD
    0x08002a90   0x08002a90   0x000001f4   Code   RO         4638    i.SD_GetCSDRegister  sd_card_drive.o
    0x08002c84   0x08002c84   0x00000174   Code   RO         4639    i.SD_GoIdleState    sd_card_drive.o
    0x08002df8   0x08002df8   0x0000001c   Code   RO         4722    i.SD_IO_CSState     sd_card_interface.o
    0x08002e14   0x08002e14   0x00000028   Code   RO         4724    i.SD_IO_WriteByte   sd_card_interface.o
    0x08002e3c   0x08002e3c   0x00000028   Code   RO         4726    i.SD_IO_WriteReadData  sd_card_interface.o
    0x08002e64   0x08002e64   0x00000018   Code   RO         4640    i.SD_ReadData       sd_card_drive.o
    0x08002e7c   0x08002e7c   0x000000dc   Code   RO         4641    i.SD_SendCmd        sd_card_drive.o
    0x08002f58   0x08002f58   0x00000026   Code   RO         4642    i.SD_WaitData       sd_card_drive.o
    0x08002f7e   0x08002f7e   0x00000002   PAD
    0x08002f80   0x08002f80   0x00000044   Code   RO         3090    i.SPIRAM_RD_Byte    spi_ram.o
    0x08002fc4   0x08002fc4   0x00000030   Code   RO         3093    i.SPIRAM_Set_Mode   spi_ram.o
    0x08002ff4   0x08002ff4   0x00000048   Code   RO         3095    i.SPIRAM_WR_Byte    spi_ram.o
    0x0800303c   0x0800303c   0x00000020   Code   RO          675    i.SPI_CheckFlag_BSY  stm32f1xx_hal_spi.o
    0x0800305c   0x0800305c   0x00000096   Code   RO          694    i.SPI_WaitFlagStateUntilTimeout  stm32f1xx_hal_spi.o
    0x080030f2   0x080030f2   0x00000002   Code   RO          511    i.SVC_Handler       stm32f1xx_it.o
    0x080030f4   0x080030f4   0x0000000e   Code   RO          512    i.SysTick_Handler   stm32f1xx_it.o
    0x08003102   0x08003102   0x00000068   Code   RO           13    i.SystemClock_Config  main.o
    0x0800316a   0x0800316a   0x00000002   PAD
    0x0800316c   0x0800316c   0x00000048   Code   RO         2312    i.SystemInit        system_stm32f1xx.o
    0x080031b4   0x080031b4   0x00000170   Code   RO         1148    i.UART_SetConfig    stm32f1xx_hal_uart.o
    0x08003324   0x08003324   0x00000064   Code   RO         1150    i.UART_WaitOnFlagUntilTimeout  stm32f1xx_hal_uart.o
    0x08003388   0x08003388   0x00000020   Code   RO          296    i.USER_initialize   user_diskio.o
    0x080033a8   0x080033a8   0x00000050   Code   RO          297    i.USER_ioctl        user_diskio.o
    0x080033f8   0x080033f8   0x0000003c   Code   RO          298    i.USER_read         user_diskio.o
    0x08003434   0x08003434   0x00000020   Code   RO          299    i.USER_status       user_diskio.o
    0x08003454   0x08003454   0x0000003c   Code   RO          300    i.USER_write        user_diskio.o
    0x08003490   0x08003490   0x00000002   Code   RO          513    i.UsageFault_Handler  stm32f1xx_it.o
    0x08003492   0x08003492   0x00000002   Code   RO           14    i._Error_Handler    main.o
    0x08003494   0x08003494   0x00000020   Code   RO         5460    i.__0printf$3       mc_w.l(printf3.o)
    0x080034b4   0x080034b4   0x0000000e   Code   RO         5706    i.__scatterload_copy  mc_w.l(handlers.o)
    0x080034c2   0x080034c2   0x00000002   Code   RO         5707    i.__scatterload_null  mc_w.l(handlers.o)
    0x080034c4   0x080034c4   0x0000000e   Code   RO         5708    i.__scatterload_zeroinit  mc_w.l(handlers.o)
    0x080034d2   0x080034d2   0x00000002   PAD
    0x080034d4   0x080034d4   0x000001b8   Code   RO         5467    i._printf_core      mc_w.l(printf3.o)
    0x0800368c   0x0800368c   0x00000060   Code   RO         2450    i.check_fs          ff.o
    0x080036ec   0x080036ec   0x0000006c   Code   RO         2451    i.chk_lock          ff.o
    0x08003758   0x08003758   0x00000024   Code   RO         2452    i.clear_lock        ff.o
    0x0800377c   0x0800377c   0x0000002a   Code   RO         2453    i.clmt_clust        ff.o
    0x080037a6   0x080037a6   0x0000001e   Code   RO         2454    i.clust2sect        ff.o
    0x080037c4   0x080037c4   0x000000b0   Code   RO         2455    i.create_chain      ff.o
    0x08003874   0x08003874   0x00000100   Code   RO         2456    i.create_name       ff.o
    0x08003974   0x08003974   0x0000003c   Code   RO         2457    i.dec_lock          ff.o
    0x080039b0   0x080039b0   0x0000011e   Code   RO         2458    i.dir_next          ff.o
    0x08003ace   0x08003ace   0x00000076   Code   RO         2460    i.dir_register      ff.o
    0x08003b44   0x08003b44   0x00000098   Code   RO         2462    i.dir_sdi           ff.o
    0x08003bdc   0x08003bdc   0x00000028   Code   RO         2383    i.disk_initialize   diskio.o
    0x08003c04   0x08003c04   0x0000001c   Code   RO         2384    i.disk_ioctl        diskio.o
    0x08003c20   0x08003c20   0x0000001c   Code   RO         2385    i.disk_read         diskio.o
    0x08003c3c   0x08003c3c   0x00000018   Code   RO         2386    i.disk_status       diskio.o
    0x08003c54   0x08003c54   0x0000001c   Code   RO         2387    i.disk_write        diskio.o
    0x08003c70   0x08003c70   0x0000002a   Code   RO         2464    i.f_close           ff.o
    0x08003c9a   0x08003c9a   0x00000002   PAD
    0x08003c9c   0x08003c9c   0x00000284   Code   RO         2468    i.f_lseek           ff.o
    0x08003f20   0x08003f20   0x0000005c   Code   RO         2471    i.f_mount           ff.o
    0x08003f7c   0x08003f7c   0x000001a0   Code   RO         2472    i.f_open            ff.o
    0x0800411c   0x0800411c   0x00000094   Code   RO         2473    i.f_opendir         ff.o
    0x080041b0   0x080041b0   0x0000018c   Code   RO         2477    i.f_read            ff.o
    0x0800433c   0x0800433c   0x000000b8   Code   RO         2481    i.f_sync            ff.o
    0x080043f4   0x080043f4   0x00000258   Code   RO         2486    i.find_volume       ff.o
    0x0800464c   0x0800464c   0x000000c0   Code   RO         2487    i.follow_path       ff.o
    0x0800470c   0x0800470c   0x00000018   Code   RO          460    i.fputc             usart.o
    0x08004724   0x08004724   0x00000050   Code   RO         5632    i.free              mc_w.l(malloc.o)
    0x08004774   0x08004774   0x000000c2   Code   RO         2488    i.get_fat           ff.o
    0x08004836   0x08004836   0x00000004   Code   RO          374    i.get_fattime       fatfs.o
    0x0800483a   0x0800483a   0x0000003c   Code   RO         2490    i.get_ldnumber      ff.o
    0x08004876   0x08004876   0x00000002   PAD
    0x08004878   0x08004878   0x000000a0   Code   RO         2491    i.inc_lock          ff.o
    0x08004918   0x08004918   0x00000014   Code   RO         2492    i.ld_clust          ff.o
    0x0800492c   0x0800492c   0x0000001e   Code   RO           15    i.main              main.o
    0x0800494a   0x0800494a   0x00000002   PAD
    0x0800494c   0x0800494c   0x0000006c   Code   RO         5633    i.malloc            mc_w.l(malloc.o)
    0x080049b8   0x080049b8   0x00000012   Code   RO         2493    i.mem_cpy           ff.o
    0x080049ca   0x080049ca   0x0000000e   Code   RO         2494    i.mem_set           ff.o
    0x080049d8   0x080049d8   0x00000036   Code   RO         2495    i.move_window       ff.o
    0x08004a0e   0x08004a0e   0x000000f8   Code   RO         2496    i.put_fat           ff.o
    0x08004b06   0x08004b06   0x0000006e   Code   RO         2498    i.remove_chain      ff.o
    0x08004b74   0x08004b74   0x00000010   Code   RO         2499    i.st_clust          ff.o
    0x08004b84   0x08004b84   0x000000b6   Code   RO         2500    i.sync_fs           ff.o
    0x08004c3a   0x08004c3a   0x00000060   Code   RO         2501    i.sync_window       ff.o
    0x08004c9a   0x08004c9a   0x0000002c   Code   RO         2502    i.validate          ff.o
    0x08004cc6   0x08004cc6   0x00000010   Data   RO         2313    .constdata          system_stm32f1xx.o
    0x08004cd6   0x08004cd6   0x00000008   Data   RO         2314    .constdata          system_stm32f1xx.o
    0x08004cde   0x08004cde   0x000000ac   Data   RO         2504    .constdata          ff.o
    0x08004d8a   0x08004d8a   0x0000003c   Data   RO         3860    .constdata          epd_2in13.o
    0x08004dc6   0x08004dc6   0x00000002   PAD
    0x08004dc8   0x08004dc8   0x00000005   Data   RO         4643    .constdata          sd_card_drive.o
    0x08004dcd   0x08004dcd   0x00000474   Data   RO         4781    .constdata          font12.o
    0x08005241   0x08005241   0x00000be0   Data   RO         4795    .constdata          font16.o
    0x08005e21   0x08005e21   0x00000ed8   Data   RO         4809    .constdata          font20.o
    0x08006cf9   0x08006cf9   0x00000003   PAD
    0x08006cfc   0x08006cfc   0x000000cd   Data   RO         2977    .conststring        gui_paint.o
    0x08006dc9   0x08006dc9   0x00000003   PAD
    0x08006dcc   0x08006dcc   0x00000047   Data   RO         4580    .conststring        sd_card_app.o
    0x08006e13   0x08006e13   0x00000001   PAD
    0x08006e14   0x08006e14   0x00000020   Data   RO         5704    Region$$Table       anon$$obj.o


    Execution Region RW_IRAM1 (Exec base: 0x20000000, Load base: 0x08006e34, Size: 0x00001180, Max: 0x00005000, ABSOLUTE)

    Exec Addr    Load Addr    Size         Type   Attr      Idx    E Section Name        Object

    0x20000000   0x08006e34   0x00000001   Data   RW          301    .data               user_diskio.o
    0x20000001   0x08006e35   0x00000003   PAD
    0x20000004   0x08006e38   0x00000014   Data   RW          302    .data               user_diskio.o
    0x20000018   0x08006e4c   0x00000005   Data   RW          377    .data               fatfs.o
    0x2000001d   0x08006e51   0x00000003   PAD
    0x20000020   0x08006e54   0x0000000c   Data   RW         1446    .data               stm32f1xx_hal.o
    0x2000002c   0x08006e60   0x00000004   Data   RW         2315    .data               system_stm32f1xx.o
    0x20000030   0x08006e64   0x00000008   Data   RW         2505    .data               ff.o
    0x20000038   0x08006e6c   0x00000004   Data   RW         4644    .data               sd_card_drive.o
    0x2000003c   0x08006e70   0x00000008   Data   RW         4782    .data               font12.o
    0x20000044   0x08006e78   0x00000008   Data   RW         4796    .data               font16.o
    0x2000004c   0x08006e80   0x00000008   Data   RW         4810    .data               font20.o
    0x20000054   0x08006e88   0x00000004   Data   RW         5674    .data               mc_w.l(stdout.o)
    0x20000058   0x08006e8c   0x00000004   Data   RW         5683    .data               mc_w.l(mvars.o)
    0x2000005c   0x08006e90   0x00000004   Data   RW         5684    .data               mc_w.l(mvars.o)
    0x20000060        -       0x00000230   Zero   RW          375    .bss                fatfs.o
    0x20000290        -       0x00000058   Zero   RW          418    .bss                spi.o
    0x200002e8        -       0x00000040   Zero   RW          461    .bss                usart.o
    0x20000328        -       0x00000018   Zero   RW         2503    .bss                ff.o
    0x20000340        -       0x0000000c   Zero   RW         2775    .bss                ff_gen_drv.o
    0x2000034c        -       0x00000012   Zero   RW         2976    .bss                gui_paint.o
    0x2000035e        -       0x00000220   Zero   RW         4579    .bss                sd_card_app.o
    0x2000057e   0x08006e94   0x00000002   PAD
    0x20000580        -       0x00000400   Zero   RW            2    HEAP                startup_stm32f103xb.o
    0x20000980        -       0x00000800   Zero   RW            1    STACK               startup_stm32f103xb.o


==============================================================================

Image component sizes


      Code (inc. data)   RO Data    RW Data    ZI Data      Debug   Object Name

       148         32          0          0          0       5283   dev_config.o
       148         22          0          0          0       9557   diskio.o
         0          0          0          0          0       1534   epd_1in54c.o
       858        176         60          0          0       7311   epd_2in13.o
       716        102          0          0          0        985   epd_2in13_test.o
        32         10          0          5        560       1516   fatfs.o
      5290         70        172          8         24      38279   ff.o
        70          4          0          0         12       1919   ff_gen_drv.o
         0          0       1140          8          0       1433   font12.o
         0          0       3040          8          0       1433   font16.o
         0          0       3800          8          0       1433   font20.o
       216         18          0          0          0     374671   gpio.o
      2504        326        205          0         18      16022   gui_paint.o
       136          0          0          0          0      39493   main.o
       832        470         71          0        544       6054   sd_card_app.o
      2042         44          5          4          0      11263   sd_card_drive.o
       108         18          0          0          0       2188   sd_card_interface.o
       180         40          0          0         88       1665   spi.o
       188         16          0          0          0       2064   spi_ram.o
        36          8        236          0       3072        820   startup_stm32f103xb.o
       164         28          0         12          0       4633   stm32f1xx_hal.o
       206         14          0          0          0      27676   stm32f1xx_hal_cortex.o
       464         36          0          0          0       3959   stm32f1xx_hal_gpio.o
       144         10          0          0          0        946   stm32f1xx_hal_msp.o
      1296        104          0          0          0       6432   stm32f1xx_hal_rcc.o
      1350          0          0          0          0     414499   stm32f1xx_hal_spi.o
       130          0          0          0          0       1291   stm32f1xx_hal_spi_ex.o
       752          4          0          0          0       4484   stm32f1xx_hal_uart.o
        30          0          0          0          0       3978   stm32f1xx_it.o
        72         16         24          4          0       1499   system_stm32f1xx.o
       188         42          0          0         64       2218   usart.o
       264         34          0         21          0       8964   user_diskio.o

    ----------------------------------------------------------------------
     18590       1644       8794         84       4384    1005502   Object Totals
         0          0         32          0          0          0   (incl. Generated)
        26          0          9          6          2          0   (incl. Padding)

    ----------------------------------------------------------------------

      Code (inc. data)   RO Data    RW Data    ZI Data      Debug   Library Member Name

         0          0          0          0          0          0   entry.o
         0          0          0          0          0          0   entry10a.o
         0          0          0          0          0          0   entry11a.o
         8          4          0          0          0          0   entry2.o
         4          0          0          0          0          0   entry5.o
         0          0          0          0          0          0   entry7b.o
         0          0          0          0          0          0   entry8b.o
         8          4          0          0          0          0   entry9a.o
        30          0          0          0          0          0   handlers.o
        36          8          0          0          0         68   init.o
       188         20          0          0          0        160   malloc.o
        36          0          0          0          0        108   memseta.o
         0          0          0          8          0          0   mvars.o
       472         14          0          0          0        184   printf3.o
         0          0          0          4          0          0   stdout.o
        44          0          0          0          0         80   uidiv.o

    ----------------------------------------------------------------------
       828         50          0         12          0        600   Library Totals
         2          0          0          0          0          0   (incl. Padding)

    ----------------------------------------------------------------------

      Code (inc. data)   RO Data    RW Data    ZI Data      Debug   Library Name

       826         50          0         12          0        600   mc_w.l

    ----------------------------------------------------------------------
       828         50          0         12          0        600   Library Totals

    ----------------------------------------------------------------------

==============================================================================


      Code (inc. data)   RO Data    RW Data    ZI Data      Debug   

     19418       1694       8794         96       4384     998714   Grand Totals
     19418       1694       8794         96       4384     998714   ELF Image Totals
     19418       1694       8794         96          0          0   ROM Totals

==============================================================================

    Total RO  Size (Code + RO Data)                28212 (  27.55kB)
    Total RW  Size (RW Data + ZI Data)              4480 (   4.38kB)
    Total ROM Size (Code + RO Data + RW Data)      28308 (  27.64kB)

==============================================================================

